Archive member included to satisfy reference by file (symbol)

C:/devkitPro/devkitARM/bin/../lib/gcc/arm-none-eabi/15.2.0/thumb\libgcc.a(_sync_none.o)
                              (__sync_synchronize_none)

Discarded input sections

 .text          0x00000000        0x0 C:/devkitPro/devkitARM/bin/../lib/gcc/arm-none-eabi/15.2.0/../../../../arm-none-eabi/lib/thumb/gba_crt0.o
 .data          0x00000000        0x0 C:/devkitPro/devkitARM/bin/../lib/gcc/arm-none-eabi/15.2.0/../../../../arm-none-eabi/lib/thumb/gba_crt0.o
 .bss           0x00000000        0x0 C:/devkitPro/devkitARM/bin/../lib/gcc/arm-none-eabi/15.2.0/../../../../arm-none-eabi/lib/thumb/gba_crt0.o
 .text          0x00000000        0x0 C:/devkitPro/devkitARM/bin/../lib/gcc/arm-none-eabi/15.2.0/thumb/crti.o
 .data          0x00000000        0x0 C:/devkitPro/devkitARM/bin/../lib/gcc/arm-none-eabi/15.2.0/thumb/crti.o
 .bss           0x00000000        0x0 C:/devkitPro/devkitARM/bin/../lib/gcc/arm-none-eabi/15.2.0/thumb/crti.o
 .text          0x00000000        0x0 C:/devkitPro/devkitARM/bin/../lib/gcc/arm-none-eabi/15.2.0/thumb/crtbegin.o
 .data          0x00000000        0x0 C:/devkitPro/devkitARM/bin/../lib/gcc/arm-none-eabi/15.2.0/thumb/crtbegin.o
 .bss           0x00000000        0x0 C:/devkitPro/devkitARM/bin/../lib/gcc/arm-none-eabi/15.2.0/thumb/crtbegin.o
 .rodata.all_implied_fbits
                0x00000000       0x24 C:/devkitPro/devkitARM/bin/../lib/gcc/arm-none-eabi/15.2.0/thumb/crtbegin.o
 .data.__dso_handle
                0x00000000        0x4 C:/devkitPro/devkitARM/bin/../lib/gcc/arm-none-eabi/15.2.0/thumb/crtbegin.o
 .text          0x00000000        0x0 bn_audio_soundbank.bin.o
 .data          0x00000000        0x0 bn_audio_soundbank.bin.o
 .bss           0x00000000        0x0 bn_audio_soundbank.bin.o
 .text          0x00000000        0x0 blue_bg_bn_gfx.o
 .data          0x00000000        0x0 blue_bg_bn_gfx.o
 .bss           0x00000000        0x0 blue_bg_bn_gfx.o
 .rodata        0x00000000     0x13c0 blue_bg_bn_gfx.o
 .text          0x00000000        0x0 blue_sprite_bn_gfx.o
 .data          0x00000000        0x0 blue_sprite_bn_gfx.o
 .bss           0x00000000        0x0 blue_sprite_bn_gfx.o
 .rodata        0x00000000      0x820 blue_sprite_bn_gfx.o
 .text          0x00000000        0x0 caveman_bn_gfx.o
 .data          0x00000000        0x0 caveman_bn_gfx.o
 .bss           0x00000000        0x0 caveman_bn_gfx.o
 .rodata        0x00000000      0x820 caveman_bn_gfx.o
 .text          0x00000000        0x0 green_bg_bn_gfx.o
 .data          0x00000000        0x0 green_bg_bn_gfx.o
 .bss           0x00000000        0x0 green_bg_bn_gfx.o
 .rodata        0x00000000     0x13c0 green_bg_bn_gfx.o
 .text          0x00000000        0x0 green_sprite_bn_gfx.o
 .data          0x00000000        0x0 green_sprite_bn_gfx.o
 .bss           0x00000000        0x0 green_sprite_bn_gfx.o
 .rodata        0x00000000      0x820 green_sprite_bn_gfx.o
 .text          0x00000000        0x0 ima_bn_gfx.o
 .data          0x00000000        0x0 ima_bn_gfx.o
 .bss           0x00000000        0x0 ima_bn_gfx.o
 .text          0x00000000        0x0 ima2_bn_gfx.o
 .data          0x00000000        0x0 ima2_bn_gfx.o
 .bss           0x00000000        0x0 ima2_bn_gfx.o
 .text          0x00000000        0x0 ima3_bn_gfx.o
 .data          0x00000000        0x0 ima3_bn_gfx.o
 .bss           0x00000000        0x0 ima3_bn_gfx.o
 .text          0x00000000        0x0 imaback_bn_gfx.o
 .data          0x00000000        0x0 imaback_bn_gfx.o
 .bss           0x00000000        0x0 imaback_bn_gfx.o
 .text          0x00000000        0x0 ninja_bn_gfx.o
 .data          0x00000000        0x0 ninja_bn_gfx.o
 .bss           0x00000000        0x0 ninja_bn_gfx.o
 .rodata        0x00000000      0x820 ninja_bn_gfx.o
 .text          0x00000000        0x0 red_bg_bn_gfx.o
 .data          0x00000000        0x0 red_bg_bn_gfx.o
 .bss           0x00000000        0x0 red_bg_bn_gfx.o
 .rodata        0x00000000     0x13c0 red_bg_bn_gfx.o
 .text          0x00000000        0x0 red_sprite_bn_gfx.o
 .data          0x00000000        0x0 red_sprite_bn_gfx.o
 .bss           0x00000000        0x0 red_sprite_bn_gfx.o
 .rodata        0x00000000      0x820 red_sprite_bn_gfx.o
 .text          0x00000000        0x0 yellow_bg_bn_gfx.o
 .data          0x00000000        0x0 yellow_bg_bn_gfx.o
 .bss           0x00000000        0x0 yellow_bg_bn_gfx.o
 .rodata        0x00000000     0x13c0 yellow_bg_bn_gfx.o
 .text          0x00000000        0x0 yellow_sprite_bn_gfx.o
 .data          0x00000000        0x0 yellow_sprite_bn_gfx.o
 .bss           0x00000000        0x0 yellow_sprite_bn_gfx.o
 .rodata        0x00000000      0x820 yellow_sprite_bn_gfx.o
 .text          0x00000000        0x0 common_fixed_8x16_font_bn_gfx.o
 .data          0x00000000        0x0 common_fixed_8x16_font_bn_gfx.o
 .bss           0x00000000        0x0 common_fixed_8x16_font_bn_gfx.o
 .rodata        0x00000000     0x1ba0 common_fixed_8x16_font_bn_gfx.o
[...]
Memory Configuration

Name             Origin             Length             Attributes
rom              0x08000000         0x02000000
iwram            0x03000000         0x00008000
ewram            0x02000000         0x00040000
*default*        0x00000000         0xffffffff

Linker script and memory map

                0x00000000                        __sync_synchronize = __sync_synchronize_none
                0x08000000                        __text_start = ORIGIN (rom)
                0x02040000                        __eheap_end = (ORIGIN (ewram) + LENGTH (ewram))
                0x03000000                        __iwram_start = ORIGIN (iwram)
                0x03008000                        __iwram_top = (ORIGIN (iwram) + LENGTH (iwram))
                0x03007fa0                        __sp_irq = (__iwram_top - 0x60)
                0x03007f00                        __sp_usr = (__sp_irq - 0xa0)
                0x03007ff8                        __irq_flags = 0x3007ff8
                0x08000000                        . = __text_start

.crt0           0x08000000      0x210
 *(.crt0)
 .crt0          0x08000000      0x210 C:/devkitPro/devkitARM/bin/../lib/gcc/arm-none-eabi/15.2.0/../../../../arm-none-eabi/lib/thumb/gba_crt0.o
                0x08000000                _start
                0x080000c4                __boot_method
                0x080000c5                __slave_number
                0x080000e0                start_vector
                0x08000210                        . = ALIGN (0x4)

.init           0x08000210        0xc
 *(SORT_NONE(.init))
 .init          0x08000210        0x4 C:/devkitPro/devkitARM/bin/../lib/gcc/arm-none-eabi/15.2.0/thumb/crti.o
                0x08000210                _init
 .init          0x08000214        0x8 C:/devkitPro/devkitARM/bin/../lib/gcc/arm-none-eabi/15.2.0/thumb/crtn.o

.plt            0x0800021c        0x0
 *(.plt)
                0x0800021c                        . = ALIGN (0x4)

.text           0x08000220    0x13e08
 *(EXCLUDE_FILE(*.iwram*) .text*)
 .text.__do_global_dtors_aux
                0x08000220       0x2c C:/devkitPro/devkitARM/bin/../lib/gcc/arm-none-eabi/15.2.0/thumb/crtbegin.o
 .text.frame_dummy
                0x0800024c       0x24 C:/devkitPro/devkitARM/bin/../lib/gcc/arm-none-eabi/15.2.0/thumb/crtbegin.o
 .text._ZZ4mainENKUlvE_clEv
                0x08000270      0x214 main.o
 .text._Z20obtener_grupo_imageni
                0x08000484       0x2c main.o
                0x08000484                _Z20obtener_grupo_imageni
 .text._Z18mostrar_cara_cartaR5Carta
                0x080004b0       0x5c main.o
                0x080004b0                _Z18mostrar_cara_cartaR5Carta
 .text._ZN3_bn6assert9show_argsIJA19_ciA4_ciEEEvPKcS5_S5_iDpRKT_
                0x0800050c       0x64 main.o
                0x0800050c                _ZN3_bn6assert9show_argsIJA19_ciA4_ciEEEvPKcS5_S5_iDpRKT_
 .text._ZN3_bn6assert9show_argsIJA16_ciA4_ciEEEvPKcS5_S5_iDpRKT_
                0x08000570       0x64 main.o
                0x08000570                _ZN3_bn6assert9show_argsIJA16_ciA4_ciEEEvPKcS5_S5_iDpRKT_
 .text._ZN2bn7ivectorI5CartaEixEi
                0x080005d4       0x54 main.o
                0x080005d4                _ZN2bn7ivectorI5CartaEixEi
 .text.startup.main
                0x08000628      0x5e0 main.o
                0x08000628                main
 .text._ZN3_bn6assert9show_argsIA16_ciEEvPKcS4_S4_iRKT_RKT0_
                0x08000c08       0x54 common_info.o
                0x08000c08                _ZN3_bn6assert9show_argsIA16_ciEEvPKcS4_S4_iRKT_RKT0_
 .text._ZN3_bn6assert9show_argsIA15_ciEEvPKcS4_S4_iRKT_RKT0_
                0x08000c5c       0x54 common_stats.o
                0x08000c5c                _ZN3_bn6assert9show_argsIA15_ciEEvPKcS4_S4_iRKT_RKT0_
 .text._ZN3_bn6assert9show_argsIA15_cEEvPKcS4_S4_iRKT_
                0x08000cb0       0x48 bn_affine_bg_animate_actions.o
                0x08000cb0                _ZN3_bn6assert9show_argsIA15_cEEvPKcS4_S4_iRKT_
 .text._ZN3_bn6assert9show_argsIA24_ciEEvPKcS4_S4_iRKT_RKT0_
                0x08000cf8       0x54 bn_affine_bg_animate_actions.o
                0x08000cf8                _ZN3_bn6assert9show_argsIA24_ciEEvPKcS4_S4_iRKT_RKT0_
 .text._ZN3_bn6assert9show_argsIA28_ciEEvPKcS4_S4_iRKT_RKT0_
                0x08000d4c       0x54 bn_affine_bg_animate_actions.o
                0x08000d4c                _ZN3_bn6assert9show_argsIA28_ciEEvPKcS4_S4_iRKT_RKT0_
 .text._ZN2bn13audio_manager4initEv
                0x08000da0       0x60 bn_audio_manager.bn_noflto.o
                0x08000da0                _ZN2bn13audio_manager4initEv
 .text._ZN2bn13audio_manager7disableEv
                0x08000e00       0x10 bn_audio_manager.bn_noflto.o
                0x08000e00                _ZN2bn13audio_manager7disableEv
 .text._ZN2bn13audio_manager10sound_dataEt
                0x08000e10       0x6c bn_audio_manager.bn_noflto.o
                0x08000e10                _ZN2bn13audio_manager10sound_dataEt
 .text._ZN2bn13audio_manager6updateEv
                0x08000e7c       0x18 bn_audio_manager.bn_noflto.o
                0x08000e7c                _ZN2bn13audio_manager6updateEv
 .text._ZN2bn13audio_manager13vblank_commitEv
                0x08000e94       0x2c bn_audio_manager.bn_noflto.o
                0x08000e94                _ZN2bn13audio_manager13vblank_commitEv
 .text._ZN2bn13audio_manager14delayed_commitEv
                0x08000ec0       0x34 bn_audio_manager.bn_noflto.o
                0x08000ec0                _ZN2bn13audio_manager14delayed_commitEv
 .text._ZN2bn13audio_manager4stopEv
                0x08000ef4       0x78 bn_audio_manager.bn_noflto.o
                0x08000ef4                _ZN2bn13audio_manager4stopEv
 .text._ZN3_bn6assert9show_argsIA18_ciEEvPKcS4_S4_iRKT_RKT0_
                0x08000f6c       0x54 bn_audio_manager.bn_noflto.o
                0x08000f6c                _ZN3_bn6assert9show_argsIA18_ciEEvPKcS4_S4_iRKT_RKT0_
 .text._ZN3_bn6assert9show_argsIA14_ciEEvPKcS4_S4_iRKT_RKT0_
                0x08000fc0       0x54 bn_audio_manager.bn_noflto.o
                0x08000fc0                _ZN3_bn6assert9show_argsIA14_ciEEvPKcS4_S4_iRKT_RKT0_
 .text._ZN3_bn6assert9show_argsIA26_ciEEvPKcS4_S4_iRKT_RKT0_
                0x08001014       0x54 bn_audio_manager.bn_noflto.o
                0x08001014                _ZN3_bn6assert9show_argsIA26_ciEEvPKcS4_S4_iRKT_RKT0_
 .text._ZN3_bn6assert9show_argsIA33_cEEvPKcS4_S4_iRKT_
                0x08001068       0x48 bn_audio_manager.bn_noflto.o
                0x08001068                _ZN3_bn6assert9show_argsIA33_cEEvPKcS4_S4_iRKT_
 .text._ZN3_bn6assert9show_argsIA25_cEEvPKcS4_S4_iRKT_
                0x080010b0       0x48 bn_audio_manager.bn_noflto.o
                0x080010b0                _ZN3_bn6assert9show_argsIA25_cEEvPKcS4_S4_iRKT_
 .text._ZN3_bn6assert9show_argsIA24_cEEvPKcS4_S4_iRKT_
                0x080010f8       0x48 bn_audio_manager.bn_noflto.o
                0x080010f8                _ZN3_bn6assert9show_argsIA24_cEEvPKcS4_S4_iRKT_
 .text._ZN3_bn6assert9show_argsIA20_cEEvPKcS4_S4_iRKT_
                0x08001140       0x48 bn_audio_manager.bn_noflto.o
                0x08001140                _ZN3_bn6assert9show_argsIA20_cEEvPKcS4_S4_iRKT_
 .text._ZN3_bn6assert9show_argsIA26_cEEvPKcS4_S4_iRKT_
                0x08001188       0x48 bn_audio_manager.bn_noflto.o
                0x08001188                _ZN3_bn6assert9show_argsIA26_cEEvPKcS4_S4_iRKT_
 .text._ZN3_bn6assert9show_argsIA21_cEEvPKcS4_S4_iRKT_
                0x080011d0       0x48 bn_audio_manager.bn_noflto.o
                0x080011d0                _ZN3_bn6assert9show_argsIA21_cEEvPKcS4_S4_iRKT_
 .text._ZN3_bn6assert9show_argsIA32_cEEvPKcS4_S4_iRKT_
                0x08001218       0x48 bn_audio_manager.bn_noflto.o
                0x08001218                _ZN3_bn6assert9show_argsIA32_cEEvPKcS4_S4_iRKT_
 .text._ZN3_bn6assert9show_argsIA22_cEEvPKcS4_S4_iRKT_
                0x08001260       0x48 bn_audio_manager.bn_noflto.o
                0x08001260                _ZN3_bn6assert9show_argsIA22_cEEvPKcS4_S4_iRKT_
 .text._ZN3_bn6assert9show_argsIA25_ciEEvPKcS4_S4_iRKT_RKT0_
                0x080012a8       0x54 bn_audio_manager.bn_noflto.o
                0x080012a8                _ZN3_bn6assert9show_argsIA25_ciEEvPKcS4_S4_iRKT_RKT0_
 .text._ZN2bn13audio_manager16execute_commandsEv
                0x080012fc      0x788 bn_audio_manager.bn_noflto.o
                0x080012fc                _ZN2bn13audio_manager16execute_commandsEv
 .text._ZN3_bn6assert9show_argsIA17_cEEvPKcS4_S4_iRKT_
                0x08001a84       0x48 bn_audio_manager.bn_noflto.o
                0x08001a84                _ZN3_bn6assert9show_argsIA17_cEEvPKcS4_S4_iRKT_
 .text._ZN2bn14iunordered_mapIjNS_13audio_manager15sound_data_typeENS_15identity_hasherENS_8equal_toIjEEEclEjRKj
                0x08001acc      0x11c bn_audio_manager.bn_noflto.o
                0x08001acc                _ZN2bn14iunordered_mapIjNS_13audio_manager15sound_data_typeENS_15identity_hasherENS_8equal_toIjEEEclEjRKj
 .text._ZN2bn13audio_manager10play_soundEiNS_10sound_itemE
                0x08001be8       0xc4 bn_audio_manager.bn_noflto.o
                0x08001be8                _ZN2bn13audio_manager10play_soundEiNS_10sound_itemE
 .text._ZNK2bn10sound_item4playEv
                0x08001cac       0x10 bn_audio_manager.bn_noflto.o
                0x08001cac                _ZNK2bn10sound_item4playEv
 .text._ZN2bn18best_fit_allocator4freeEPv
                0x08001cbc      0x110 bn_best_fit_allocator.o
                0x08001cbc                _ZN2bn18best_fit_allocator4freeEPv
 .text._ZN3_bn6assert9show_argsIA23_cEEvPKcS4_S4_iRKT_
                0x08001dcc       0x48 bn_best_fit_allocator.o
                0x08001dcc                _ZN3_bn6assert9show_argsIA23_cEEvPKcS4_S4_iRKT_
 .text._ZN3_bn6assert9show_argsIA20_ciEEvPKcS4_S4_iRKT_RKT0_
                0x08001e14       0x54 bn_best_fit_allocator.o
                0x08001e14                _ZN3_bn6assert9show_argsIA20_ciEEvPKcS4_S4_iRKT_RKT0_
 .text._ZN3_bn6assert9show_argsIA14_cEEvPKcS4_S4_iRKT_
                0x08001e68       0x48 bn_best_fit_allocator.o
                0x08001e68                _ZN3_bn6assert9show_argsIA14_cEEvPKcS4_S4_iRKT_
 .text._ZN2bn18best_fit_allocator5resetEPvi
                0x08001eb0       0xd4 bn_best_fit_allocator.o
                0x08001eb0                _ZN2bn18best_fit_allocator5resetEPvi
 .text._ZN2bn17bg_blocks_manager12_GLOBAL__N_1L17_hw_commit_offsetEPKtjtPt
                0x08001f84       0x74 bn_bg_blocks_manager.o
 .text._ZN2bn13ostringstream11append_argsIiJA4_ciEEEvRKT_DpRKT0_.isra.0
                0x08001ff8       0x24 bn_bg_blocks_manager.o
 .text._ZNK2bn18regular_bg_map_ptr2idEv
                0x0800201c       0x18 bn_bg_blocks_manager.o
                0x0800201c                _ZNK2bn18regular_bg_map_ptr2idEv
 .text._ZNK2bn18regular_bg_map_ptr10dimensionsEv
                0x08002034       0x20 bn_bg_blocks_manager.o
                0x08002034                _ZNK2bn18regular_bg_map_ptr10dimensionsEv
 .text._ZNK2bn18regular_bg_map_ptr3bppEv
                0x08002054       0x1c bn_bg_blocks_manager.o
                0x08002054                _ZNK2bn18regular_bg_map_ptr3bppEv
 .text._ZNK2bn20regular_bg_tiles_ptr3cbbEv
                0x08002070       0x18 bn_bg_blocks_manager.o
                0x08002070                _ZNK2bn20regular_bg_tiles_ptr3cbbEv
 .text._ZNK2bn17affine_bg_map_ptr2idEv
                0x08002088       0x18 bn_bg_blocks_manager.o
                0x08002088                _ZNK2bn17affine_bg_map_ptr2idEv
 .text._ZNK2bn17affine_bg_map_ptr10dimensionsEv
                0x080020a0       0x20 bn_bg_blocks_manager.o
                0x080020a0                _ZNK2bn17affine_bg_map_ptr10dimensionsEv
 .text._ZNK2bn19affine_bg_tiles_ptr3cbbEv
                0x080020c0       0x18 bn_bg_blocks_manager.o
                0x080020c0                _ZNK2bn19affine_bg_tiles_ptr3cbbEv
 .text._ZN2bn17bg_blocks_manager4initEv
                0x080020d8       0x94 bn_bg_blocks_manager.o
                0x080020d8                _ZN2bn17bg_blocks_manager4initEv
 .text._ZN2bn17bg_blocks_manager11must_commitEi
                0x0800216c       0x18 bn_bg_blocks_manager.o
                0x0800216c                _ZN2bn17bg_blocks_manager11must_commitEi
 .text._ZN2bn17bg_blocks_manager6updateEv
                0x08002184      0x254 bn_bg_blocks_manager.o
                0x08002184                _ZN2bn17bg_blocks_manager6updateEv
 .text._ZN3_bn6assert9show_argsIJA22_ciA4_ciEEEvPKcS5_S5_iDpRKT_
                0x080023d8       0x58 bn_bg_blocks_manager.o
                0x080023d8                _ZN3_bn6assert9show_argsIJA22_ciA4_ciEEEvPKcS5_S5_iDpRKT_
 .text._ZN3_bn6assert9show_argsIJA58_ciA4_ciEEEvPKcS5_S5_iDpRKT_
                0x08002430       0x58 bn_bg_blocks_manager.o
                0x08002430                _ZN3_bn6assert9show_argsIJA58_ciA4_ciEEEvPKcS5_S5_iDpRKT_
 .text._ZN3_bn6assert9show_argsIA27_ciEEvPKcS4_S4_iRKT_RKT0_
                0x08002488       0x54 bn_bg_blocks_manager.o
                0x08002488                _ZN3_bn6assert9show_argsIA27_ciEEvPKcS4_S4_iRKT_RKT0_
 .text._ZN2bn17bg_blocks_manager12_GLOBAL__N_1L10_hw_commitEPKtNS_16compression_typeEibPt
                0x080024dc       0x68 bn_bg_blocks_manager.o
 .text._ZN3_bn6assert9show_argsIA19_cEEvPKcS4_S4_iRKT_
                0x08002544       0x48 bn_bg_blocks_manager.o
                0x08002544                _ZN3_bn6assert9show_argsIA19_cEEvPKcS4_S4_iRKT_
 .text._ZN3_bn6assert9show_argsIA22_ciEEvPKcS4_S4_iRKT_RKT0_
                0x0800258c       0x54 bn_bg_blocks_manager.o
                0x0800258c                _ZN3_bn6assert9show_argsIA22_ciEEvPKcS4_S4_iRKT_RKT0_
 .text._ZN3_bn6assert9show_argsIA31_cEEvPKcS4_S4_iRKT_
                0x080025e0       0x48 bn_bg_blocks_manager.o
                0x080025e0                _ZN3_bn6assert9show_argsIA31_cEEvPKcS4_S4_iRKT_
 .text._ZNK2bn18regular_bg_map_ptr5tilesEv
                0x08002628       0x48 bn_bg_blocks_manager.o
                0x08002628                _ZNK2bn18regular_bg_map_ptr5tilesEv
 .text._ZNK2bn17affine_bg_map_ptr5tilesEv
                0x08002670       0x48 bn_bg_blocks_manager.o
                0x08002670                _ZNK2bn17affine_bg_map_ptr5tilesEv
 .text._ZN2bn17bg_blocks_manager21update_affine_map_rowEiii
                0x080026b8      0x160 bn_bg_blocks_manager.o
                0x080026b8                _ZN2bn17bg_blocks_manager21update_affine_map_rowEiii
 .text._ZN2bn17bg_blocks_manager28update_affine_map_bottom_rowEiii
                0x08002818       0x30 bn_bg_blocks_manager.o
                0x08002818                _ZN2bn17bg_blocks_manager28update_affine_map_bottom_rowEiii
 .text._ZN2bn17bg_blocks_manager22update_regular_map_rowEiii
                0x08002848      0x184 bn_bg_blocks_manager.o
                0x08002848                _ZN2bn17bg_blocks_manager22update_regular_map_rowEiii
 .text._ZN2bn17bg_blocks_manager22update_regular_map_colEiii
                0x080029cc      0x1dc bn_bg_blocks_manager.o
                0x080029cc                _ZN2bn17bg_blocks_manager22update_regular_map_colEiii
 .text._ZN2bn17bg_blocks_manager23set_affine_map_positionEiii
                0x08002ba8      0x1f0 bn_bg_blocks_manager.o
                0x08002ba8                _ZN2bn17bg_blocks_manager23set_affine_map_positionEiii
 .text._ZN2bn17bg_blocks_manager24set_regular_map_positionEiii
                0x08002d98      0x214 bn_bg_blocks_manager.o
                0x08002d98                _ZN2bn17bg_blocks_manager24set_regular_map_positionEiii
 .text._ZN2bn17bg_blocks_manager21update_affine_map_colEiii
                0x08002fac      0x314 bn_bg_blocks_manager.o
                0x08002fac                _ZN2bn17bg_blocks_manager21update_affine_map_colEiii
 .text._ZN2bn17bg_blocks_manager27update_affine_map_right_colEiii
                0x080032c0       0x30 bn_bg_blocks_manager.o
                0x080032c0                _ZN2bn17bg_blocks_manager27update_affine_map_right_colEiii
 .text._ZN2bn17bg_blocks_manager12_GLOBAL__N_1L12_commit_itemERKNS1_9item_typeEb
                0x080032f0      0x1cc bn_bg_blocks_manager.o
 .text._ZN2bn17bg_blocks_manager19commit_uncompressedEb
                0x080034bc       0xf0 bn_bg_blocks_manager.o
                0x080034bc                _ZN2bn17bg_blocks_manager19commit_uncompressedEb
 .text._ZN2bn17bg_blocks_manager17commit_compressedEv
                0x080035ac       0x48 bn_bg_blocks_manager.o
                0x080035ac                _ZN2bn17bg_blocks_manager17commit_compressedEv
 .text._ZN3_bn6assert9show_argsIA39_ciEEvPKcS4_S4_iRKT_RKT0_
                0x080035f4       0x54 bn_bg_blocks_manager.o
                0x080035f4                _ZN3_bn6assert9show_argsIA39_ciEEvPKcS4_S4_iRKT_RKT0_
 .text._ZN2bn11bgs_manager12_GLOBAL__N_1L33_update_item_hw_affine_attributesERKNS1_9item_typeE
                0x08003648       0x48 bn_bgs_manager.o
 .text._ZN2bn11bgs_manager4initEv
                0x08003690       0x98 bn_bgs_manager.o
                0x08003690                _ZN2bn11bgs_manager4initEv
 .text._ZN2bn11bgs_manager5hw_idEPv
                0x08003728        0x8 bn_bgs_manager.o
                0x08003728                _ZN2bn11bgs_manager5hw_idEPv
 .text._ZN2bn11bgs_manager11hw_positionEPv
                0x08003730        0x4 bn_bgs_manager.o
                0x08003730                _ZN2bn11bgs_manager11hw_positionEPv
 .text._ZN2bn11bgs_manager14mat_attributesEPv
                0x08003734        0x4 bn_bgs_manager.o
                0x08003734                _ZN2bn11bgs_manager14mat_attributesEPv
 .text._ZN2bn11bgs_manager20update_windows_flagsEPj
                0x08003738       0x7c bn_bgs_manager.o
                0x08003738                _ZN2bn11bgs_manager20update_windows_flagsEPj
 .text._ZN2bn11bgs_manager14update_camerasEv
                0x080037b4      0x138 bn_bgs_manager.o
                0x080037b4                _ZN2bn11bgs_manager14update_camerasEv
 .text._ZN2bn11bgs_manager36fill_hblank_effect_regular_positionsEiPKNS_7fixed_tILi12EEEPt
                0x080038ec       0x38 bn_bgs_manager.o
                0x080038ec                _ZN2bn11bgs_manager36fill_hblank_effect_regular_positionsEiPKNS_7fixed_tILi12EEEPt
 .text._ZN2bn11bgs_manager45fill_hblank_effect_pivot_horizontal_positionsEPvPKNS_7fixed_tILi12EEEPj
                0x08003924       0x28 bn_bgs_manager.o
                0x08003924                _ZN2bn11bgs_manager45fill_hblank_effect_pivot_horizontal_positionsEPvPKNS_7fixed_tILi12EEEPj
 .text._ZN2bn11bgs_manager43fill_hblank_effect_pivot_vertical_positionsEPvPKNS_7fixed_tILi12EEEPj
                0x0800394c       0x28 bn_bgs_manager.o
                0x0800394c                _ZN2bn11bgs_manager43fill_hblank_effect_pivot_vertical_positionsEPvPKNS_7fixed_tILi12EEEPj
 .text._ZN2bn11bgs_manager36fill_hblank_effect_bitmap_attributesEPvPKNS_20bitmap_bg_attributesEPt
                0x08003974       0x50 bn_bgs_manager.o
                0x08003974                _ZN2bn11bgs_manager36fill_hblank_effect_bitmap_attributesEPvPKNS_20bitmap_bg_attributesEPt
 .text._ZN2bn11bgs_manager6commitEb
                0x080039c4       0x58 bn_bgs_manager.o
                0x080039c4                _ZN2bn11bgs_manager6commitEb
 .text._ZN2bn11bgs_manager4stopEv
                0x08003a1c       0x28 bn_bgs_manager.o
                0x08003a1c                _ZN2bn11bgs_manager4stopEv
 .text._ZN3_bn6assert9show_argsIA30_cEEvPKcS4_S4_iRKT_
                0x08003a44       0x48 bn_bgs_manager.o
                0x08003a44                _ZN3_bn6assert9show_argsIA30_cEEvPKcS4_S4_iRKT_
 .text._ZN2bn11bgs_manager15commit_big_mapsEv
                0x08003a8c      0x208 bn_bgs_manager.o
                0x08003a8c                _ZN2bn11bgs_manager15commit_big_mapsEv
 .text._ZN2bn11bgs_manager10affine_mapEPv
                0x08003c94       0x34 bn_bgs_manager.o
                0x08003c94                _ZN2bn11bgs_manager10affine_mapEPv
 .text._ZN2bn11bgs_manager11regular_mapEPv
                0x08003cc8       0x34 bn_bgs_manager.o
                0x08003cc8                _ZN2bn11bgs_manager11regular_mapEPv
 .text._ZN3_bn6assert9show_argsIA27_cEEvPKcS4_S4_iRKT_
                0x08003cfc       0x48 bn_bgs_manager.o
                0x08003cfc                _ZN3_bn6assert9show_argsIA27_cEEvPKcS4_S4_iRKT_
 .text._ZN2bn11bgs_manager36fill_hblank_effect_affine_attributesEPvPKNS_20affine_bg_attributesEPt
                0x08003d44      0x10c bn_bgs_manager.o
                0x08003d44                _ZN2bn11bgs_manager36fill_hblank_effect_affine_attributesEPvPKNS_20affine_bg_attributesEPt
 .text._ZN2bn11bgs_manager37fill_hblank_effect_regular_attributesEPvPKNS_21regular_bg_attributesEPt
                0x08003e50      0x118 bn_bgs_manager.o
                0x08003e50                _ZN2bn11bgs_manager37fill_hblank_effect_regular_attributesEPvPKNS_21regular_bg_attributesEPt
 .text._ZN2bn11bgs_manager15rebuild_handlesEv.part.0
                0x08003f68      0x27c bn_bgs_manager.o
 .text._ZN2bn11bgs_manager6updateEv
                0x080041e4      0x158 bn_bgs_manager.o
                0x080041e4                _ZN2bn11bgs_manager6updateEv
 .text._ZN3_bn6assert9show_argsIA13_cEEvPKcS4_S4_iRKT_
                0x0800433c       0x48 bn_bgs_manager.o
                0x0800433c                _ZN3_bn6assert9show_argsIA13_cEEvPKcS4_S4_iRKT_
 .text._ZN2bn10camera_ptrC2ERKS0_
                0x08004384       0x20 bn_cameras_manager.o
                0x08004384                _ZN2bn10camera_ptrC2ERKS0_
                0x08004384                _ZN2bn10camera_ptrC1ERKS0_
 .text._ZN2bn10camera_ptraSERKS0_
                0x080043a4       0x70 bn_cameras_manager.o
                0x080043a4                _ZN2bn10camera_ptraSERKS0_
 .text._ZN2bn10camera_ptrD2Ev
                0x08004414       0x38 bn_cameras_manager.o
                0x08004414                _ZN2bn10camera_ptrD2Ev
                0x08004414                _ZN2bn10camera_ptrD1Ev
 .text._ZNK2bn10camera_ptr8positionEv
                0x0800444c       0x14 bn_cameras_manager.o
                0x0800444c                _ZNK2bn10camera_ptr8positionEv
 .text._ZN2bn15cameras_manager4initEv
                0x08004460       0x24 bn_cameras_manager.o
                0x08004460                _ZN2bn15cameras_manager4initEv
 .text._ZN2bn15cameras_manager6updateEv
                0x08004484       0x28 bn_cameras_manager.o
                0x08004484                _ZN2bn15cameras_manager6updateEv
 .text._ZN2bn4core12_GLOBAL__N_1L12_vblank_intrEv
                0x080044ac       0x44 bn_core.o
 .text._ZN2bn4core12_GLOBAL__N_1L4stopEb
                0x080044f0       0x78 bn_core.o
 .text._ZN2bn4core12_GLOBAL__N_1L11update_implEv
                0x08004568      0x11c bn_core.o
 .text._ZN2bn4core6updateEv
                0x08004684       0x78 bn_core.o
                0x08004684                _ZN2bn4core6updateEv
 .text._ZN2bn4core4initERKNS_8optionalINS_5colorEEERKNS_11string_viewE
                0x080046fc      0x13c bn_core.o
                0x080046fc                _ZN2bn4core4initERKNS_8optionalINS_5colorEEERKNS_11string_viewE
 .text._ZN2bn4core4initEv
                0x08004838       0x20 bn_core.o
                0x08004838                _ZN2bn4core4initEv
 .text._ZN2bn11string_viewC2EPKc
                0x08004858       0x40 bn_core.o
                0x08004858                _ZN2bn11string_viewC1EPKc
                0x08004858                _ZN2bn11string_viewC2EPKc
 .text._ZN3_bn6assert12_GLOBAL__N_1L10_show_implEPKcS3_S3_iRKN2bn11string_viewE
                0x08004898       0x88 bn_core.o
 .text._ZN3_bn6assert4showEPKcS2_S2_iRKN2bn12istring_baseE
                0x08004920       0x18 bn_core.o
                0x08004920                _ZN3_bn6assert4showEPKcS2_S2_iRKN2bn12istring_baseE
 .text._ZN2bn15display_manager12_GLOBAL__N_1L34_update_rect_windows_hw_boundariesEi
                0x08004938       0x84 bn_display_manager.o
 .text._ZN2bn15display_manager4initEv
                0x080049bc       0xa0 bn_display_manager.o
                0x080049bc                _ZN2bn15display_manager4initEv
 .text._ZN2bn15display_manager8set_modeEi
                0x08004a5c       0x1c bn_display_manager.o
                0x08004a5c                _ZN2bn15display_manager8set_modeEi
 .text._ZN2bn15display_manager14set_bg_enabledEib
                0x08004a78       0x1c bn_display_manager.o
                0x08004a78                _ZN2bn15display_manager14set_bg_enabledEib
 .text._ZN2bn15display_manager15disable_all_bgsEv
                0x08004a94       0x18 bn_display_manager.o
                0x08004a94                _ZN2bn15display_manager15disable_all_bgsEv
 .text._ZN2bn15display_manager36fill_mosaic_hblank_effect_attributesEPKNS_17mosaic_attributesEPt
                0x08004aac       0x98 bn_display_manager.o
                0x08004aac                _ZN2bn15display_manager36fill_mosaic_hblank_effect_attributesEPKNS_17mosaic_attributesEPt
 .text._ZN2bn15display_manager27set_blending_top_bg_enabledEib
                0x08004b44       0x20 bn_display_manager.o
                0x08004b44                _ZN2bn15display_manager27set_blending_top_bg_enabledEib
 .text._ZN2bn15display_manager30set_blending_bottom_bg_enabledEib
                0x08004b64       0x20 bn_display_manager.o
                0x08004b64                _ZN2bn15display_manager30set_blending_bottom_bg_enabledEib
 .text._ZN2bn15display_manager32blending_transparency_top_weightEv
                0x08004b84       0x18 bn_display_manager.o
                0x08004b84                _ZN2bn15display_manager32blending_transparency_top_weightEv
 .text._ZN2bn15display_manager35blending_transparency_bottom_weightEv
                0x08004b9c       0x28 bn_display_manager.o
                0x08004b9c                _ZN2bn15display_manager35blending_transparency_bottom_weightEv
 .text._ZN2bn15display_manager51fill_blending_transparency_hblank_effect_attributesEPKNS_32blending_transparency_attributesEPt
                0x08004bc4       0x30 bn_display_manager.o
                0x08004bc4                _ZN2bn15display_manager51fill_blending_transparency_hblank_effect_attributesEPKNS_32blending_transparency_attributesEPt
 .text._ZN2bn15display_manager21blending_fade_enabledEv
                0x08004bf4        0xc bn_display_manager.o
                0x08004bf4                _ZN2bn15display_manager21blending_fade_enabledEv
 .text._ZN2bn15display_manager39fill_blending_fade_hblank_effect_alphasEPKNS_19blending_fade_alphaEPt
                0x08004c00       0x24 bn_display_manager.o
                0x08004c00                _ZN2bn15display_manager39fill_blending_fade_hblank_effect_alphasEPKNS_19blending_fade_alphaEPt
 .text._ZN2bn15display_manager26update_windows_visible_bgsEv
                0x08004c24       0x14 bn_display_manager.o
                0x08004c24                _ZN2bn15display_manager26update_windows_visible_bgsEv
 .text._ZN2bn15display_manager36rect_window_hw_horizontal_boundariesEi
                0x08004c38       0x18 bn_display_manager.o
                0x08004c38                _ZN2bn15display_manager36rect_window_hw_horizontal_boundariesEi
 .text._ZN2bn15display_manager34rect_window_hw_vertical_boundariesEi
                0x08004c50       0x18 bn_display_manager.o
                0x08004c50                _ZN2bn15display_manager34rect_window_hw_vertical_boundariesEi
 .text._ZN2bn15display_manager52fill_rect_window_hblank_effect_horizontal_boundariesERKSt4pairIiiEPKS1_INS_7fixed_tILi12EEES6_EPt
                0x08004c68      0x134 bn_display_manager.o
                0x08004c68                _ZN2bn15display_manager52fill_rect_window_hblank_effect_horizontal_boundariesERKSt4pairIiiEPKS1_INS_7fixed_tILi12EEES6_EPt
 .text._ZN2bn15display_manager50fill_rect_window_hblank_effect_vertical_boundariesERKSt4pairIiiEPKS1_INS_7fixed_tILi12EEES6_EPt
                0x08004d9c      0x134 bn_display_manager.o
                0x08004d9c                _ZN2bn15display_manager50fill_rect_window_hblank_effect_vertical_boundariesERKSt4pairIiiEPKS1_INS_7fixed_tILi12EEES6_EPt
 .text._ZN2bn15display_manager36fill_green_swap_hblank_effect_statesEPKbPt
                0x08004ed0       0x38 bn_display_manager.o
                0x08004ed0                _ZN2bn15display_manager36fill_green_swap_hblank_effect_statesEPKbPt
 .text._ZN2bn15display_manager14update_camerasEv
                0x08004f08       0x40 bn_display_manager.o
                0x08004f08                _ZN2bn15display_manager14update_camerasEv
 .text._ZN2bn15display_manager6updateEv
                0x08004f48      0x250 bn_display_manager.o
                0x08004f48                _ZN2bn15display_manager6updateEv
 .text._ZN2bn15display_manager6commitEv
                0x08005198      0x14c bn_display_manager.o
                0x08005198                _ZN2bn15display_manager6commitEv
 .text._ZN2bn15display_manager4stopEv
                0x080052e4       0x34 bn_display_manager.o
                0x080052e4                _ZN2bn15display_manager4stopEv
 .text._ZN3_bn6assert9show_argsIA66_cEEvPKcS4_S4_iRKT_
                0x08005318       0x48 bn_display_manager.o
                0x08005318                _ZN3_bn6assert9show_argsIA66_cEEvPKcS4_S4_iRKT_
 .text._ZN2bn12gpio_manager5sleepEv
                0x08005360       0x28 bn_gpio_manager.o
                0x08005360                _ZN2bn12gpio_manager5sleepEv
 .text._ZN2bn22hblank_effects_manager12_GLOBAL__N_19item_type18_output_values_ptrEv
                0x08005388       0x40 bn_hblank_effects_manager.o
 .text._ZN2bn22hblank_effects_manager7disableEv
                0x080053c8       0x24 bn_hblank_effects_manager.o
                0x080053c8                _ZN2bn22hblank_effects_manager7disableEv
 .text._ZN2bn22hblank_effects_manager4stopEv
                0x080053ec       0x38 bn_hblank_effects_manager.o
                0x080053ec                _ZN2bn22hblank_effects_manager4stopEv
 .text._ZN2bn22hblank_effects_manager6commitEv
                0x08005424       0x8c bn_hblank_effects_manager.o
                0x08005424                _ZN2bn22hblank_effects_manager6commitEv
 .text._ZN2bn22hblank_effects_manager12_GLOBAL__N_1L10_is_uint32ENS0_12handler_typeE
                0x080054b0       0x64 bn_hblank_effects_manager.o
 .text._ZN2bn22hblank_effects_manager12_GLOBAL__N_19item_type12check_updateEv
                0x08005514     0x1664 bn_hblank_effects_manager.o
 .text._ZN2bn22hblank_effects_manager6updateEv
                0x08006b78      0x1ec bn_hblank_effects_manager.o
                0x08006b78                _ZN2bn22hblank_effects_manager6updateEv
 .text._ZN2bn22hblank_effects_manager4initEv
                0x08006d64      0x180 bn_hblank_effects_manager.o
                0x08006d64                _ZN2bn22hblank_effects_manager4initEv
 .text.startup._GLOBAL__sub_I__ZN2bn4hbes10used_countEv
                0x08006ee4       0x14 bn_hblank_effects_manager.o
 .text._ZN2bn12hdma_manager4initEv
                0x08006ef8       0x38 bn_hdma_manager.o
                0x08006ef8                _ZN2bn12hdma_manager4initEv
 .text._ZN2bn12hdma_manager10force_stopEv
                0x08006f30       0x5c bn_hdma_manager.o
                0x08006f30                _ZN2bn12hdma_manager10force_stopEv
 .text._ZN2bn12hdma_manager7disableEv
                0x08006f8c       0x48 bn_hdma_manager.o
                0x08006f8c                _ZN2bn12hdma_manager7disableEv
 .text._ZN2bn12hdma_manager6updateEv
                0x08006fd4       0x6c bn_hdma_manager.o
                0x08006fd4                _ZN2bn12hdma_manager6updateEv
 .text._ZN2bn12hdma_manager24commit_interrupt_handlerEv
                0x08007040       0x20 bn_hdma_manager.o
                0x08007040                _ZN2bn12hdma_manager24commit_interrupt_handlerEv
 .text._ZN2bn12hdma_manager14commit_entriesEb
                0x08007060      0x168 bn_hdma_manager.o
                0x08007060                _ZN2bn12hdma_manager14commit_entriesEb
 .text._ZN2bn6keypad9a_pressedEv
                0x080071c8       0x10 bn_keypad_manager.o
                0x080071c8                _ZN2bn6keypad9a_pressedEv
 .text._ZN2bn6keypad14select_pressedEv
                0x080071d8       0x10 bn_keypad_manager.o
                0x080071d8                _ZN2bn6keypad14select_pressedEv
 .text._ZN2bn6keypad13right_pressedEv
                0x080071e8       0x10 bn_keypad_manager.o
                0x080071e8                _ZN2bn6keypad13right_pressedEv
 .text._ZN2bn6keypad12left_pressedEv
                0x080071f8       0x10 bn_keypad_manager.o
                0x080071f8                _ZN2bn6keypad12left_pressedEv
 .text._ZN2bn6keypad10up_pressedEv
                0x08007208       0x10 bn_keypad_manager.o
                0x08007208                _ZN2bn6keypad10up_pressedEv
 .text._ZN2bn6keypad12down_pressedEv
                0x08007218        0xc bn_keypad_manager.o
                0x08007218                _ZN2bn6keypad12down_pressedEv
 .text._ZN2bn14keypad_manager4stopEv
                0x08007224        0x4 bn_keypad_manager.o
                0x08007224                _ZN2bn14keypad_manager4stopEv
 .text._ZN2bn14keypad_manager6updateEv
                0x08007228       0xb8 bn_keypad_manager.o
                0x08007228                _ZN2bn14keypad_manager6updateEv
 .text._ZN2bn14keypad_manager4initERKNS_11string_viewE
                0x080072e0       0x64 bn_keypad_manager.o
                0x080072e0                _ZN2bn14keypad_manager4initERKNS_11string_viewE
 .text._ZN2bn12link_manager4initEv
                0x08007344        0xc bn_link_manager.o
                0x08007344                _ZN2bn12link_manager4initEv
 .text._ZN2bn12link_manager6activeEv
                0x08007350        0xc bn_link_manager.o
                0x08007350                _ZN2bn12link_manager6activeEv
 .text._ZN2bn12link_manager7disableEv
                0x0800735c       0x18 bn_link_manager.o
                0x0800735c                _ZN2bn12link_manager7disableEv
 .text._ZN2bn12link_manager6commitEv
                0x08007374       0x18 bn_link_manager.o
                0x08007374                _ZN2bn12link_manager6commitEv
 .text._ZN3_bn6memory18unsafe_clear_wordsEiPv
                0x0800738c       0x14 bn_memory_manager.o
                0x0800738c                _ZN3_bn6memory18unsafe_clear_wordsEiPv
 .text._ZN2bn4freeEPv
                0x080073a0       0x14 bn_memory_manager.o
                0x080073a0                _ZN2bn4freeEPv
 .text._ZN2bn14memory_manager4initEv
                0x080073b4       0x2c bn_memory_manager.o
                0x080073b4                _ZN2bn14memory_manager4initEv
 .text._ZN2bn2hw8palettes9grayscaleEPKNS_5colorEiiPS2_.part.0
                0x080073e0       0x40 bn_palettes_manager.o
 .text._ZN2bn11bg_palettes21set_transparent_colorENS_5colorE
                0x08007420       0x40 bn_palettes_manager.o
                0x08007420                _ZN2bn11bg_palettes21set_transparent_colorENS_5colorE
 .text._ZN2bn18sprite_palette_ptrC2ERKS0_
                0x08007460       0x1c bn_palettes_manager.o
                0x08007460                _ZN2bn18sprite_palette_ptrC2ERKS0_
                0x08007460                _ZN2bn18sprite_palette_ptrC1ERKS0_
 .text._ZNK2bn18sprite_palette_ptr3bppEv
                0x0800747c       0x1c bn_palettes_manager.o
                0x0800747c                _ZNK2bn18sprite_palette_ptr3bppEv
 .text._ZNK2bn13palettes_bank10log_statusEv
                0x08007498      0x178 bn_palettes_manager.o
                0x08007498                _ZNK2bn13palettes_bank10log_statusEv
 .text._ZN2bn13palettes_bank10find_bpp_4ERKNS_4spanIKNS_5colorEEEt
                0x08007610      0x118 bn_palettes_manager.o
                0x08007610                _ZN2bn13palettes_bank10find_bpp_4ERKNS_4spanIKNS_5colorEEEt
 .text._ZNK2bn13palettes_bank20retrieve_commit_dataEv
                0x08007728       0x4c bn_palettes_manager.o
                0x08007728                _ZNK2bn13palettes_bank20retrieve_commit_dataEv
 .text._ZNK2bn13palettes_bank7palette13apply_effectsEiPNS_5colorE
                0x08007774       0xb0 bn_palettes_manager.o
                0x08007774                _ZNK2bn13palettes_bank7palette13apply_effectsEiPNS_5colorE
 .text._ZN2bn13palettes_bank15_update_paletteEi
                0x08007824       0x70 bn_palettes_manager.o
                0x08007824                _ZN2bn13palettes_bank15_update_paletteEi
 .text._ZN2bn16palettes_manager4initERKNS_8optionalINS_5colorEEE
                0x08007894      0x16c bn_palettes_manager.o
                0x08007894                _ZN2bn16palettes_manager4initERKNS_8optionalINS_5colorEEE
 .text._ZN2bn16palettes_manager20sprite_palettes_bankEv
                0x08007a00        0x8 bn_palettes_manager.o
                0x08007a00                _ZN2bn16palettes_manager20sprite_palettes_bankEv
 .text._ZN2bn16palettes_manager16bg_palettes_bankEv
                0x08007a08        0x8 bn_palettes_manager.o
                0x08007a08                _ZN2bn16palettes_manager16bg_palettes_bankEv
 .text._ZN2bn16palettes_manager6commitEb
                0x08007a10       0xf8 bn_palettes_manager.o
                0x08007a10                _ZN2bn16palettes_manager6commitEb
 .text._ZN2bn16palettes_manager4stopEv
                0x08007b08       0x20 bn_palettes_manager.o
                0x08007b08                _ZN2bn16palettes_manager4stopEv
 .text._ZN3_bn6assert9show_argsIA35_cEEvPKcS4_S4_iRKT_
                0x08007b28       0x48 bn_palettes_manager.o
                0x08007b28                _ZN3_bn6assert9show_argsIA35_cEEvPKcS4_S4_iRKT_
 .text._ZN2bn13palettes_bank11colors_hashERKNS_4spanIKNS_5colorEEE
                0x08007b70       0x48 bn_palettes_manager.o
                0x08007b70                _ZN2bn13palettes_bank11colors_hashERKNS_4spanIKNS_5colorEEE
 .text._ZN3_bn6assert9show_argsIJA43_ciA38_cA42_cEEEvPKcS6_S6_iDpRKT_
                0x08007bb8       0x64 bn_palettes_manager.o
                0x08007bb8                _ZN3_bn6assert9show_argsIJA43_ciA38_cA42_cEEEvPKcS6_S6_iDpRKT_
 .text._ZN2bn13palettes_bank12create_bpp_8ERKNS_4spanIKNS_5colorEEENS_16compression_typeEb
                0x08007c1c      0x230 bn_palettes_manager.o
                0x08007c1c                _ZN2bn13palettes_bank12create_bpp_8ERKNS_4spanIKNS_5colorEEENS_16compression_typeEb
 .text._ZNK2bn13palettes_bank21_apply_global_effectsEiPNS_5colorE
                0x08007e4c      0x190 bn_palettes_manager.o
                0x08007e4c                _ZNK2bn13palettes_bank21_apply_global_effectsEiPNS_5colorE
 .text._ZN2bn13palettes_bank6updateEv
                0x08007fdc      0x138 bn_palettes_manager.o
                0x08007fdc                _ZN2bn13palettes_bank6updateEv
 .text._ZN2bn16palettes_manager6updateEv
                0x08008114       0x20 bn_palettes_manager.o
                0x08008114                _ZN2bn16palettes_manager6updateEv
 .text._ZNK2bn13palettes_bank25fill_hblank_effect_colorsEiPKNS_5colorEPt
                0x08008134       0x44 bn_palettes_manager.o
                0x08008134                _ZNK2bn13palettes_bank25fill_hblank_effect_colorsEiPKNS_5colorEPt
 .text._ZNK2bn13palettes_bank25fill_hblank_effect_colorsEPKNS_5colorEPt
                0x08008178       0x30 bn_palettes_manager.o
                0x08008178                _ZNK2bn13palettes_bank25fill_hblank_effect_colorsEPKNS_5colorEPt
 .text._ZNK2bn19sprite_palette_item10decompressENS_4spanINS_5colorEEE
                0x080081a8      0x168 bn_palettes_manager.o
                0x080081a8                _ZNK2bn19sprite_palette_item10decompressENS_4spanINS_5colorEEE
 .text._ZN2bn14iunordered_mapItsNS_15identity_hasherENS_8equal_toItEEE21insert_or_assign_hashEjOSt4pairIKtsE.isra.0
                0x08008310      0x108 bn_palettes_manager.o
 .text._ZN2bn13palettes_bank12create_bpp_4ERKNS_4spanIKNS_5colorEEEtb
                0x08008418      0x164 bn_palettes_manager.o
                0x08008418                _ZN2bn13palettes_bank12create_bpp_4ERKNS_4spanIKNS_5colorEEEtb
 .text._ZN2bn12_GLOBAL__N_1L12_create_implERKNS_19sprite_palette_itemEb
                0x0800857c       0x88 bn_palettes_manager.o
 .text._ZN2bn18sprite_palette_ptr6createERKNS_19sprite_palette_itemE
                0x08008604       0x48 bn_palettes_manager.o
                0x08008604                _ZN2bn18sprite_palette_ptr6createERKNS_19sprite_palette_itemE
 .text._ZN2bn13palettes_bank30_erase_bpp_4_indexes_map_indexEt
                0x0800864c      0x1c4 bn_palettes_manager.o
                0x0800864c                _ZN2bn13palettes_bank30_erase_bpp_4_indexes_map_indexEt
 .text._ZN2bn13palettes_bank15decrease_usagesEi
                0x08008810       0x80 bn_palettes_manager.o
                0x08008810                _ZN2bn13palettes_bank15decrease_usagesEi
 .text._ZN2bn18sprite_palette_ptrD2Ev
                0x08008890       0x20 bn_palettes_manager.o
                0x08008890                _ZN2bn18sprite_palette_ptrD1Ev
                0x08008890                _ZN2bn18sprite_palette_ptrD2Ev
 .text._ZN2bn26sprite_affine_mats_manager12_GLOBAL__N_1L19_sprite_double_sizeILi32ELi16EEEbiiiii
                0x080088b0       0x80 bn_sprite_affine_mats_manager.o
 .text._ZN2bn26sprite_affine_mats_manager12_GLOBAL__N_1L19_sprite_double_sizeILi16ELi32EEEbiiiii
                0x08008930       0x80 bn_sprite_affine_mats_manager.o
 .text._ZNK2bn26sprite_affine_mats_manager12_GLOBAL__N_19item_type18sprite_double_sizeEiRKNS_17sprite_shape_sizeE.isra.0
                0x080089b0      0x1b4 bn_sprite_affine_mats_manager.o
 .text._ZNK2bn21sprite_affine_mat_ptr15horizontal_flipEv
                0x08008b64       0x18 bn_sprite_affine_mats_manager.o
                0x08008b64                _ZNK2bn21sprite_affine_mat_ptr15horizontal_flipEv
 .text._ZNK2bn21sprite_affine_mat_ptr13vertical_flipEv
                0x08008b7c       0x18 bn_sprite_affine_mats_manager.o
                0x08008b7c                _ZNK2bn21sprite_affine_mat_ptr13vertical_flipEv
 .text._ZNK2bn21sprite_affine_mat_ptr16flipped_identityEv
                0x08008b94       0x14 bn_sprite_affine_mats_manager.o
                0x08008b94                _ZNK2bn21sprite_affine_mat_ptr16flipped_identityEv
 .text._ZN2bn26sprite_affine_mats_manager13attach_spriteEiRNS_24intrusive_list_node_typeE
                0x08008ba8       0x2c bn_sprite_affine_mats_manager.o
                0x08008ba8                _ZN2bn26sprite_affine_mats_manager13attach_spriteEiRNS_24intrusive_list_node_typeE
 .text._ZN2bn26sprite_affine_mats_manager18sprite_double_sizeEiRKNS_17sprite_shape_sizeE
                0x08008bd4       0x54 bn_sprite_affine_mats_manager.o
                0x08008bd4                _ZN2bn26sprite_affine_mats_manager18sprite_double_sizeEiRKNS_17sprite_shape_sizeE
 .text._ZN2bn26sprite_affine_mats_manager20retrieve_commit_dataEv
                0x08008c28       0x3c bn_sprite_affine_mats_manager.o
                0x08008c28                _ZN2bn26sprite_affine_mats_manager20retrieve_commit_dataEv
 .text._ZN3_bn6assert9show_argsIA37_cEEvPKcS4_S4_iRKT_
                0x08008c64       0x48 bn_sprite_affine_mats_manager.o
                0x08008c64                _ZN3_bn6assert9show_argsIA37_cEEvPKcS4_S4_iRKT_
 .text._ZN3_bn6assert9show_argsIA16_cEEvPKcS4_S4_iRKT_
                0x08008cac       0x48 bn_sprite_affine_mats_manager.o
                0x08008cac                _ZN3_bn6assert9show_argsIA16_cEEvPKcS4_S4_iRKT_
 .text._ZN2bn26sprite_affine_mats_manager15decrease_usagesEi.part.0
                0x08008cf4       0x70 bn_sprite_affine_mats_manager.o
 .text._ZN2bn21sprite_affine_mat_ptrD2Ev
                0x08008d64       0x34 bn_sprite_affine_mats_manager.o
                0x08008d64                _ZN2bn21sprite_affine_mat_ptrD1Ev
                0x08008d64                _ZN2bn21sprite_affine_mat_ptrD2Ev
 .text._ZN2bn26sprite_affine_mats_manager6updateEv
                0x08008d98      0x2a4 bn_sprite_affine_mats_manager.o
                0x08008d98                _ZN2bn26sprite_affine_mats_manager6updateEv
 .text._ZN2bn26sprite_affine_mats_manager4initEPv
                0x0800903c      0x100 bn_sprite_affine_mats_manager.o
                0x0800903c                _ZN2bn26sprite_affine_mats_manager4initEPv
 .text._ZN2bn26sprite_affine_mats_manager14dettach_spriteEiRNS_24intrusive_list_node_typeE
                0x0800913c       0x4c bn_sprite_affine_mats_manager.o
                0x0800913c                _ZN2bn26sprite_affine_mats_manager14dettach_spriteEiRNS_24intrusive_list_node_typeE
 .text._ZN2bn12_GLOBAL__N_1L14_setup_builderERKNS_21sprite_text_generatorERNS_14sprite_builderE
                0x08009188       0x68 bn_sprite_text_generator.o
 .text._ZN2bn21sprite_text_generator5_initEv
                0x080091f0      0x1b4 bn_sprite_text_generator.o
                0x080091f0                _ZN2bn21sprite_text_generator5_initEv
 .text._ZN2bn21sprite_text_generatorC2ERKNS_11sprite_fontE
                0x080093a4       0x38 bn_sprite_text_generator.o
                0x080093a4                _ZN2bn21sprite_text_generatorC2ERKNS_11sprite_fontE
                0x080093a4                _ZN2bn21sprite_text_generatorC1ERKNS_11sprite_fontE
 .text._ZN3_bn6assert9show_argsIA54_cEEvPKcS4_S4_iRKT_
                0x080093dc       0x48 bn_sprite_text_generator.o
                0x080093dc                _ZN3_bn6assert9show_argsIA54_cEEvPKcS4_S4_iRKT_
 .text._ZN3_bn6assert9show_argsIJA25_ciA4_ctEEEvPKcS5_S5_iDpRKT_
                0x08009424       0x64 bn_sprite_text_generator.o
                0x08009424                _ZN3_bn6assert9show_argsIJA25_ciA4_ctEEEvPKcS5_S5_iDpRKT_
 .text._ZN2bn14utf8_characterC2ERKc
                0x08009488      0x140 bn_sprite_text_generator.o
                0x08009488                _ZN2bn14utf8_characterC2ERKc
                0x08009488                _ZN2bn14utf8_characterC1ERKc
 .text._ZN2bn12_GLOBAL__N_1L15_graphics_indexEcRKNS_23utf8_characters_map_refEPKcRi.part.0
                0x080095c8       0x8c bn_sprite_text_generator.o
 .text._ZN3_bn6assert9show_argsIJA20_ccA9_cN2bn11string_viewEA2_cEEEvPKcS8_S8_iDpRKT_
                0x08009654       0x6c bn_sprite_text_generator.o
                0x08009654                _ZN3_bn6assert9show_argsIJA20_ccA9_cN2bn11string_viewEA2_cEEEvPKcS8_S8_iDpRKT_
 .text._ZNK2bn21sprite_text_generator5widthERKNS_11string_viewE
                0x080096c0      0x238 bn_sprite_text_generator.o
                0x080096c0                _ZNK2bn21sprite_text_generator5widthERKNS_11string_viewE
 .text._ZN3_bn6assert9show_argsIA55_cEEvPKcS4_S4_iRKT_
                0x080098f8       0x48 bn_sprite_text_generator.o
                0x080098f8                _ZN3_bn6assert9show_argsIA55_cEEvPKcS4_S4_iRKT_
 .text._ZN2bn12_GLOBAL__N_1L20_build_sprite_assertILNS_11sprite_sizeE2EEEPNS_4tileERKNS_21sprite_text_generatorERKNS_18sprite_palette_ptrERKNS_13fixed_point_tILi12EEERNS_7ivectorINS_10sprite_ptrEEE
                0x08009940      0x198 bn_sprite_text_generator.o
 .text._ZN2bn12_GLOBAL__N_1L20_build_sprite_assertILNS_11sprite_sizeE1EEEPNS_4tileERKNS_21sprite_text_generatorERKNS_18sprite_palette_ptrERKNS_13fixed_point_tILi12EEERNS_7ivectorINS_10sprite_ptrEEE
                0x08009ad8      0x198 bn_sprite_text_generator.o
 .text._ZN2bn12_GLOBAL__N_1L9_generateILb0EEEbRKNS_21sprite_text_generatorERKNS_13fixed_point_tILi12EEERKNS_11string_viewERKNS_23utf8_characters_map_refEiibRNS_7ivectorINS_10sprite_ptrEEE.isra.0
                0x08009c70     0x1164 bn_sprite_text_generator.o
 .text._ZNK2bn21sprite_text_generator8generateENS_7fixed_tILi12EEES2_RKNS_11string_viewERNS_7ivectorINS_10sprite_ptrEEE
                0x0800add4       0x40 bn_sprite_text_generator.o
                0x0800add4                _ZNK2bn21sprite_text_generator8generateENS_7fixed_tILi12EEES2_RKNS_11string_viewERNS_7ivectorINS_10sprite_ptrEEE
 .text._ZNK2bn16sprite_tiles_ptr2idEv
                0x0800ae14       0x18 bn_sprite_tiles_manager.o
                0x0800ae14                _ZNK2bn16sprite_tiles_ptr2idEv
 .text._ZNK2bn16sprite_tiles_ptr11tiles_countEv
                0x0800ae2c       0x18 bn_sprite_tiles_manager.o
                0x0800ae2c                _ZNK2bn16sprite_tiles_ptr11tiles_countEv
 .text._ZN2bn20sprite_tiles_manager10log_statusEv
                0x0800ae44      0x1ec bn_sprite_tiles_manager.o
                0x0800ae44                _ZN2bn20sprite_tiles_manager10log_statusEv
 .text._ZN2bn20sprite_tiles_manager19commit_uncompressedEb
                0x0800b030       0xc4 bn_sprite_tiles_manager.o
                0x0800b030                _ZN2bn20sprite_tiles_manager19commit_uncompressedEb
 .text._ZN3_bn6assert9show_argsIA27_chEEvPKcS4_S4_iRKT_RKT0_
                0x0800b0f4       0x54 bn_sprite_tiles_manager.o
                0x0800b0f4                _ZN3_bn6assert9show_argsIA27_chEEvPKcS4_S4_iRKT_RKT0_
 .text._ZN3_bn6assert9show_argsIJA44_cPKN2bn4tileEA4_cS6_EEEvPKcS9_S9_iDpRKT_
                0x0800b148       0x64 bn_sprite_tiles_manager.o
                0x0800b148                _ZN3_bn6assert9show_argsIJA44_cPKN2bn4tileEA4_cS6_EEEvPKcS9_S9_iDpRKT_
 .text._ZN3_bn6assert9show_argsIJA46_ciA4_cjEEEvPKcS5_S5_iDpRKT_
                0x0800b1ac       0x64 bn_sprite_tiles_manager.o
                0x0800b1ac                _ZN3_bn6assert9show_argsIJA46_ciA4_cjEEEvPKcS5_S5_iDpRKT_
 .text._ZN2bn20sprite_tiles_manager12_GLOBAL__N_1L10_hw_commitEPKNS_4tileENS_16compression_typeEii
                0x0800b210       0x88 bn_sprite_tiles_manager.o
 .text._ZN2bn20sprite_tiles_manager17commit_compressedEv
                0x0800b298       0x5c bn_sprite_tiles_manager.o
                0x0800b298                _ZN2bn20sprite_tiles_manager17commit_compressedEv
 .text._ZN3_bn6assert9show_argsIJA28_cA15_cPKN2bn4tileEA16_ciA34_cNS4_11string_viewEEEEvPKcSC_SC_iDpRKT_
                0x0800b2f4       0x7c bn_sprite_tiles_manager.o
                0x0800b2f4                _ZN3_bn6assert9show_argsIJA28_cA15_cPKN2bn4tileEA16_ciA34_cNS4_11string_viewEEEEvPKcSC_SC_iDpRKT_
 .text._ZN3_bn6assert9show_argsIJA44_ciA34_cN2bn11string_viewEEEEvPKcS7_S7_iDpRKT_
                0x0800b370       0x64 bn_sprite_tiles_manager.o
                0x0800b370                _ZN3_bn6assert9show_argsIJA44_ciA34_cN2bn11string_viewEEEEvPKcS7_S7_iDpRKT_
 .text._ZN2bn20sprite_tiles_manager4initEv
                0x0800b3d4      0x188 bn_sprite_tiles_manager.o
                0x0800b3d4                _ZN2bn20sprite_tiles_manager4initEv
 .text._ZN2bn20sprite_tiles_manager12_GLOBAL__N_1L22_insert_to_commit_itemEiRNS1_9item_typeE.part.0
                0x0800b55c       0x64 bn_sprite_tiles_manager.o
 .text._ZN2bn20sprite_tiles_manager12_GLOBAL__N_1L17_insert_free_itemEi
                0x0800b5c0       0xe0 bn_sprite_tiles_manager.o
 .text._ZN2bn20sprite_tiles_manager12_GLOBAL__N_1L16_erase_free_itemEi
                0x0800b6a0       0xe8 bn_sprite_tiles_manager.o
 .text._ZN2bn20sprite_tiles_manager12_GLOBAL__N_1L21_erase_to_commit_itemEiRNS1_9item_typeE.part.0
                0x0800b788       0xac bn_sprite_tiles_manager.o
 .text._ZN2bn20sprite_tiles_manager15decrease_usagesEi
                0x0800b834      0x138 bn_sprite_tiles_manager.o
                0x0800b834                _ZN2bn20sprite_tiles_manager15decrease_usagesEi
 .text._ZN2bn16sprite_tiles_ptrD2Ev
                0x0800b96c       0x18 bn_sprite_tiles_manager.o
                0x0800b96c                _ZN2bn16sprite_tiles_ptrD2Ev
                0x0800b96c                _ZN2bn16sprite_tiles_ptrD1Ev
 .text._ZN2bn20sprite_tiles_manager12_GLOBAL__N_1L10_find_implEPKNS_4tileENS_16compression_typeEi
                0x0800b984      0x288 bn_sprite_tiles_manager.o
 .text._ZN2bn20sprite_tiles_manager4vramEi
                0x0800bc0c       0x3c bn_sprite_tiles_manager.o
                0x0800bc0c                _ZN2bn20sprite_tiles_manager4vramEi
 .text._ZN2bn16sprite_tiles_ptr4vramEv
                0x0800bc48       0x14 bn_sprite_tiles_manager.o
                0x0800bc48                _ZN2bn16sprite_tiles_ptr4vramEv
 .text._ZN2bn20sprite_tiles_manager12_GLOBAL__N_1L21_erase_items_map_itemEPKNS_4tileE
                0x0800bc5c      0x1fc bn_sprite_tiles_manager.o
 .text._ZN2bn20sprite_tiles_manager12_GLOBAL__N_1L12_create_itemEiPKNS_4tileENS_16compression_typeEib
                0x0800be58      0x1e0 bn_sprite_tiles_manager.o
 .text._ZN2bn20sprite_tiles_manager12_GLOBAL__N_1L14_allocate_implEi
                0x0800c038      0x10c bn_sprite_tiles_manager.o
 .text._ZN2bn20sprite_tiles_manager8allocateEiNS_8bpp_modeE
                0x0800c144       0xc0 bn_sprite_tiles_manager.o
                0x0800c144                _ZN2bn20sprite_tiles_manager8allocateEiNS_8bpp_modeE
 .text._ZN2bn16sprite_tiles_ptr8allocateEiNS_8bpp_modeE
                0x0800c204       0x18 bn_sprite_tiles_manager.o
                0x0800c204                _ZN2bn16sprite_tiles_ptr8allocateEiNS_8bpp_modeE
 .text._ZN2bn20sprite_tiles_manager6updateEv
                0x0800c21c      0x1a0 bn_sprite_tiles_manager.o
                0x0800c21c                _ZN2bn20sprite_tiles_manager6updateEv
 .text._ZN2bn20sprite_tiles_manager12_GLOBAL__N_1L12_create_implEPKNS_4tileENS_16compression_typeEi
                0x0800c3bc      0x1fc bn_sprite_tiles_manager.o
 .text._ZN2bn20sprite_tiles_manager12_GLOBAL__N_1L22_insert_items_map_itemEPKNS_4tileEi
                0x0800c5b8       0xc0 bn_sprite_tiles_manager.o
 .text._ZN2bn20sprite_tiles_manager6createERKNS_4spanIKNS_4tileEEENS_16compression_typeE
                0x0800c678       0x90 bn_sprite_tiles_manager.o
                0x0800c678                _ZN2bn20sprite_tiles_manager6createERKNS_4spanIKNS_4tileEEENS_16compression_typeE
 .text._ZN2bn16sprite_tiles_ptr6createERKNS_17sprite_tiles_itemE
                0x0800c708       0x84 bn_sprite_tiles_manager.o
                0x0800c708                _ZN2bn16sprite_tiles_ptr6createERKNS_17sprite_tiles_itemE
 .text._ZN2bn16sprite_tiles_ptr6createERKNS_17sprite_tiles_itemEi
                0x0800c78c       0xc0 bn_sprite_tiles_manager.o
                0x0800c78c                _ZN2bn16sprite_tiles_ptr6createERKNS_17sprite_tiles_itemEi
 .text._ZN2bn15sprites_manager12_GLOBAL__N_1L32_always_update_indexes_to_commitERKNS_20sprites_manager_itemE
                0x0800c84c       0x4c bn_sprites_manager.o
 .text._ZN2bn13ostringstream11append_argsIiJA4_ciEEEvRKT_DpRKT0_.isra.0
                0x0800c898       0x24 bn_sprites_manager.o
 .text._ZN2bn15sprites_manager12_GLOBAL__N_1L23_update_item_dimensionsERNS_20sprites_manager_itemE
                0x0800c8bc       0xc0 bn_sprites_manager.o
 .text._ZN2bn10sprite_ptrC2ERKS0_
                0x0800c97c        0xc bn_sprites_manager.o
                0x0800c97c                _ZN2bn10sprite_ptrC1ERKS0_
                0x0800c97c                _ZN2bn10sprite_ptrC2ERKS0_
 .text._ZN2bn10sprite_ptr11set_visibleEb
                0x0800c988       0x6c bn_sprites_manager.o
                0x0800c988                _ZN2bn10sprite_ptr11set_visibleEb
 .text._ZN2bn15sprites_manager4initEv
                0x0800c9f4       0xd4 bn_sprites_manager.o
                0x0800c9f4                _ZN2bn15sprites_manager4initEv
 .text._ZN2bn15sprites_manager5hw_idEPv
                0x0800cac8        0x8 bn_sprites_manager.o
                0x0800cac8                _ZN2bn15sprites_manager5hw_idEPv
 .text._ZN2bn15sprites_manager5shapeEPv
                0x0800cad0        0x8 bn_sprites_manager.o
                0x0800cad0                _ZN2bn15sprites_manager5shapeEPv
 .text._ZN2bn15sprites_manager4sizeEPv
                0x0800cad8        0x8 bn_sprites_manager.o
                0x0800cad8                _ZN2bn15sprites_manager4sizeEPv
 .text._ZN2bn15sprites_manager10shape_sizeEPv
                0x0800cae0       0x14 bn_sprites_manager.o
                0x0800cae0                _ZN2bn15sprites_manager10shape_sizeEPv
 .text._ZN2bn15sprites_manager11hw_positionEPv
                0x0800caf4        0x4 bn_sprites_manager.o
                0x0800caf4                _ZN2bn15sprites_manager11hw_positionEPv
 .text._ZN2bn15sprites_manager9view_modeEPv
                0x0800caf8        0xc bn_sprites_manager.o
                0x0800caf8                _ZN2bn15sprites_manager9view_modeEPv
 .text._ZN2bn15sprites_manager10affine_matEPv
                0x0800cb04        0x4 bn_sprites_manager.o
                0x0800cb04                _ZN2bn15sprites_manager10affine_matEPv
 .text._ZN2bn15sprites_manager39fill_hblank_effect_horizontal_positionsEPviPKNS_7fixed_tILi12EEEPt
                0x0800cb08       0x4c bn_sprites_manager.o
                0x0800cb08                _ZN2bn15sprites_manager39fill_hblank_effect_horizontal_positionsEPviPKNS_7fixed_tILi12EEEPt
 .text._ZN2bn15sprites_manager37fill_hblank_effect_vertical_positionsEPviPKNS_7fixed_tILi12EEEPt
                0x0800cb54       0x4c bn_sprites_manager.o
                0x0800cb54                _ZN2bn15sprites_manager37fill_hblank_effect_vertical_positionsEPviPKNS_7fixed_tILi12EEEPt
 .text._ZN2bn15sprites_manager35fill_hblank_effect_first_attributesEiNS_12sprite_shapeENS_8bpp_modeEiPKNS_23sprite_first_attributesEPt
                0x0800cba0       0xd4 bn_sprites_manager.o
                0x0800cba0                _ZN2bn15sprites_manager35fill_hblank_effect_first_attributesEiNS_12sprite_shapeENS_8bpp_modeEiPKNS_23sprite_first_attributesEPt
 .text._ZN2bn15sprites_manager44fill_hblank_effect_regular_second_attributesEPviNS_11sprite_sizeEPKNS_32sprite_regular_second_attributesEPt
                0x0800cc74       0x60 bn_sprites_manager.o
                0x0800cc74                _ZN2bn15sprites_manager44fill_hblank_effect_regular_second_attributesEPviNS_11sprite_sizeEPKNS_32sprite_regular_second_attributesEPt
 .text._ZN2bn15sprites_manager43fill_hblank_effect_affine_second_attributesEPviNS_11sprite_sizeEPKNS_31sprite_affine_second_attributesEPt
                0x0800ccd4       0x58 bn_sprites_manager.o
                0x0800ccd4                _ZN2bn15sprites_manager43fill_hblank_effect_affine_second_attributesEPviNS_11sprite_sizeEPKNS_31sprite_affine_second_attributesEPt
 .text._ZN2bn15sprites_manager14update_camerasEv
                0x0800cd2c       0x20 bn_sprites_manager.o
                0x0800cd2c                _ZN2bn15sprites_manager14update_camerasEv
 .text._ZN2bn15sprites_manager23update_auto_double_sizeEPv
                0x0800cd4c       0x2c bn_sprites_manager.o
                0x0800cd4c                _ZN2bn15sprites_manager23update_auto_double_sizeEPv
 .text._ZN2bn15sprites_manager6commitEb
                0x0800cd78       0xa4 bn_sprites_manager.o
                0x0800cd78                _ZN2bn15sprites_manager6commitEb
 .text._ZN2bn14sprite_builder20set_blending_enabledEb
                0x0800ce1c       0x3c bn_sprites_manager.o
                0x0800ce1c                _ZN2bn14sprite_builder20set_blending_enabledEb
 .text._ZNK2bn17sprite_shape_size6heightEv.isra.0
                0x0800ce58       0xd0 bn_sprites_manager.o
 .text._ZNK2bn17sprite_shape_size5widthEv.isra.0
                0x0800cf28       0xcc bn_sprites_manager.o
 .text._ZN2bn15sprites_manager12_GLOBAL__N_1L18_remove_affine_matERNS_20sprites_manager_itemE
                0x0800cff4       0xe4 bn_sprites_manager.o
 .text._ZN2bn15sprites_manager42remove_identity_affine_mat_when_not_neededEPv
                0x0800d0d8        0xc bn_sprites_manager.o
                0x0800d0d8                _ZN2bn15sprites_manager42remove_identity_affine_mat_when_not_neededEPv
 .text._ZN2bn14sprite_builder15release_paletteEv
                0x0800d0e4       0x6c bn_sprites_manager.o
                0x0800d0e4                _ZN2bn14sprite_builder15release_paletteEv
 .text._ZN2bn14sprite_builder13release_tilesEv
                0x0800d150       0x6c bn_sprites_manager.o
                0x0800d150                _ZN2bn14sprite_builder13release_tilesEv
 .text._ZN2bn15sprites_manager7paletteEPv
                0x0800d1bc       0x34 bn_sprites_manager.o
                0x0800d1bc                _ZN2bn15sprites_manager7paletteEPv
 .text._ZN2bn20sprites_manager_item13_builder_initERKNS_14sprite_builderE
                0x0800d1f0      0x34c bn_sprites_manager.o
                0x0800d1f0                _ZN2bn20sprites_manager_item13_builder_initERKNS_14sprite_builderE
 .text._ZN2bn14sprite_builder11set_z_orderEi
                0x0800d53c       0x48 bn_sprites_manager.o
                0x0800d53c                _ZN2bn14sprite_builder11set_z_orderEi
 .text._ZN2bn14sprite_builderC2ERKNS_17sprite_shape_sizeENS_16sprite_tiles_ptrENS_18sprite_palette_ptrE
                0x0800d584      0x288 bn_sprites_manager.o
                0x0800d584                _ZN2bn14sprite_builderC2ERKNS_17sprite_shape_sizeENS_16sprite_tiles_ptrENS_18sprite_palette_ptrE
                0x0800d584                _ZN2bn14sprite_builderC1ERKNS_17sprite_shape_sizeENS_16sprite_tiles_ptrENS_18sprite_palette_ptrE
 .text._ZN2bn14sprite_builder15set_bg_priorityEi
                0x0800d80c       0x38 bn_sprites_manager.o
                0x0800d80c                _ZN2bn14sprite_builder15set_bg_priorityEi
 .text._ZN2bn15sprites_manager6updateEv
                0x0800d844      0x13c bn_sprites_manager.o
                0x0800d844                _ZN2bn15sprites_manager6updateEv
 .text._ZN3_bn6assert9show_argsIJA27_ciA4_ciEEEvPKcS5_S5_iDpRKT_
                0x0800d980       0x58 bn_sprites_manager.o
                0x0800d980                _ZN3_bn6assert9show_argsIJA27_ciA4_ciEEEvPKcS5_S5_iDpRKT_
 .text._ZN2bn15sprites_manager35fill_hblank_effect_third_attributesENS_17sprite_shape_sizeEPKNS_23sprite_third_attributesEPt
                0x0800d9d8      0x2f0 bn_sprites_manager.o
                0x0800d9d8                _ZN2bn15sprites_manager35fill_hblank_effect_third_attributesENS_17sprite_shape_sizeEPKNS_23sprite_third_attributesEPt
 .text._ZN2bn14sorted_sprites6sorter6insertERNS_20sprites_manager_itemE
                0x0800dcc8      0x184 bn_sprites_manager.o
                0x0800dcc8                _ZN2bn14sorted_sprites6sorter6insertERNS_20sprites_manager_itemE
 .text._ZN2bn15sprites_manager6createERKNS_13fixed_point_tILi12EEERKNS_17sprite_shape_sizeEONS_16sprite_tiles_ptrEONS_18sprite_palette_ptrE
                0x0800de4c      0x1d0 bn_sprites_manager.o
                0x0800de4c                _ZN2bn15sprites_manager6createERKNS_13fixed_point_tILi12EEERKNS_17sprite_shape_sizeEONS_16sprite_tiles_ptrEONS_18sprite_palette_ptrE
 .text._ZNK2bn11sprite_item13create_spriteENS_7fixed_tILi12EEES2_
                0x0800e01c       0x44 bn_sprites_manager.o
                0x0800e01c                _ZNK2bn11sprite_item13create_spriteENS_7fixed_tILi12EEES2_
 .text._ZN2bn15sprites_manager6createEONS_14sprite_builderE
                0x0800e060      0x17c bn_sprites_manager.o
                0x0800e060                _ZN2bn15sprites_manager6createEONS_14sprite_builderE
 .text._ZN2bn10sprite_ptr6createEONS_14sprite_builderE
                0x0800e1dc       0x14 bn_sprites_manager.o
                0x0800e1dc                _ZN2bn10sprite_ptr6createEONS_14sprite_builderE
 .text._ZN2bn15sprites_manager15decrease_usagesEPv
                0x0800e1f0      0x17c bn_sprites_manager.o
                0x0800e1f0                _ZN2bn15sprites_manager15decrease_usagesEPv
 .text._ZN2bn10sprite_ptrD2Ev
                0x0800e36c       0x18 bn_sprites_manager.o
                0x0800e36c                _ZN2bn10sprite_ptrD2Ev
                0x0800e36c                _ZN2bn10sprite_ptrD1Ev
 .text._ZN2bn13ostringstreamC2ERNS_12istring_baseE
                0x0800e384        0x8 bn_sstream.o
                0x0800e384                _ZN2bn13ostringstreamC2ERNS_12istring_baseE
                0x0800e384                _ZN2bn13ostringstreamC1ERNS_12istring_baseE
 .text._ZN2bn13ostringstream6appendEPKc
                0x0800e38c       0xac bn_sstream.o
                0x0800e38c                _ZN2bn13ostringstream6appendEPKc
 .text._ZN2bn13ostringstream6appendEi
                0x0800e438       0xb0 bn_sstream.o
                0x0800e438                _ZN2bn13ostringstream6appendEi
 .text._ZN2bn13ostringstream6appendERKNS_11string_viewE
                0x0800e4e8       0xbc bn_sstream.o
                0x0800e4e8                _ZN2bn13ostringstream6appendERKNS_11string_viewE
 .text._ZN2bn13ostringstream6appendEj
                0x0800e5a4       0xb0 bn_sstream.o
                0x0800e5a4                _ZN2bn13ostringstream6appendEj
 .text._ZN2bn13ostringstream6appendEPKv
                0x0800e654       0xec bn_sstream.o
                0x0800e654                _ZN2bn13ostringstream6appendEPKv
 .text._ZN2bn13ostringstream6appendEc
                0x0800e740       0x48 bn_sstream.o
                0x0800e740                _ZN2bn13ostringstream6appendEc
 .text._ZN2bn18igeneric_pool_baseC2EPci
                0x0800e788       0x10 bn_translation_unit.o
                0x0800e788                _ZN2bn18igeneric_pool_baseC2EPci
                0x0800e788                _ZN2bn18igeneric_pool_baseC1EPci
 .text._ZN2bn18igeneric_pool_base5_freeEPc
                0x0800e798       0x10 bn_translation_unit.o
                0x0800e798                _ZN2bn18igeneric_pool_base5_freeEPc
 .text._ZN2bn5timerC2Ev
                0x0800e7a8       0x24 bn_translation_unit.o
                0x0800e7a8                _ZN2bn5timerC2Ev
                0x0800e7a8                _ZN2bn5timerC1Ev
 .text._ZNK2bn5timer13elapsed_ticksEv
                0x0800e7cc       0x2c bn_translation_unit.o
                0x0800e7cc                _ZNK2bn5timer13elapsed_ticksEv
 .text._ZN2bn5timer7restartEv
                0x0800e7f8       0x28 bn_translation_unit.o
                0x0800e7f8                _ZN2bn5timer7restartEv
 .text._ZN2bn3logERKNS_12istring_baseE
                0x0800e820       0x58 bn_translation_unit.o
                0x0800e820                _ZN2bn3logERKNS_12istring_baseE
 .text._ZN2bn18igeneric_pool_base9_allocateEv
                0x0800e878       0x48 bn_translation_unit.o
                0x0800e878                _ZN2bn18igeneric_pool_base9_allocateEv
 .text._ZN2bn2hw5audio12_GLOBAL__N_1L21_maxmod_event_handlerEjj
                0x0800e8c0       0x38 bn_hw_audio.o
 .text._ZN2bn2hw5audio4initEv
                0x0800e8f8       0x7c bn_hw_audio.o
                0x0800e8f8                _ZN2bn2hw5audio4initEv
 .text._ZN2bn2hw5audio7disableEv
                0x0800e974       0x18 bn_hw_audio.o
                0x0800e974                _ZN2bn2hw5audio7disableEv
 .text._ZN2bn2hw5audio13update_eventsEb
                0x0800e98c       0x6c bn_hw_audio.o
                0x0800e98c                _ZN2bn2hw5audio13update_eventsEb
 .text._ZN2bn2hw5audio13music_playingEv
                0x0800e9f8       0x20 bn_hw_audio.o
                0x0800e9f8                _ZN2bn2hw5audio13music_playingEv
 .text._ZN2bn2hw5audio10play_musicEib
                0x0800ea18       0x1c bn_hw_audio.o
                0x0800ea18                _ZN2bn2hw5audio10play_musicEib
 .text._ZN2bn2hw5audio10stop_musicEv
                0x0800ea34       0x18 bn_hw_audio.o
                0x0800ea34                _ZN2bn2hw5audio10stop_musicEv
 .text._ZN2bn2hw5audio11pause_musicEv
                0x0800ea4c       0x18 bn_hw_audio.o
                0x0800ea4c                _ZN2bn2hw5audio11pause_musicEv
 .text._ZN2bn2hw5audio12resume_musicEv
                0x0800ea64       0x18 bn_hw_audio.o
                0x0800ea64                _ZN2bn2hw5audio12resume_musicEv
 .text._ZN2bn2hw5audio14jingle_playingEv
                0x0800ea7c       0x20 bn_hw_audio.o
                0x0800ea7c                _ZN2bn2hw5audio14jingle_playingEv
 .text._ZN2bn2hw5audio11play_jingleEi
                0x0800ea9c       0x1c bn_hw_audio.o
                0x0800ea9c                _ZN2bn2hw5audio11play_jingleEi
 .text._ZN2bn2hw5audio11stop_jingleEv
                0x0800eab8       0x18 bn_hw_audio.o
                0x0800eab8                _ZN2bn2hw5audio11stop_jingleEv
 .text._ZN2bn2hw5audio12pause_jingleEv
                0x0800ead0       0x18 bn_hw_audio.o
                0x0800ead0                _ZN2bn2hw5audio12pause_jingleEv
 .text._ZN2bn2hw5audio13resume_jingleEv
                0x0800eae8       0x18 bn_hw_audio.o
                0x0800eae8                _ZN2bn2hw5audio13resume_jingleEv
 .text._ZN3_bn6assert9show_argsIA43_cEEvPKcS4_S4_iRKT_
                0x0800eb00       0x48 bn_hw_audio.o
                0x0800eb00                _ZN3_bn6assert9show_argsIA43_cEEvPKcS4_S4_iRKT_
 .text._ZN2bn2hw5audio15set_mixing_rateENS_17audio_mixing_rateE
                0x0800eb48       0xc0 bn_hw_audio.o
                0x0800eb48                _ZN2bn2hw5audio15set_mixing_rateENS_17audio_mixing_rateE
 .text._ZN2bn2hw5audio15set_sound_speedEtNS_7fixed_tILi12EEES3_
                0x0800ec08       0x74 bn_hw_audio.o
                0x0800ec08                _ZN2bn2hw5audio15set_sound_speedEtNS_7fixed_tILi12EEES3_
 .text._ZN2bn2hw5audio12_GLOBAL__N_1L19_add_sound_to_queueEit
                0x0800ec7c       0x98 bn_hw_audio.o
 .text._ZN2bn2hw5audio12_GLOBAL__N_1L19_check_sounds_queueEi
                0x0800ed14       0xb0 bn_hw_audio.o
 .text._ZN2bn2hw5audio10play_soundEii
                0x0800edc4       0x44 bn_hw_audio.o
                0x0800edc4                _ZN2bn2hw5audio10play_soundEii
 .text._ZN2bn2hw5audio10play_soundEiiNS_7fixed_tILi12EEES3_S3_
                0x0800ee08       0xb8 bn_hw_audio.o
                0x0800ee08                _ZN2bn2hw5audio10play_soundEiiNS_7fixed_tILi12EEES3_S3_
 .text._ZN2bn2hw5audio15stop_all_soundsEv
                0x0800eec0       0x60 bn_hw_audio.o
                0x0800eec0                _ZN2bn2hw5audio15stop_all_soundsEv
 .text._ZN2bn2hw5audio19update_sounds_queueEv
                0x0800ef20       0x94 bn_hw_audio.o
                0x0800ef20                _ZN2bn2hw5audio19update_sounds_queueEv
 .text._ZN2bn2hw5audio12_GLOBAL__N_1L23_erase_sound_from_queueEt
                0x0800efb4       0x98 bn_hw_audio.o
 .text._ZN2bn2hw5audio10stop_soundEt
                0x0800f04c       0x20 bn_hw_audio.o
                0x0800f04c                _ZN2bn2hw5audio10stop_soundEt
 .text._ZN2bn2hw5audio13release_soundEt
                0x0800f06c       0x20 bn_hw_audio.o
                0x0800f06c                _ZN2bn2hw5audio13release_soundEt
 .text.__libc_init_array
                0x0800f08c       0x50 bn_hw_common.bn_noflto.o
                0x0800f08c                __libc_init_array
 .text._ZN3_bn6assert9show_argsIA40_cEEvPKcS4_S4_iRKT_
                0x0800f0dc       0x48 bn_hw_common.bn_noflto.o
                0x0800f0dc                _ZN3_bn6assert9show_argsIA40_cEEvPKcS4_S4_iRKT_
 .text.__aeabi_idiv0
                0x0800f124       0x24 bn_hw_common.bn_noflto.o
                0x0800f124                __aeabi_idiv0
 .text.free     0x0800f148        0xc bn_hw_cstdlib.o
                0x0800f148                free
 .text._ZN2bn2hw9dmg_audio4initEv
                0x0800f154       0x18 bn_hw_dmg_audio.o
                0x0800f154                _ZN2bn2hw9dmg_audio4initEv
 .text._ZN2bn2hw9dmg_audio7disableEv
                0x0800f16c       0x18 bn_hw_dmg_audio.o
                0x0800f16c                _ZN2bn2hw9dmg_audio7disableEv
 .text._ZN2bn2hw9dmg_audio13music_playingEv
                0x0800f184       0x28 bn_hw_dmg_audio.o
                0x0800f184                _ZN2bn2hw9dmg_audio13music_playingEv
 .text._ZN2bn2hw9dmg_audio10stop_musicEv
                0x0800f1ac       0x24 bn_hw_dmg_audio.o
                0x0800f1ac                _ZN2bn2hw9dmg_audio10stop_musicEv
 .text._ZN2bn2hw9dmg_audio11pause_musicEv
                0x0800f1d0       0x24 bn_hw_dmg_audio.o
                0x0800f1d0                _ZN2bn2hw9dmg_audio11pause_musicEv
 .text._ZN2bn2hw9dmg_audio12resume_musicEv
                0x0800f1f4       0x24 bn_hw_dmg_audio.o
                0x0800f1f4                _ZN2bn2hw9dmg_audio12resume_musicEv
 .text._ZN2bn2hw9dmg_audio14music_positionERiS2_
                0x0800f218       0x2c bn_hw_dmg_audio.o
                0x0800f218                _ZN2bn2hw9dmg_audio14music_positionERiS2_
 .text._ZN2bn2hw9dmg_audio6commitEv
                0x0800f244       0x34 bn_hw_dmg_audio.o
                0x0800f244                _ZN2bn2hw9dmg_audio6commitEv
 .text._ZN3_bn6assert9show_argsIA38_ciEEvPKcS4_S4_iRKT_RKT0_
                0x0800f278       0x54 bn_hw_dmg_audio.o
                0x0800f278                _ZN3_bn6assert9show_argsIA38_ciEEvPKcS4_S4_iRKT_RKT0_
 .text._ZN2bn2hw9dmg_audio10play_musicEPKvNS_14dmg_music_typeEib
                0x0800f2cc       0x84 bn_hw_dmg_audio.o
                0x0800f2cc                _ZN2bn2hw9dmg_audio10play_musicEPKvNS_14dmg_music_typeEib
 .text._ZN2bn2hw9dmg_audio18set_music_positionEii
                0x0800f350       0x4c bn_hw_dmg_audio.o
                0x0800f350                _ZN2bn2hw9dmg_audio18set_music_positionEii
 .text._ZN2bn2hw9dmg_audio16set_music_volumeENS_7fixed_tILi12EEES3_
                0x0800f39c       0x50 bn_hw_dmg_audio.o
                0x0800f39c                _ZN2bn2hw9dmg_audio16set_music_volumeENS_7fixed_tILi12EEES3_
 .text._ZN3_bn6assert9show_argsIA22_cjEEvPKcS4_S4_iRKT_RKT0_
                0x0800f3ec       0x54 bn_hw_dmg_audio.o
                0x0800f3ec                _ZN3_bn6assert9show_argsIA22_cjEEvPKcS4_S4_iRKT_RKT0_
 .text._ZN2bn2hw9dmg_audio19check_commit_resultEv
                0x0800f440       0x38 bn_hw_dmg_audio.o
                0x0800f440                _ZN2bn2hw9dmg_audio19check_commit_resultEv
 .text._ZN2bn2hw4gpio4initEv
                0x0800f478        0x8 bn_hw_gpio.bn_noflto.o
                0x0800f478                _ZN2bn2hw4gpio4initEv
 .text._ZN2bn2hw4link12_GLOBAL__N_1L19_resetStateCallbackEv
                0x0800f480       0x4c bn_hw_link.o
 .text._ZN2bn2hw4link4initEv
                0x0800f4cc      0x100 bn_hw_link.o
                0x0800f4cc                _ZN2bn2hw4link4initEv
 .text._ZN2bn2hw4link6activeEv
                0x0800f5cc       0x10 bn_hw_link.o
                0x0800f5cc                _ZN2bn2hw4link6activeEv
 .text._ZN2bn2hw4link7disableEv
                0x0800f5dc       0x6c bn_hw_link.o
                0x0800f5dc                _ZN2bn2hw4link7disableEv
 .text._ZN2bn2hw4link6commitEv
                0x0800f648       0x28 bn_hw_link.o
                0x0800f648                _ZN2bn2hw4link6commitEv
 .text._ZN2bn2hw4link11_timer_intrEv
                0x0800f670       0xf8 bn_hw_link.o
                0x0800f670                _ZN2bn2hw4link11_timer_intrEv
 .text._ZN2bn2hw4link12_serial_intrEv
                0x0800f768      0x1d4 bn_hw_link.o
                0x0800f768                _ZN2bn2hw4link12_serial_intrEv
 .text._ZN2bn2hw4link12_GLOBAL__N_1L17_sendDataCallbackEv
                0x0800f93c       0xd8 bn_hw_link.o
 .text._ZN2bn2hw4link12_GLOBAL__N_1L24_receiveResponseCallbackERKNS_2lc12LinkResponseE
                0x0800fa14      0x148 bn_hw_link.o
 .text._ZN2bn2hw8palettes8contrastEPKNS_5colorEiiPS2_
                0x0800fb5c       0x18 bn_hw_palettes.o
                0x0800fb5c                _ZN2bn2hw8palettes8contrastEPKNS_5colorEiiPS2_
 .text._ZN2bn2hw8palettes9intensityEPKNS_5colorEiiPS2_
                0x0800fb74       0x18 bn_hw_palettes.o
                0x0800fb74                _ZN2bn2hw8palettes9intensityEPKNS_5colorEiiPS2_
 .text._ZN2bn2hw8palettes9hue_shiftEPKNS_5colorEiiPS2_
                0x0800fb8c      0x14c bn_hw_palettes.o
                0x0800fb8c                _ZN2bn2hw8palettes9hue_shiftEPKNS_5colorEiiPS2_
 .text._ZN2bn2hw8palettes6rotateEPKNS_5colorEiiPS2_
                0x0800fcd8       0x30 bn_hw_palettes.o
                0x0800fcd8                _ZN2bn2hw8palettes6rotateEPKNS_5colorEiiPS2_
 .text._ZN2bn7istring6appendEPKci.isra.0
                0x0800fd08       0xb4 bn_hw_show.o
 .text._ZN2bn2hw4show5errorERKNS_11system_fontERKNS_11string_viewES7_S7_iS7_S7_
                0x0800fdbc      0x284 bn_hw_show.o
                0x0800fdbc                _ZN2bn2hw4show5errorERKNS_11system_fontERKNS_11string_viewES7_S7_iS7_S7_
 .text._ZN2bn2hw4sram4initEv
                0x08010040       0x18 bn_hw_sram.bn_noflto.o
                0x08010040                _ZN2bn2hw4sram4initEv
 .text._ZN2bn11system_fontC2Ev
                0x08010058       0x18 bn_hw_system_font.o
                0x08010058                _ZN2bn11system_fontC2Ev
                0x08010058                _ZN2bn11system_fontC1Ev
 .text._ZNK2bn11system_font8tte_fontEv
                0x08010070        0x4 bn_hw_system_font.o
                0x08010070                _ZNK2bn11system_font8tte_fontEv
 .text._ZN2bn2hw4text5parseEjRNS_5arrayIcLi32EEE
                0x08010074       0xa0 bn_hw_text.o
                0x08010074                _ZN2bn2hw4text5parseEjRNS_5arrayIcLi32EEE
 .text._ZN2bn2hw4text5parseEPKvRNS_5arrayIcLi32EEE
                0x08010114       0x30 bn_hw_text.o
                0x08010114                _ZN2bn2hw4text5parseEPKvRNS_5arrayIcLi32EEE
 .text._ZN2bn2hw4text5parseEiRNS_5arrayIcLi32EEE
                0x08010144       0xbc bn_hw_text.o
                0x08010144                _ZN2bn2hw4text5parseEiRNS_5arrayIcLi32EEE
 .text.clr_grayscale
                0x08010200       0x7c tonc_color.o
                0x08010200                clr_grayscale
 .text.sbmp16_rect
                0x0801027c       0x6c tonc_sbmp16.o
                0x0801027c                sbmp16_rect
 .text.bmp16_drawg_b1cts
                0x080102e8       0xb4 bmp16_drawg_b1cs.o
                0x080102e8                bmp16_drawg_b1cts
 .text.bmp16_erase
                0x0801039c       0x24 tte_init_bmp.o
                0x0801039c                bmp16_erase
 .text.tte_init_bmp
                0x080103c0       0x60 tte_init_bmp.o
                0x080103c0                tte_init_bmp
 .text.dummy_drawg
                0x08010420        0x4 tte_main.o
                0x08010420                dummy_drawg
 .text.dummy_erase
                0x08010424        0x4 tte_main.o
                0x08010424                dummy_erase
 .text.tte_init_base
                0x08010428       0x68 tte_main.o
                0x08010428                tte_init_base
 .text.utf8_decode_char
                0x08010490       0xb8 tte_main.o
                0x08010490                utf8_decode_char
 .text.tte_write
                0x08010548       0xd4 tte_main.o
                0x08010548                tte_write
 .text.tte_get_text_size
                0x0801061c       0xa0 tte_main.o
                0x0801061c                tte_get_text_size
 .text.tte_set_margins
                0x080106bc       0x14 tte_main.o
                0x080106bc                tte_set_margins
 .text.IRQ_Init
                0x080106d0       0x48 interrupts_gba.o
                0x080106d0                IRQ_Init
 .text.IRQ_SetHandler
                0x08010718        0xc interrupts_gba.o
                0x08010718                IRQ_SetHandler
 .text.IRQ_Enable
                0x08010724       0x64 interrupts_gba.o
                0x08010724                IRQ_Enable
 .text.IRQ_Disable
                0x08010788       0x60 interrupts_gba.o
                0x08010788                IRQ_Disable
 .text.mmResetEffects
                0x080107e8       0x1c effect.o
                0x080107e8                mmResetEffects
 .text.mmEffectEx
                0x08010804      0x118 effect.o
                0x08010804                mmEffectEx
 .text.mmEffect
                0x0801091c       0x24 effect.o
                0x0801091c                mmEffect
 .text.mmSetEffectsVolume
                0x08010940       0x14 effect.o
                0x08010940                mmSetEffectsVolume
 .text.mmEffectPanning
                0x08010954       0x34 effect.o
                0x08010954                mmEffectPanning
 .text.mmEffectActive
                0x08010988       0x2c effect.o
                0x08010988                mmEffectActive
 .text.mmEffectScaleRate
                0x080109b4       0x34 effect.o
                0x080109b4                mmEffectScaleRate
 .text.mmEffectCancel
                0x080109e8       0x68 effect.o
                0x080109e8                mmEffectCancel
 .text.mmEffectRelease
                0x08010a50       0x5c effect.o
                0x08010a50                mmEffectRelease
 .text.mmEffectCancelAll
                0x08010aac       0x64 effect.o
                0x08010aac                mmEffectCancelAll
 .text.mmUpdateEffects
                0x08010b10       0x90 effect.o
                0x08010b10                mmUpdateEffects
 .text.mpp_resetchannels
                0x08010ba0       0x80 mas.o
 .text.mpph_VolumeSlide.isra.0
                0x08010c20       0x90 mas.o
 .text.mpph_PitchSlide_Up.isra.0
                0x08010cb0       0x3c mas.o
 .text.mpp_setposition
                0x08010cec       0xb4 mas.o
 .text.mppe_DoVibrato
                0x08010da0       0x90 mas.o
 .text.mpph_FastForward
                0x08010e30       0x80 mas.o
 .text.mppe_glis_backdoor
                0x08010eb0       0xb4 mas.o
 .text.mmSetEventHandler
                0x08010f64        0xc mas.o
                0x08010f64                mmSetEventHandler
 .text.mmPause  0x08010f70       0x4c mas.o
                0x08010f70                mmPause
 .text.mmResume
                0x08010fbc       0x14 mas.o
                0x08010fbc                mmResume
 .text.mmJinglePause
                0x08010fd0       0x54 mas.o
                0x08010fd0                mmJinglePause
 .text.mmJingleResume
                0x08011024       0x14 mas.o
                0x08011024                mmJingleResume
 .text.mmActive
                0x08011038        0xc mas.o
                0x08011038                mmActive
 .text.mmJingleActive
                0x08011044        0xc mas.o
                0x08011044                mmJingleActive
 .text.mmSetModuleVolume
                0x08011050       0x14 mas.o
                0x08011050                mmSetModuleVolume
 .text.mmSetJingleVolume
                0x08011064       0x14 mas.o
                0x08011064                mmSetJingleVolume
 .text.mmStop   0x08011078       0x34 mas.o
                0x08011078                mmStop
 .text.mmJingleStop
                0x080110ac       0x2c mas.o
                0x080110ac                mmJingleStop
 .text.mmGetPosition
                0x080110d8        0xc mas.o
                0x080110d8                mmGetPosition
 .text.mmSetModuleTempo
                0x080110e4       0x54 mas.o
                0x080110e4                mmSetModuleTempo
 .text.mmPlayMAS
                0x08011138      0x104 mas.o
                0x08011138                mmPlayMAS
 .text.mmJingleStart
                0x0801123c       0x30 mas.o
                0x0801123c                mmJingleStart
 .text.mmStart  0x0801126c       0x30 mas.o
                0x0801126c                mmStart
 .text.mmSetModulePitch
                0x0801129c       0x20 mas.o
                0x0801129c                mmSetModulePitch
 .text.mpp_Process_VolumeCommand
                0x080112bc      0x378 mas.o
                0x080112bc                mpp_Process_VolumeCommand
 .text.mmSetPositionEx
                0x08011634       0x24 mas.o
                0x08011634                mmSetPositionEx
 .text.mpp_Process_Effect
                0x08011658      0x750 mas.o
                0x08011658                mpp_Process_Effect
 .text.mpp_Update_ACHN_notest
                0x08011da8      0x4cc mas.o
                0x08011da8                mpp_Update_ACHN_notest
 .text.mppUpdateSub
                0x08012274       0x64 mas.o
                0x08012274                mppUpdateSub
 .text.mmUpdateChannel_TN
                0x080122d8       0xbc mas_arm.o
                0x080122d8                mmUpdateChannel_TN
 .text.mmInit   0x08012394       0xa8 main_gba.o
                0x08012394                mmInit
 .text.mmEnd    0x0801243c       0x2c main_gba.o
                0x0801243c                mmEnd
 .text.mmFrame  0x08012468       0xa4 main_gba.o
                0x08012468                mmFrame
 .text.mmGetModuleCount
                0x0801250c        0xc main_gba.o
                0x0801250c                mmGetModuleCount
 .text.mmGetSampleCount
                0x08012518        0xc main_gba.o
                0x08012518                mmGetSampleCount
 .text.mmMixerSetPan
                0x08012524       0x10 mixer.o
                0x08012524                mmMixerSetPan
 .text.mmMixerMulFreq
                0x08012534       0x18 mixer.o
                0x08012534                mmMixerMulFreq
 .text.mmMixerStopChannel
                0x0801254c       0x14 mixer.o
                0x0801254c                mmMixerStopChannel
 .text.mmMixerInit
                0x08012560      0x130 mixer.o
                0x08012560                mmMixerInit
 .text.mmMixerEnd
                0x08012690       0x30 mixer.o
                0x08012690                mmMixerEnd
 .text.channel3_refresh_registers
                0x080126c0       0xc8 gbt_player.o
 .text.gbt_refresh_pattern_ptr
                0x08012788       0x80 gbt_player.o
 .text.gbt_ch1234_nop
                0x08012808        0x4 gbt_player.o
 .text.gbt_ch1234_speed
                0x0801280c       0x10 gbt_player.o
 .text.gbt_ch1234_jump_pattern
                0x0801281c       0x14 gbt_player.o
 .text.gbt_ch1234_jump_position
                0x08012830       0x1c gbt_player.o
 .text.gbt_ch1234_event
                0x0801284c       0x24 gbt_player.o
 .text.gbt_ch1_pan
                0x08012870       0x10 gbt_player.o
 .text.gbt_ch1_cut_note
                0x08012880       0x10 gbt_player.o
 .text.gbt_ch1_arpeggio
                0x08012890       0x38 gbt_player.o
 .text.gbt_ch1_vibrato
                0x080128c8       0x20 gbt_player.o
 .text.gbt_ch1_volslide
                0x080128e8       0x10 gbt_player.o
 .text.gbt_ch2_pan
                0x080128f8       0x10 gbt_player.o
 .text.gbt_ch2_cut_note
                0x08012908       0x10 gbt_player.o
 .text.gbt_ch2_arpeggio
                0x08012918       0x38 gbt_player.o
 .text.gbt_ch2_vibrato
                0x08012950       0x20 gbt_player.o
 .text.gbt_ch2_volslide
                0x08012970       0x10 gbt_player.o
 .text.gbt_ch3_pan
                0x08012980       0x10 gbt_player.o
 .text.gbt_ch3_cut_note
                0x08012990       0x10 gbt_player.o
 .text.gbt_ch3_arpeggio
                0x080129a0       0x38 gbt_player.o
 .text.gbt_ch3_vibrato
                0x080129d8       0x20 gbt_player.o
 .text.gbt_ch4_pan
                0x080129f8       0x14 gbt_player.o
 .text.gbt_ch4_cut_note
                0x08012a0c       0x10 gbt_player.o
 .text.gbt_ch4_volslide
                0x08012a1c       0x10 gbt_player.o
 .text.gbt_update_refresh_panning
                0x08012a2c       0x54 gbt_player.o
 .text.gbt_run_startup_commands.part.0
                0x08012a80       0xc8 gbt_player.o
 .text.gbt_update_effects_internal
                0x08012b48      0x2cc gbt_player.o
 .text.gbt_play
                0x08012e14      0x1dc gbt_player.o
                0x08012e14                gbt_play
 .text.gbt_volume
                0x08012ff0       0x68 gbt_player.o
                0x08012ff0                gbt_volume
 .text.gbt_is_playing
                0x08013058        0xc gbt_player.o
                0x08013058                gbt_is_playing
 .text.gbt_pause
                0x08013064       0x48 gbt_player.o
                0x08013064                gbt_pause
 .text.gbt_loop
                0x080130ac        0xc gbt_player.o
                0x080130ac                gbt_loop
 .text.gbt_stop
                0x080130b8       0x24 gbt_player.o
                0x080130b8                gbt_stop
 .text.gbt_update
                0x080130dc      0x65c gbt_player.o
                0x080130dc                gbt_update
 .text.gbt_get_position_unsafe
                0x08013738       0x24 gbt_player.o
                0x08013738                gbt_get_position_unsafe
 .text.gbt_set_position
                0x0801375c       0xf0 gbt_player.o
                0x0801375c                gbt_set_position
 .text.advgm_play
                0x0801384c       0xb8 advgm.o
                0x0801384c                advgm_play
 .text.advgm_stop
                0x08013904       0x9c advgm.o
                0x08013904                advgm_stop
 .text.advgm_update
                0x080139a0       0xb0 advgm.o
                0x080139a0                advgm_update
 .text.advgm_pause
                0x08013a50       0x2c advgm.o
                0x08013a50                advgm_pause
 .text.advgm_resume
                0x08013a7c       0x1c advgm.o
                0x08013a7c                advgm_resume
 .text.advgm_playing
                0x08013a98        0xc advgm.o
                0x08013a98                advgm_playing
 .text.advgm_get_music_offset
                0x08013aa4       0x18 advgm.o
                0x08013aa4                advgm_get_music_offset
 .text.advgm_set_music_offset
                0x08013abc       0x14 advgm.o
                0x08013abc                advgm_set_music_offset
 .text          0x08013ad0       0x8c tonc_bios.o
                0x08013ad0                SoftReset
                0x08013ad4                RegisterRamReset
                0x08013ad8                Halt
                0x08013adc                Stop
                0x08013ae0                IntrWait
                0x08013ae4                VBlankIntrWait
                0x08013ae8                Div
                0x08013aec                DivArm
                0x08013af0                Sqrt
                0x08013af4                ArcTan
                0x08013af8                ArcTan2
                0x08013afc                CpuSet
                0x08013b00                CpuFastSet
                0x08013b04                BiosCheckSum
                0x08013b08                BgAffineSet
                0x08013b0c                ObjAffineSet
                0x08013b10                BitUnPack
                0x08013b14                LZ77UnCompWram
                0x08013b18                LZ77UnCompVram
                0x08013b1c                HuffUnComp
                0x08013b20                RLUnCompWram
                0x08013b24                RLUnCompVram
                0x08013b28                Diff8bitUnFilterWram
                0x08013b2c                Diff8bitUnFilterVram
                0x08013b30                Diff16bitUnFilter
                0x08013b34                SoundBias
                0x08013b38                SoundDriverInit
                0x08013b3c                SoundDriverMode
                0x08013b40                SoundDriverMain
                0x08013b44                SoundDriverVSync
                0x08013b48                SoundChannelClear
                0x08013b4c                MidiKey2Freq
                0x08013b50                MultiBoot
                0x08013b54                SoundDriverVSyncOff
                0x08013b58                SoundDriverVSyncOn
 .text          0x08013b5c       0x3c tonc_memset.o
                0x08013b5c                memset16
 .text          0x08013b98      0x26c posprintf.o
                0x08013b9c                posprintf
 .text          0x08013e04       0x6c memset.o
                0x08013e04                __agbabi_wordset4
                0x08013e08                __agbabi_lwordset4
 .text.__stub   0x08013e70      0x154 linker stubs
 *(.gnu.linkonce.t.*)
 *(.text.*personality*)
 *(.gnu.warning)
 *(.glue_7t)
 .glue_7t       0x08013fc4        0x0 linker stubs
 *(.glue_7)
 .glue_7        0x08013fc4        0x0 linker stubs
 *(.vfp11_veneer)
 .vfp11_veneer  0x08013fc4        0x0 linker stubs
                0x08013fc4                        . = ALIGN (0x4)
                0x08014028                        __text_end = .

.v4_bx          0x08014028        0x0
 .v4_bx         0x08014028        0x0 linker stubs

.iplt           0x08014028        0x0
 .iplt          0x08014028        0x0 C:/devkitPro/devkitARM/bin/../lib/gcc/arm-none-eabi/15.2.0/../../../../arm-none-eabi/lib/thumb/gba_crt0.o

.fini           0x08014028        0xc
 *(.fini)
 .fini          0x08014028        0x4 C:/devkitPro/devkitARM/bin/../lib/gcc/arm-none-eabi/15.2.0/thumb/crti.o
                0x08014028                _fini
 .fini          0x0801402c        0x8 C:/devkitPro/devkitARM/bin/../lib/gcc/arm-none-eabi/15.2.0/thumb/crtn.o
                0x08014034                        . = ALIGN (0x4)

.rodata         0x08014034     0xdbbc
 *(.rodata)
 .rodata        0x08014034      0x220 ima_bn_gfx.o
                0x08014034                ima_bn_gfxTiles
                0x08014234                ima_bn_gfxPal
 .rodata        0x08014254      0x220 ima2_bn_gfx.o
                0x08014254                ima2_bn_gfxTiles
                0x08014454                ima2_bn_gfxPal
 .rodata        0x08014474      0x220 ima3_bn_gfx.o
                0x08014474                ima3_bn_gfxTiles
                0x08014674                ima3_bn_gfxPal
 .rodata        0x08014694      0x220 imaback_bn_gfx.o
                0x08014694                imaback_bn_gfxTiles
                0x08014894                imaback_bn_gfxPal
 .rodata        0x080148b4     0x1ba0 common_variable_8x16_font_bn_gfx.o
                0x080148b4                common_variable_8x16_font_bn_gfxTiles
                0x08016434                common_variable_8x16_font_bn_gfxPal
 .rodata        0x08016454       0x9c main.o
 .rodata        0x080164f0        0x8 bn_core.o
 .rodata        0x080164f8        0x6 bn_sprite_text_generator.o
 *fill*         0x080164fe        0x2 ff
 .rodata        0x08016500       0x10 bn_sprite_tiles_manager.o
 .rodata        0x08016510        0xa mas.o
 *fill*         0x0801651a        0x2 ff
 .rodata        0x0801651c       0x90 gbt_player.o
 .rodata        0x080165ac      0xef8 verdana9.o
                0x080165ac                verdana9Font
                0x080165c4                verdana9Glyphs
                0x080173c4                verdana9Widths
 *all.rodata*(*)
 *(.roda)
 *(.rodata.*)
 .rodata.bn_audio_soundbank_bin
                0x080174a4     0x71c9 bn_audio_soundbank.bin.o
                0x080174a4                bn_audio_soundbank_bin