Archive member included to satisfy reference by file (symbol)

C:/devkitPro/devkitARM/bin/../lib/gcc/arm-none-eabi/15.2.0/thumb\libgcc.a(_sync_none.o)
                              (__sync_synchronize_none)

Discarded input sections

 .text          0x00000000        0x0 C:/devkitPro/devkitARM/bin/../lib/gcc/arm-none-eabi/15.2.0/../../../../arm-none-eabi/lib/thumb/gba_crt0.o
 .data          0x00000000        0x0 C:/devkitPro/devkitARM/bin/../lib/gcc/arm-none-eabi/15.2.0/../../../../arm-none-eabi/lib/thumb/gba_crt0.o
 .bss           0x00000000        0x0 C:/devkitPro/devkitARM/bin/../lib/gcc/arm-none-eabi/15.2.0/../../../../arm-none-eabi/lib/thumb/gba_crt0.o
 .text          0x00000000        0x0 C:/devkitPro/devkitARM/bin/../lib/gcc/arm-none-eabi/15.2.0/thumb/crti.o
 .data          0x00000000        0x0 C:/devkitPro/devkitARM/bin/../lib/gcc/arm-none-eabi/15.2.0/thumb/crti.o
 .bss           0x00000000        0x0 C:/devkitPro/devkitARM/bin/../lib/gcc/arm-none-eabi/15.2.0/thumb/crti.o
 .text          0x00000000        0x0 C:/devkitPro/devkitARM/bin/../lib/gcc/arm-none-eabi/15.2.0/thumb/crtbegin.o
 .data          0x00000000        0x0 C:/devkitPro/devkitARM/bin/../lib/gcc/arm-none-eabi/15.2.0/thumb/crtbegin.o
 .bss           0x00000000        0x0 C:/devkitPro/devkitARM/bin/../lib/gcc/arm-none-eabi/15.2.0/thumb/crtbegin.o
 .rodata.all_implied_fbits
                0x00000000       0x24 C:/devkitPro/devkitARM/bin/../lib/gcc/arm-none-eabi/15.2.0/thumb/crtbegin.o
 .data.__dso_handle
                0x00000000        0x4 C:/devkitPro/devkitARM/bin/../lib/gcc/arm-none-eabi/15.2.0/thumb/crtbegin.o
 .text          0x00000000        0x0 bn_audio_soundbank.bin.o
 .data          0x00000000        0x0 bn_audio_soundbank.bin.o
 .bss           0x00000000        0x0 bn_audio_soundbank.bin.o
 .text          0x00000000        0x0 blue_bg_bn_gfx.o
 .data          0x00000000        0x0 blue_bg_bn_gfx.o
 .bss           0x00000000        0x0 blue_bg_bn_gfx.o
 .rodata        0x00000000     0x13c0 blue_bg_bn_gfx.o
 .text          0x00000000        0x0 blue_sprite_bn_gfx.o
 .data          0x00000000        0x0 blue_sprite_bn_gfx.o
 .bss           0x00000000        0x0 blue_sprite_bn_gfx.o
 .rodata        0x00000000      0x820 blue_sprite_bn_gfx.o
 .text          0x00000000        0x0 caveman_bn_gfx.o
 .data          0x00000000        0x0 caveman_bn_gfx.o
 .bss           0x00000000        0x0 caveman_bn_gfx.o
 .rodata        0x00000000      0x820 caveman_bn_gfx.o
 .text          0x00000000        0x0 green_bg_bn_gfx.o
 .data          0x00000000        0x0 green_bg_bn_gfx.o
 .bss           0x00000000        0x0 green_bg_bn_gfx.o
 .rodata        0x00000000     0x13c0 green_bg_bn_gfx.o
 .text          0x00000000        0x0 green_sprite_bn_gfx.o
 .data          0x00000000        0x0 green_sprite_bn_gfx.o
 .bss           0x00000000        0x0 green_sprite_bn_gfx.o
 .rodata        0x00000000      0x820 green_sprite_bn_gfx.o
 .text          0x00000000        0x0 ima_bn_gfx.o
 .data          0x00000000        0x0 ima_bn_gfx.o
 .bss           0x00000000        0x0 ima_bn_gfx.o
 .text          0x00000000        0x0 ima2_bn_gfx.o
 .data          0x00000000        0x0 ima2_bn_gfx.o
 .bss           0x00000000        0x0 ima2_bn_gfx.o
 .text          0x00000000        0x0 ima3_bn_gfx.o
 .data          0x00000000        0x0 ima3_bn_gfx.o
 .bss           0x00000000        0x0 ima3_bn_gfx.o
 .text          0x00000000        0x0 imaback_bn_gfx.o
 .data          0x00000000        0x0 imaback_bn_gfx.o
 .bss           0x00000000        0x0 imaback_bn_gfx.o
 .text          0x00000000        0x0 ninja_bn_gfx.o
 .data          0x00000000        0x0 ninja_bn_gfx.o
 .bss           0x00000000        0x0 ninja_bn_gfx.o
 .rodata        0x00000000      0x820 ninja_bn_gfx.o
 .text          0x00000000        0x0 red_bg_bn_gfx.o
 .data          0x00000000        0x0 red_bg_bn_gfx.o
 .bss           0x00000000        0x0 red_bg_bn_gfx.o
 .rodata        0x00000000     0x13c0 red_bg_bn_gfx.o
 .text          0x00000000        0x0 red_sprite_bn_gfx.o
 .data          0x00000000        0x0 red_sprite_bn_gfx.o
 .bss           0x00000000        0x0 red_sprite_bn_gfx.o
 .rodata        0x00000000      0x820 red_sprite_bn_gfx.o
 .text          0x00000000        0x0 yellow_bg_bn_gfx.o
 .data          0x00000000        0x0 yellow_bg_bn_gfx.o
 .bss           0x00000000        0x0 yellow_bg_bn_gfx.o
 .rodata        0x00000000     0x13c0 yellow_bg_bn_gfx.o
 .text          0x00000000        0x0 yellow_sprite_bn_gfx.o
 .data          0x00000000        0x0 yellow_sprite_bn_gfx.o
 .bss           0x00000000        0x0 yellow_sprite_bn_gfx.o
 .rodata        0x00000000      0x820 yellow_sprite_bn_gfx.o
 .text          0x00000000        0x0 common_fixed_8x16_font_bn_gfx.o
 .data          0x00000000        0x0 common_fixed_8x16_font_bn_gfx.o
 .bss           0x00000000        0x0 common_fixed_8x16_font_bn_gfx.o
 .rodata        0x00000000     0x1ba0 common_fixed_8x16_font_bn_gfx.o
[...]
Memory Configuration

Name             Origin             Length             Attributes
rom              0x08000000         0x02000000
iwram            0x03000000         0x00008000
ewram            0x02000000         0x00040000
*default*        0x00000000         0xffffffff

Linker script and memory map

                0x00000000                        __sync_synchronize = __sync_synchronize_none
                0x08000000                        __text_start = ORIGIN (rom)
                0x02040000                        __eheap_end = (ORIGIN (ewram) + LENGTH (ewram))
                0x03000000                        __iwram_start = ORIGIN (iwram)
                0x03008000                        __iwram_top = (ORIGIN (iwram) + LENGTH (iwram))
                0x03007fa0                        __sp_irq = (__iwram_top - 0x60)
                0x03007f00                        __sp_usr = (__sp_irq - 0xa0)
                0x03007ff8                        __irq_flags = 0x3007ff8
                0x08000000                        . = __text_start

.crt0           0x08000000      0x210
 *(.crt0)
 .crt0          0x08000000      0x210 C:/devkitPro/devkitARM/bin/../lib/gcc/arm-none-eabi/15.2.0/../../../../arm-none-eabi/lib/thumb/gba_crt0.o
                0x08000000                _start
                0x080000c4                __boot_method
                0x080000c5                __slave_number
                0x080000e0                start_vector
                0x08000210                        . = ALIGN (0x4)

.init           0x08000210        0xc
 *(SORT_NONE(.init))
 .init          0x08000210        0x4 C:/devkitPro/devkitARM/bin/../lib/gcc/arm-none-eabi/15.2.0/thumb/crti.o
                0x08000210                _init
 .init          0x08000214        0x8 C:/devkitPro/devkitARM/bin/../lib/gcc/arm-none-eabi/15.2.0/thumb/crtn.o

.plt            0x0800021c        0x0
 *(.plt)
                0x0800021c                        . = ALIGN (0x4)

.text           0x08000220    0x13bc8
 *(EXCLUDE_FILE(*.iwram*) .text*)
 .text.__do_global_dtors_aux
                0x08000220       0x2c C:/devkitPro/devkitARM/bin/../lib/gcc/arm-none-eabi/15.2.0/thumb/crtbegin.o
 .text.frame_dummy
                0x0800024c       0x24 C:/devkitPro/devkitARM/bin/../lib/gcc/arm-none-eabi/15.2.0/thumb/crtbegin.o
 .text._ZZ4mainENKUlvE_clEv
                0x08000270      0x214 main.o
 .text._Z20obtener_grupo_imageni
                0x08000484       0x2c main.o
                0x08000484                _Z20obtener_grupo_imageni
 .text._Z18mostrar_cara_cartaR5Carta
                0x080004b0       0x5c main.o
                0x080004b0                _Z18mostrar_cara_cartaR5Carta
 .text._ZN3_bn6assert9show_argsIJA19_ciA4_ciEEEvPKcS5_S5_iDpRKT_
                0x0800050c       0x64 main.o
                0x0800050c                _ZN3_bn6assert9show_argsIJA19_ciA4_ciEEEvPKcS5_S5_iDpRKT_
 .text._ZN3_bn6assert9show_argsIJA16_ciA4_ciEEEvPKcS5_S5_iDpRKT_
                0x08000570       0x64 main.o
                0x08000570                _ZN3_bn6assert9show_argsIJA16_ciA4_ciEEEvPKcS5_S5_iDpRKT_
 .text._ZN2bn7ivectorI5CartaEixEi
                0x080005d4       0x54 main.o
                0x080005d4                _ZN2bn7ivectorI5CartaEixEi
 .text.startup.main
                0x08000628      0x5d8 main.o
                0x08000628                main
 .text._ZN3_bn6assert9show_argsIA16_ciEEvPKcS4_S4_iRKT_RKT0_
                0x08000c00       0x54 common_info.o
                0x08000c00                _ZN3_bn6assert9show_argsIA16_ciEEvPKcS4_S4_iRKT_RKT0_
 .text._ZN3_bn6assert9show_argsIA15_ciEEvPKcS4_S4_iRKT_RKT0_
                0x08000c54       0x54 common_stats.o
                0x08000c54                _ZN3_bn6assert9show_argsIA15_ciEEvPKcS4_S4_iRKT_RKT0_
 .text._ZN3_bn6assert9show_argsIA15_cEEvPKcS4_S4_iRKT_
                0x08000ca8       0x48 bn_affine_bg_animate_actions.o
                0x08000ca8                _ZN3_bn6assert9show_argsIA15_cEEvPKcS4_S4_iRKT_
 .text._ZN3_bn6assert9show_argsIA24_ciEEvPKcS4_S4_iRKT_RKT0_
                0x08000cf0       0x54 bn_affine_bg_animate_actions.o
                0x08000cf0                _ZN3_bn6assert9show_argsIA24_ciEEvPKcS4_S4_iRKT_RKT0_
 .text._ZN3_bn6assert9show_argsIA28_ciEEvPKcS4_S4_iRKT_RKT0_
                0x08000d44       0x54 bn_affine_bg_animate_actions.o
                0x08000d44                _ZN3_bn6assert9show_argsIA28_ciEEvPKcS4_S4_iRKT_RKT0_
 .text._ZN2bn13audio_manager4initEv
                0x08000d98       0x60 bn_audio_manager.bn_noflto.o
                0x08000d98                _ZN2bn13audio_manager4initEv
 .text._ZN2bn13audio_manager7disableEv
                0x08000df8       0x10 bn_audio_manager.bn_noflto.o
                0x08000df8                _ZN2bn13audio_manager7disableEv
 .text._ZN2bn13audio_manager10sound_dataEt
                0x08000e08       0x6c bn_audio_manager.bn_noflto.o
                0x08000e08                _ZN2bn13audio_manager10sound_dataEt
 .text._ZN2bn13audio_manager6updateEv
                0x08000e74       0x18 bn_audio_manager.bn_noflto.o
                0x08000e74                _ZN2bn13audio_manager6updateEv
 .text._ZN2bn13audio_manager13vblank_commitEv
                0x08000e8c       0x2c bn_audio_manager.bn_noflto.o
                0x08000e8c                _ZN2bn13audio_manager13vblank_commitEv
 .text._ZN2bn13audio_manager14delayed_commitEv
                0x08000eb8       0x34 bn_audio_manager.bn_noflto.o
                0x08000eb8                _ZN2bn13audio_manager14delayed_commitEv
 .text._ZN2bn13audio_manager4stopEv
                0x08000eec       0x78 bn_audio_manager.bn_noflto.o
                0x08000eec                _ZN2bn13audio_manager4stopEv
 .text._ZN3_bn6assert9show_argsIA18_ciEEvPKcS4_S4_iRKT_RKT0_
                0x08000f64       0x54 bn_audio_manager.bn_noflto.o
                0x08000f64                _ZN3_bn6assert9show_argsIA18_ciEEvPKcS4_S4_iRKT_RKT0_
 .text._ZN3_bn6assert9show_argsIA14_ciEEvPKcS4_S4_iRKT_RKT0_
                0x08000fb8       0x54 bn_audio_manager.bn_noflto.o
                0x08000fb8                _ZN3_bn6assert9show_argsIA14_ciEEvPKcS4_S4_iRKT_RKT0_
 .text._ZN3_bn6assert9show_argsIA26_ciEEvPKcS4_S4_iRKT_RKT0_
                0x0800100c       0x54 bn_audio_manager.bn_noflto.o
                0x0800100c                _ZN3_bn6assert9show_argsIA26_ciEEvPKcS4_S4_iRKT_RKT0_
 .text._ZN3_bn6assert9show_argsIA33_cEEvPKcS4_S4_iRKT_
                0x08001060       0x48 bn_audio_manager.bn_noflto.o
                0x08001060                _ZN3_bn6assert9show_argsIA33_cEEvPKcS4_S4_iRKT_
 .text._ZN3_bn6assert9show_argsIA25_cEEvPKcS4_S4_iRKT_
                0x080010a8       0x48 bn_audio_manager.bn_noflto.o
                0x080010a8                _ZN3_bn6assert9show_argsIA25_cEEvPKcS4_S4_iRKT_
 .text._ZN3_bn6assert9show_argsIA24_cEEvPKcS4_S4_iRKT_
                0x080010f0       0x48 bn_audio_manager.bn_noflto.o
                0x080010f0                _ZN3_bn6assert9show_argsIA24_cEEvPKcS4_S4_iRKT_
 .text._ZN3_bn6assert9show_argsIA20_cEEvPKcS4_S4_iRKT_
                0x08001138       0x48 bn_audio_manager.bn_noflto.o
                0x08001138                _ZN3_bn6assert9show_argsIA20_cEEvPKcS4_S4_iRKT_
 .text._ZN3_bn6assert9show_argsIA26_cEEvPKcS4_S4_iRKT_
                0x08001180       0x48 bn_audio_manager.bn_noflto.o
                0x08001180                _ZN3_bn6assert9show_argsIA26_cEEvPKcS4_S4_iRKT_
 .text._ZN3_bn6assert9show_argsIA21_cEEvPKcS4_S4_iRKT_
                0x080011c8       0x48 bn_audio_manager.bn_noflto.o
                0x080011c8                _ZN3_bn6assert9show_argsIA21_cEEvPKcS4_S4_iRKT_
 .text._ZN3_bn6assert9show_argsIA22_cEEvPKcS4_S4_iRKT_
                0x08001210       0x48 bn_audio_manager.bn_noflto.o
                0x08001210                _ZN3_bn6assert9show_argsIA22_cEEvPKcS4_S4_iRKT_
 .text._ZN3_bn6assert9show_argsIA25_ciEEvPKcS4_S4_iRKT_RKT0_
                0x08001258       0x54 bn_audio_manager.bn_noflto.o
                0x08001258                _ZN3_bn6assert9show_argsIA25_ciEEvPKcS4_S4_iRKT_RKT0_
 .text._ZN2bn13audio_manager16execute_commandsEv
                0x080012ac      0x788 bn_audio_manager.bn_noflto.o
                0x080012ac                _ZN2bn13audio_manager16execute_commandsEv
 .text._ZN3_bn6assert9show_argsIA17_cEEvPKcS4_S4_iRKT_
                0x08001a34       0x48 bn_audio_manager.bn_noflto.o
                0x08001a34                _ZN3_bn6assert9show_argsIA17_cEEvPKcS4_S4_iRKT_
 .text._ZN2bn18best_fit_allocator4freeEPv
                0x08001a7c      0x110 bn_best_fit_allocator.o
                0x08001a7c                _ZN2bn18best_fit_allocator4freeEPv
 .text._ZN3_bn6assert9show_argsIA23_cEEvPKcS4_S4_iRKT_
                0x08001b8c       0x48 bn_best_fit_allocator.o
                0x08001b8c                _ZN3_bn6assert9show_argsIA23_cEEvPKcS4_S4_iRKT_
 .text._ZN3_bn6assert9show_argsIA20_ciEEvPKcS4_S4_iRKT_RKT0_
                0x08001bd4       0x54 bn_best_fit_allocator.o
                0x08001bd4                _ZN3_bn6assert9show_argsIA20_ciEEvPKcS4_S4_iRKT_RKT0_
 .text._ZN3_bn6assert9show_argsIA14_cEEvPKcS4_S4_iRKT_
                0x08001c28       0x48 bn_best_fit_allocator.o
                0x08001c28                _ZN3_bn6assert9show_argsIA14_cEEvPKcS4_S4_iRKT_
 .text._ZN2bn18best_fit_allocator5resetEPvi
                0x08001c70       0xd4 bn_best_fit_allocator.o
                0x08001c70                _ZN2bn18best_fit_allocator5resetEPvi
 .text._ZN2bn17bg_blocks_manager12_GLOBAL__N_1L17_hw_commit_offsetEPKtjtPt
                0x08001d44       0x74 bn_bg_blocks_manager.o
 .text._ZN2bn13ostringstream11append_argsIiJA4_ciEEEvRKT_DpRKT0_.isra.0
                0x08001db8       0x24 bn_bg_blocks_manager.o
 .text._ZNK2bn18regular_bg_map_ptr2idEv
                0x08001ddc       0x18 bn_bg_blocks_manager.o
                0x08001ddc                _ZNK2bn18regular_bg_map_ptr2idEv
 .text._ZNK2bn18regular_bg_map_ptr10dimensionsEv
                0x08001df4       0x20 bn_bg_blocks_manager.o
                0x08001df4                _ZNK2bn18regular_bg_map_ptr10dimensionsEv
 .text._ZNK2bn18regular_bg_map_ptr3bppEv
                0x08001e14       0x1c bn_bg_blocks_manager.o
                0x08001e14                _ZNK2bn18regular_bg_map_ptr3bppEv
 .text._ZNK2bn20regular_bg_tiles_ptr3cbbEv
                0x08001e30       0x18 bn_bg_blocks_manager.o
                0x08001e30                _ZNK2bn20regular_bg_tiles_ptr3cbbEv
 .text._ZNK2bn17affine_bg_map_ptr2idEv
                0x08001e48       0x18 bn_bg_blocks_manager.o
                0x08001e48                _ZNK2bn17affine_bg_map_ptr2idEv
 .text._ZNK2bn17affine_bg_map_ptr10dimensionsEv
                0x08001e60       0x20 bn_bg_blocks_manager.o
                0x08001e60                _ZNK2bn17affine_bg_map_ptr10dimensionsEv
 .text._ZNK2bn19affine_bg_tiles_ptr3cbbEv
                0x08001e80       0x18 bn_bg_blocks_manager.o
                0x08001e80                _ZNK2bn19affine_bg_tiles_ptr3cbbEv
 .text._ZN2bn17bg_blocks_manager4initEv
                0x08001e98       0x94 bn_bg_blocks_manager.o
                0x08001e98                _ZN2bn17bg_blocks_manager4initEv
 .text._ZN2bn17bg_blocks_manager11must_commitEi
                0x08001f2c       0x18 bn_bg_blocks_manager.o
                0x08001f2c                _ZN2bn17bg_blocks_manager11must_commitEi
 .text._ZN2bn17bg_blocks_manager6updateEv
                0x08001f44      0x254 bn_bg_blocks_manager.o
                0x08001f44                _ZN2bn17bg_blocks_manager6updateEv
 .text._ZN3_bn6assert9show_argsIJA22_ciA4_ciEEEvPKcS5_S5_iDpRKT_
                0x08002198       0x58 bn_bg_blocks_manager.o
                0x08002198                _ZN3_bn6assert9show_argsIJA22_ciA4_ciEEEvPKcS5_S5_iDpRKT_
 .text._ZN3_bn6assert9show_argsIJA58_ciA4_ciEEEvPKcS5_S5_iDpRKT_
                0x080021f0       0x58 bn_bg_blocks_manager.o
                0x080021f0                _ZN3_bn6assert9show_argsIJA58_ciA4_ciEEEvPKcS5_S5_iDpRKT_
 .text._ZN3_bn6assert9show_argsIA27_ciEEvPKcS4_S4_iRKT_RKT0_
                0x08002248       0x54 bn_bg_blocks_manager.o
                0x08002248                _ZN3_bn6assert9show_argsIA27_ciEEvPKcS4_S4_iRKT_RKT0_
 .text._ZN2bn17bg_blocks_manager12_GLOBAL__N_1L10_hw_commitEPKtNS_16compression_typeEibPt
                0x0800229c       0x68 bn_bg_blocks_manager.o
 .text._ZN3_bn6assert9show_argsIA19_cEEvPKcS4_S4_iRKT_
                0x08002304       0x48 bn_bg_blocks_manager.o
                0x08002304                _ZN3_bn6assert9show_argsIA19_cEEvPKcS4_S4_iRKT_
 .text._ZN3_bn6assert9show_argsIA22_ciEEvPKcS4_S4_iRKT_RKT0_
                0x0800234c       0x54 bn_bg_blocks_manager.o
                0x0800234c                _ZN3_bn6assert9show_argsIA22_ciEEvPKcS4_S4_iRKT_RKT0_
 .text._ZN3_bn6assert9show_argsIA31_cEEvPKcS4_S4_iRKT_
                0x080023a0       0x48 bn_bg_blocks_manager.o
                0x080023a0                _ZN3_bn6assert9show_argsIA31_cEEvPKcS4_S4_iRKT_
 .text._ZNK2bn18regular_bg_map_ptr5tilesEv
                0x080023e8       0x48 bn_bg_blocks_manager.o
                0x080023e8                _ZNK2bn18regular_bg_map_ptr5tilesEv
 .text._ZNK2bn17affine_bg_map_ptr5tilesEv
                0x08002430       0x48 bn_bg_blocks_manager.o
                0x08002430                _ZNK2bn17affine_bg_map_ptr5tilesEv
 .text._ZN2bn17bg_blocks_manager21update_affine_map_rowEiii
                0x08002478      0x160 bn_bg_blocks_manager.o
                0x08002478                _ZN2bn17bg_blocks_manager21update_affine_map_rowEiii
 .text._ZN2bn17bg_blocks_manager28update_affine_map_bottom_rowEiii
                0x080025d8       0x30 bn_bg_blocks_manager.o
                0x080025d8                _ZN2bn17bg_blocks_manager28update_affine_map_bottom_rowEiii
 .text._ZN2bn17bg_blocks_manager22update_regular_map_rowEiii
                0x08002608      0x184 bn_bg_blocks_manager.o
                0x08002608                _ZN2bn17bg_blocks_manager22update_regular_map_rowEiii
 .text._ZN2bn17bg_blocks_manager22update_regular_map_colEiii
                0x0800278c      0x1dc bn_bg_blocks_manager.o
                0x0800278c                _ZN2bn17bg_blocks_manager22update_regular_map_colEiii
 .text._ZN2bn17bg_blocks_manager23set_affine_map_positionEiii
                0x08002968      0x1f0 bn_bg_blocks_manager.o
                0x08002968                _ZN2bn17bg_blocks_manager23set_affine_map_positionEiii
 .text._ZN2bn17bg_blocks_manager24set_regular_map_positionEiii
                0x08002b58      0x214 bn_bg_blocks_manager.o
                0x08002b58                _ZN2bn17bg_blocks_manager24set_regular_map_positionEiii
 .text._ZN2bn17bg_blocks_manager21update_affine_map_colEiii
                0x08002d6c      0x314 bn_bg_blocks_manager.o
                0x08002d6c                _ZN2bn17bg_blocks_manager21update_affine_map_colEiii
 .text._ZN2bn17bg_blocks_manager27update_affine_map_right_colEiii
                0x08003080       0x30 bn_bg_blocks_manager.o
                0x08003080                _ZN2bn17bg_blocks_manager27update_affine_map_right_colEiii
 .text._ZN2bn17bg_blocks_manager12_GLOBAL__N_1L12_commit_itemERKNS1_9item_typeEb
                0x080030b0      0x1cc bn_bg_blocks_manager.o
 .text._ZN2bn17bg_blocks_manager19commit_uncompressedEb
                0x0800327c       0xf0 bn_bg_blocks_manager.o
                0x0800327c                _ZN2bn17bg_blocks_manager19commit_uncompressedEb
 .text._ZN2bn17bg_blocks_manager17commit_compressedEv
                0x0800336c       0x48 bn_bg_blocks_manager.o
                0x0800336c                _ZN2bn17bg_blocks_manager17commit_compressedEv
 .text._ZN3_bn6assert9show_argsIA39_ciEEvPKcS4_S4_iRKT_RKT0_
                0x080033b4       0x54 bn_bg_blocks_manager.o
                0x080033b4                _ZN3_bn6assert9show_argsIA39_ciEEvPKcS4_S4_iRKT_RKT0_
 .text._ZN2bn11bgs_manager12_GLOBAL__N_1L33_update_item_hw_affine_attributesERKNS1_9item_typeE
                0x08003408       0x48 bn_bgs_manager.o
 .text._ZN2bn11bgs_manager4initEv
                0x08003450       0x98 bn_bgs_manager.o
                0x08003450                _ZN2bn11bgs_manager4initEv
 .text._ZN2bn11bgs_manager5hw_idEPv
                0x080034e8        0x8 bn_bgs_manager.o
                0x080034e8                _ZN2bn11bgs_manager5hw_idEPv
 .text._ZN2bn11bgs_manager11hw_positionEPv
                0x080034f0        0x4 bn_bgs_manager.o
                0x080034f0                _ZN2bn11bgs_manager11hw_positionEPv
 .text._ZN2bn11bgs_manager14mat_attributesEPv
                0x080034f4        0x4 bn_bgs_manager.o
                0x080034f4                _ZN2bn11bgs_manager14mat_attributesEPv
 .text._ZN2bn11bgs_manager20update_windows_flagsEPj
                0x080034f8       0x7c bn_bgs_manager.o
                0x080034f8                _ZN2bn11bgs_manager20update_windows_flagsEPj
 .text._ZN2bn11bgs_manager14update_camerasEv
                0x08003574      0x138 bn_bgs_manager.o
                0x08003574                _ZN2bn11bgs_manager14update_camerasEv
 .text._ZN2bn11bgs_manager36fill_hblank_effect_regular_positionsEiPKNS_7fixed_tILi12EEEPt
                0x080036ac       0x38 bn_bgs_manager.o
                0x080036ac                _ZN2bn11bgs_manager36fill_hblank_effect_regular_positionsEiPKNS_7fixed_tILi12EEEPt
 .text._ZN2bn11bgs_manager45fill_hblank_effect_pivot_horizontal_positionsEPvPKNS_7fixed_tILi12EEEPj
                0x080036e4       0x28 bn_bgs_manager.o
                0x080036e4                _ZN2bn11bgs_manager45fill_hblank_effect_pivot_horizontal_positionsEPvPKNS_7fixed_tILi12EEEPj
 .text._ZN2bn11bgs_manager43fill_hblank_effect_pivot_vertical_positionsEPvPKNS_7fixed_tILi12EEEPj
                0x0800370c       0x28 bn_bgs_manager.o
                0x0800370c                _ZN2bn11bgs_manager43fill_hblank_effect_pivot_vertical_positionsEPvPKNS_7fixed_tILi12EEEPj
 .text._ZN2bn11bgs_manager36fill_hblank_effect_bitmap_attributesEPvPKNS_20bitmap_bg_attributesEPt
                0x08003734       0x50 bn_bgs_manager.o
                0x08003734                _ZN2bn11bgs_manager36fill_hblank_effect_bitmap_attributesEPvPKNS_20bitmap_bg_attributesEPt
 .text._ZN2bn11bgs_manager6commitEb
                0x08003784       0x58 bn_bgs_manager.o
                0x08003784                _ZN2bn11bgs_manager6commitEb
 .text._ZN2bn11bgs_manager4stopEv
                0x080037dc       0x28 bn_bgs_manager.o
                0x080037dc                _ZN2bn11bgs_manager4stopEv
 .text._ZN3_bn6assert9show_argsIA30_cEEvPKcS4_S4_iRKT_
                0x08003804       0x48 bn_bgs_manager.o
                0x08003804                _ZN3_bn6assert9show_argsIA30_cEEvPKcS4_S4_iRKT_
 .text._ZN2bn11bgs_manager15commit_big_mapsEv
                0x0800384c      0x208 bn_bgs_manager.o
                0x0800384c                _ZN2bn11bgs_manager15commit_big_mapsEv
 .text._ZN2bn11bgs_manager10affine_mapEPv
                0x08003a54       0x34 bn_bgs_manager.o
                0x08003a54                _ZN2bn11bgs_manager10affine_mapEPv
 .text._ZN2bn11bgs_manager11regular_mapEPv
                0x08003a88       0x34 bn_bgs_manager.o
                0x08003a88                _ZN2bn11bgs_manager11regular_mapEPv
 .text._ZN3_bn6assert9show_argsIA27_cEEvPKcS4_S4_iRKT_
                0x08003abc       0x48 bn_bgs_manager.o
                0x08003abc                _ZN3_bn6assert9show_argsIA27_cEEvPKcS4_S4_iRKT_
 .text._ZN2bn11bgs_manager36fill_hblank_effect_affine_attributesEPvPKNS_20affine_bg_attributesEPt
                0x08003b04      0x10c bn_bgs_manager.o
                0x08003b04                _ZN2bn11bgs_manager36fill_hblank_effect_affine_attributesEPvPKNS_20affine_bg_attributesEPt
 .text._ZN2bn11bgs_manager37fill_hblank_effect_regular_attributesEPvPKNS_21regular_bg_attributesEPt
                0x08003c10      0x118 bn_bgs_manager.o
                0x08003c10                _ZN2bn11bgs_manager37fill_hblank_effect_regular_attributesEPvPKNS_21regular_bg_attributesEPt
 .text._ZN2bn11bgs_manager15rebuild_handlesEv.part.0
                0x08003d28      0x27c bn_bgs_manager.o
 .text._ZN2bn11bgs_manager6updateEv
                0x08003fa4      0x158 bn_bgs_manager.o
                0x08003fa4                _ZN2bn11bgs_manager6updateEv
 .text._ZN3_bn6assert9show_argsIA13_cEEvPKcS4_S4_iRKT_
                0x080040fc       0x48 bn_bgs_manager.o
                0x080040fc                _ZN3_bn6assert9show_argsIA13_cEEvPKcS4_S4_iRKT_
 .text._ZN2bn10camera_ptrC2ERKS0_
                0x08004144       0x20 bn_cameras_manager.o
                0x08004144                _ZN2bn10camera_ptrC2ERKS0_
                0x08004144                _ZN2bn10camera_ptrC1ERKS0_
 .text._ZN2bn10camera_ptraSERKS0_
                0x08004164       0x70 bn_cameras_manager.o
                0x08004164                _ZN2bn10camera_ptraSERKS0_
 .text._ZN2bn10camera_ptrD2Ev
                0x080041d4       0x38 bn_cameras_manager.o
                0x080041d4                _ZN2bn10camera_ptrD2Ev
                0x080041d4                _ZN2bn10camera_ptrD1Ev
 .text._ZNK2bn10camera_ptr8positionEv
                0x0800420c       0x14 bn_cameras_manager.o
                0x0800420c                _ZNK2bn10camera_ptr8positionEv
 .text._ZN2bn15cameras_manager4initEv
                0x08004220       0x24 bn_cameras_manager.o
                0x08004220                _ZN2bn15cameras_manager4initEv
 .text._ZN2bn15cameras_manager6updateEv
                0x08004244       0x28 bn_cameras_manager.o
                0x08004244                _ZN2bn15cameras_manager6updateEv
 .text._ZN2bn4core12_GLOBAL__N_1L12_vblank_intrEv
                0x0800426c       0x44 bn_core.o
 .text._ZN2bn4core12_GLOBAL__N_1L4stopEb
                0x080042b0       0x78 bn_core.o
 .text._ZN2bn4core12_GLOBAL__N_1L11update_implEv
                0x08004328      0x11c bn_core.o
 .text._ZN2bn4core6updateEv
                0x08004444       0x78 bn_core.o
                0x08004444                _ZN2bn4core6updateEv
 .text._ZN2bn4core4initERKNS_8optionalINS_5colorEEERKNS_11string_viewE
                0x080044bc      0x13c bn_core.o
                0x080044bc                _ZN2bn4core4initERKNS_8optionalINS_5colorEEERKNS_11string_viewE
 .text._ZN2bn4core4initEv
                0x080045f8       0x20 bn_core.o
                0x080045f8                _ZN2bn4core4initEv
 .text._ZN2bn11string_viewC2EPKc
                0x08004618       0x40 bn_core.o
                0x08004618                _ZN2bn11string_viewC1EPKc
                0x08004618                _ZN2bn11string_viewC2EPKc
 .text._ZN3_bn6assert12_GLOBAL__N_1L10_show_implEPKcS3_S3_iRKN2bn11string_viewE
                0x08004658       0x88 bn_core.o
 .text._ZN3_bn6assert4showEPKcS2_S2_iRKN2bn12istring_baseE
                0x080046e0       0x18 bn_core.o
                0x080046e0                _ZN3_bn6assert4showEPKcS2_S2_iRKN2bn12istring_baseE
 .text._ZN2bn15display_manager12_GLOBAL__N_1L34_update_rect_windows_hw_boundariesEi
                0x080046f8       0x84 bn_display_manager.o
 .text._ZN2bn15display_manager4initEv
                0x0800477c       0xa0 bn_display_manager.o
                0x0800477c                _ZN2bn15display_manager4initEv
 .text._ZN2bn15display_manager8set_modeEi
                0x0800481c       0x1c bn_display_manager.o
                0x0800481c                _ZN2bn15display_manager8set_modeEi
 .text._ZN2bn15display_manager14set_bg_enabledEib
                0x08004838       0x1c bn_display_manager.o
                0x08004838                _ZN2bn15display_manager14set_bg_enabledEib
 .text._ZN2bn15display_manager15disable_all_bgsEv
                0x08004854       0x18 bn_display_manager.o
                0x08004854                _ZN2bn15display_manager15disable_all_bgsEv
 .text._ZN2bn15display_manager36fill_mosaic_hblank_effect_attributesEPKNS_17mosaic_attributesEPt
                0x0800486c       0x98 bn_display_manager.o
                0x0800486c                _ZN2bn15display_manager36fill_mosaic_hblank_effect_attributesEPKNS_17mosaic_attributesEPt
 .text._ZN2bn15display_manager27set_blending_top_bg_enabledEib
                0x08004904       0x20 bn_display_manager.o
                0x08004904                _ZN2bn15display_manager27set_blending_top_bg_enabledEib
 .text._ZN2bn15display_manager30set_blending_bottom_bg_enabledEib
                0x08004924       0x20 bn_display_manager.o
                0x08004924                _ZN2bn15display_manager30set_blending_bottom_bg_enabledEib
 .text._ZN2bn15display_manager32blending_transparency_top_weightEv
                0x08004944       0x18 bn_display_manager.o
                0x08004944                _ZN2bn15display_manager32blending_transparency_top_weightEv
 .text._ZN2bn15display_manager35blending_transparency_bottom_weightEv
                0x0800495c       0x28 bn_display_manager.o
                0x0800495c                _ZN2bn15display_manager35blending_transparency_bottom_weightEv
 .text._ZN2bn15display_manager51fill_blending_transparency_hblank_effect_attributesEPKNS_32blending_transparency_attributesEPt
                0x08004984       0x30 bn_display_manager.o
                0x08004984                _ZN2bn15display_manager51fill_blending_transparency_hblank_effect_attributesEPKNS_32blending_transparency_attributesEPt
 .text._ZN2bn15display_manager21blending_fade_enabledEv
                0x080049b4        0xc bn_display_manager.o
                0x080049b4                _ZN2bn15display_manager21blending_fade_enabledEv
 .text._ZN2bn15display_manager39fill_blending_fade_hblank_effect_alphasEPKNS_19blending_fade_alphaEPt
                0x080049c0       0x24 bn_display_manager.o
                0x080049c0                _ZN2bn15display_manager39fill_blending_fade_hblank_effect_alphasEPKNS_19blending_fade_alphaEPt
 .text._ZN2bn15display_manager26update_windows_visible_bgsEv
                0x080049e4       0x14 bn_display_manager.o
                0x080049e4                _ZN2bn15display_manager26update_windows_visible_bgsEv
 .text._ZN2bn15display_manager36rect_window_hw_horizontal_boundariesEi
                0x080049f8       0x18 bn_display_manager.o
                0x080049f8                _ZN2bn15display_manager36rect_window_hw_horizontal_boundariesEi
 .text._ZN2bn15display_manager34rect_window_hw_vertical_boundariesEi
                0x08004a10       0x18 bn_display_manager.o
                0x08004a10                _ZN2bn15display_manager34rect_window_hw_vertical_boundariesEi
 .text._ZN2bn15display_manager52fill_rect_window_hblank_effect_horizontal_boundariesERKSt4pairIiiEPKS1_INS_7fixed_tILi12EEES6_EPt
                0x08004a28      0x134 bn_display_manager.o
                0x08004a28                _ZN2bn15display_manager52fill_rect_window_hblank_effect_horizontal_boundariesERKSt4pairIiiEPKS1_INS_7fixed_tILi12EEES6_EPt
 .text._ZN2bn15display_manager50fill_rect_window_hblank_effect_vertical_boundariesERKSt4pairIiiEPKS1_INS_7fixed_tILi12EEES6_EPt
                0x08004b5c      0x134 bn_display_manager.o
                0x08004b5c                _ZN2bn15display_manager50fill_rect_window_hblank_effect_vertical_boundariesERKSt4pairIiiEPKS1_INS_7fixed_tILi12EEES6_EPt
 .text._ZN2bn15display_manager36fill_green_swap_hblank_effect_statesEPKbPt
                0x08004c90       0x38 bn_display_manager.o
                0x08004c90                _ZN2bn15display_manager36fill_green_swap_hblank_effect_statesEPKbPt
 .text._ZN2bn15display_manager14update_camerasEv
                0x08004cc8       0x40 bn_display_manager.o
                0x08004cc8                _ZN2bn15display_manager14update_camerasEv
 .text._ZN2bn15display_manager6updateEv
                0x08004d08      0x250 bn_display_manager.o
                0x08004d08                _ZN2bn15display_manager6updateEv
 .text._ZN2bn15display_manager6commitEv
                0x08004f58      0x14c bn_display_manager.o
                0x08004f58                _ZN2bn15display_manager6commitEv
 .text._ZN2bn15display_manager4stopEv
                0x080050a4       0x34 bn_display_manager.o
                0x080050a4                _ZN2bn15display_manager4stopEv
 .text._ZN3_bn6assert9show_argsIA66_cEEvPKcS4_S4_iRKT_
                0x080050d8       0x48 bn_display_manager.o
                0x080050d8                _ZN3_bn6assert9show_argsIA66_cEEvPKcS4_S4_iRKT_
 .text._ZN2bn12gpio_manager5sleepEv
                0x08005120       0x28 bn_gpio_manager.o
                0x08005120                _ZN2bn12gpio_manager5sleepEv
 .text._ZN2bn22hblank_effects_manager12_GLOBAL__N_19item_type18_output_values_ptrEv
                0x08005148       0x40 bn_hblank_effects_manager.o
 .text._ZN2bn22hblank_effects_manager7disableEv
                0x08005188       0x24 bn_hblank_effects_manager.o
                0x08005188                _ZN2bn22hblank_effects_manager7disableEv
 .text._ZN2bn22hblank_effects_manager4stopEv
                0x080051ac       0x38 bn_hblank_effects_manager.o
                0x080051ac                _ZN2bn22hblank_effects_manager4stopEv
 .text._ZN2bn22hblank_effects_manager6commitEv
                0x080051e4       0x8c bn_hblank_effects_manager.o
                0x080051e4                _ZN2bn22hblank_effects_manager6commitEv
 .text._ZN2bn22hblank_effects_manager12_GLOBAL__N_1L10_is_uint32ENS0_12handler_typeE
                0x08005270       0x64 bn_hblank_effects_manager.o
 .text._ZN2bn22hblank_effects_manager12_GLOBAL__N_19item_type12check_updateEv
                0x080052d4     0x1664 bn_hblank_effects_manager.o
 .text._ZN2bn22hblank_effects_manager6updateEv
                0x08006938      0x1ec bn_hblank_effects_manager.o
                0x08006938                _ZN2bn22hblank_effects_manager6updateEv
 .text._ZN2bn22hblank_effects_manager4initEv
                0x08006b24      0x180 bn_hblank_effects_manager.o
                0x08006b24                _ZN2bn22hblank_effects_manager4initEv
 .text.startup._GLOBAL__sub_I__ZN2bn4hbes10used_countEv
                0x08006ca4       0x14 bn_hblank_effects_manager.o
 .text._ZN2bn12hdma_manager4initEv
                0x08006cb8       0x38 bn_hdma_manager.o
                0x08006cb8                _ZN2bn12hdma_manager4initEv
 .text._ZN2bn12hdma_manager10force_stopEv
                0x08006cf0       0x5c bn_hdma_manager.o
                0x08006cf0                _ZN2bn12hdma_manager10force_stopEv
 .text._ZN2bn12hdma_manager7disableEv
                0x08006d4c       0x48 bn_hdma_manager.o
                0x08006d4c                _ZN2bn12hdma_manager7disableEv
 .text._ZN2bn12hdma_manager6updateEv
                0x08006d94       0x6c bn_hdma_manager.o
                0x08006d94                _ZN2bn12hdma_manager6updateEv
 .text._ZN2bn12hdma_manager24commit_interrupt_handlerEv
                0x08006e00       0x20 bn_hdma_manager.o
                0x08006e00                _ZN2bn12hdma_manager24commit_interrupt_handlerEv
 .text._ZN2bn12hdma_manager14commit_entriesEb
                0x08006e20      0x168 bn_hdma_manager.o
                0x08006e20                _ZN2bn12hdma_manager14commit_entriesEb
 .text._ZN2bn6keypad9a_pressedEv
                0x08006f88       0x10 bn_keypad_manager.o
                0x08006f88                _ZN2bn6keypad9a_pressedEv
 .text._ZN2bn6keypad14select_pressedEv
                0x08006f98       0x10 bn_keypad_manager.o
                0x08006f98                _ZN2bn6keypad14select_pressedEv
 .text._ZN2bn6keypad13right_pressedEv
                0x08006fa8       0x10 bn_keypad_manager.o
                0x08006fa8                _ZN2bn6keypad13right_pressedEv
 .text._ZN2bn6keypad12left_pressedEv
                0x08006fb8       0x10 bn_keypad_manager.o
                0x08006fb8                _ZN2bn6keypad12left_pressedEv
 .text._ZN2bn6keypad10up_pressedEv
                0x08006fc8       0x10 bn_keypad_manager.o
                0x08006fc8                _ZN2bn6keypad10up_pressedEv
 .text._ZN2bn6keypad12down_pressedEv
                0x08006fd8        0xc bn_keypad_manager.o
                0x08006fd8                _ZN2bn6keypad12down_pressedEv
 .text._ZN2bn14keypad_manager4stopEv
                0x08006fe4        0x4 bn_keypad_manager.o
                0x08006fe4                _ZN2bn14keypad_manager4stopEv
 .text._ZN2bn14keypad_manager6updateEv
                0x08006fe8       0xb8 bn_keypad_manager.o
                0x08006fe8                _ZN2bn14keypad_manager6updateEv
 .text._ZN2bn14keypad_manager4initERKNS_11string_viewE
                0x080070a0       0x64 bn_keypad_manager.o
                0x080070a0                _ZN2bn14keypad_manager4initERKNS_11string_viewE
 .text._ZN2bn12link_manager4initEv
                0x08007104        0xc bn_link_manager.o
                0x08007104                _ZN2bn12link_manager4initEv
 .text._ZN2bn12link_manager6activeEv
                0x08007110        0xc bn_link_manager.o
                0x08007110                _ZN2bn12link_manager6activeEv
 .text._ZN2bn12link_manager7disableEv
                0x0800711c       0x18 bn_link_manager.o
                0x0800711c                _ZN2bn12link_manager7disableEv
 .text._ZN2bn12link_manager6commitEv
                0x08007134       0x18 bn_link_manager.o
                0x08007134                _ZN2bn12link_manager6commitEv
 .text._ZN3_bn6memory18unsafe_clear_wordsEiPv
                0x0800714c       0x14 bn_memory_manager.o
                0x0800714c                _ZN3_bn6memory18unsafe_clear_wordsEiPv
 .text._ZN2bn4freeEPv
                0x08007160       0x14 bn_memory_manager.o
                0x08007160                _ZN2bn4freeEPv
 .text._ZN2bn14memory_manager4initEv
                0x08007174       0x2c bn_memory_manager.o
                0x08007174                _ZN2bn14memory_manager4initEv
 .text._ZN2bn2hw8palettes9grayscaleEPKNS_5colorEiiPS2_.part.0
                0x080071a0       0x40 bn_palettes_manager.o
 .text._ZN2bn11bg_palettes21set_transparent_colorENS_5colorE
                0x080071e0       0x40 bn_palettes_manager.o
                0x080071e0                _ZN2bn11bg_palettes21set_transparent_colorENS_5colorE
 .text._ZN2bn18sprite_palette_ptrC2ERKS0_
                0x08007220       0x1c bn_palettes_manager.o
                0x08007220                _ZN2bn18sprite_palette_ptrC2ERKS0_
                0x08007220                _ZN2bn18sprite_palette_ptrC1ERKS0_
 .text._ZNK2bn18sprite_palette_ptr3bppEv
                0x0800723c       0x1c bn_palettes_manager.o
                0x0800723c                _ZNK2bn18sprite_palette_ptr3bppEv
 .text._ZNK2bn13palettes_bank10log_statusEv
                0x08007258      0x178 bn_palettes_manager.o
                0x08007258                _ZNK2bn13palettes_bank10log_statusEv
 .text._ZN2bn13palettes_bank10find_bpp_4ERKNS_4spanIKNS_5colorEEEt
                0x080073d0      0x118 bn_palettes_manager.o
                0x080073d0                _ZN2bn13palettes_bank10find_bpp_4ERKNS_4spanIKNS_5colorEEEt
 .text._ZNK2bn13palettes_bank20retrieve_commit_dataEv
                0x080074e8       0x4c bn_palettes_manager.o
                0x080074e8                _ZNK2bn13palettes_bank20retrieve_commit_dataEv
 .text._ZNK2bn13palettes_bank7palette13apply_effectsEiPNS_5colorE
                0x08007534       0xb0 bn_palettes_manager.o
                0x08007534                _ZNK2bn13palettes_bank7palette13apply_effectsEiPNS_5colorE
 .text._ZN2bn13palettes_bank15_update_paletteEi
                0x080075e4       0x70 bn_palettes_manager.o
                0x080075e4                _ZN2bn13palettes_bank15_update_paletteEi
 .text._ZN2bn16palettes_manager4initERKNS_8optionalINS_5colorEEE
                0x08007654      0x16c bn_palettes_manager.o
                0x08007654                _ZN2bn16palettes_manager4initERKNS_8optionalINS_5colorEEE
 .text._ZN2bn16palettes_manager20sprite_palettes_bankEv
                0x080077c0        0x8 bn_palettes_manager.o
                0x080077c0                _ZN2bn16palettes_manager20sprite_palettes_bankEv
 .text._ZN2bn16palettes_manager16bg_palettes_bankEv
                0x080077c8        0x8 bn_palettes_manager.o
                0x080077c8                _ZN2bn16palettes_manager16bg_palettes_bankEv
 .text._ZN2bn16palettes_manager6commitEb
                0x080077d0       0xf8 bn_palettes_manager.o
                0x080077d0                _ZN2bn16palettes_manager6commitEb
 .text._ZN2bn16palettes_manager4stopEv
                0x080078c8       0x20 bn_palettes_manager.o
                0x080078c8                _ZN2bn16palettes_manager4stopEv
 .text._ZN3_bn6assert9show_argsIA35_cEEvPKcS4_S4_iRKT_
                0x080078e8       0x48 bn_palettes_manager.o
                0x080078e8                _ZN3_bn6assert9show_argsIA35_cEEvPKcS4_S4_iRKT_
 .text._ZN2bn13palettes_bank11colors_hashERKNS_4spanIKNS_5colorEEE
                0x08007930       0x48 bn_palettes_manager.o
                0x08007930                _ZN2bn13palettes_bank11colors_hashERKNS_4spanIKNS_5colorEEE
 .text._ZN3_bn6assert9show_argsIJA43_ciA38_cA42_cEEEvPKcS6_S6_iDpRKT_
                0x08007978       0x64 bn_palettes_manager.o
                0x08007978                _ZN3_bn6assert9show_argsIJA43_ciA38_cA42_cEEEvPKcS6_S6_iDpRKT_
 .text._ZN2bn13palettes_bank12create_bpp_8ERKNS_4spanIKNS_5colorEEENS_16compression_typeEb
                0x080079dc      0x230 bn_palettes_manager.o
                0x080079dc                _ZN2bn13palettes_bank12create_bpp_8ERKNS_4spanIKNS_5colorEEENS_16compression_typeEb
 .text._ZNK2bn13palettes_bank21_apply_global_effectsEiPNS_5colorE
                0x08007c0c      0x190 bn_palettes_manager.o
                0x08007c0c                _ZNK2bn13palettes_bank21_apply_global_effectsEiPNS_5colorE
 .text._ZN2bn13palettes_bank6updateEv
                0x08007d9c      0x138 bn_palettes_manager.o
                0x08007d9c                _ZN2bn13palettes_bank6updateEv
 .text._ZN2bn16palettes_manager6updateEv
                0x08007ed4       0x20 bn_palettes_manager.o
                0x08007ed4                _ZN2bn16palettes_manager6updateEv
 .text._ZNK2bn13palettes_bank25fill_hblank_effect_colorsEiPKNS_5colorEPt
                0x08007ef4       0x44 bn_palettes_manager.o
                0x08007ef4                _ZNK2bn13palettes_bank25fill_hblank_effect_colorsEiPKNS_5colorEPt
 .text._ZNK2bn13palettes_bank25fill_hblank_effect_colorsEPKNS_5colorEPt
                0x08007f38       0x30 bn_palettes_manager.o
                0x08007f38                _ZNK2bn13palettes_bank25fill_hblank_effect_colorsEPKNS_5colorEPt
 .text._ZNK2bn19sprite_palette_item10decompressENS_4spanINS_5colorEEE
                0x08007f68      0x168 bn_palettes_manager.o
                0x08007f68                _ZNK2bn19sprite_palette_item10decompressENS_4spanINS_5colorEEE
 .text._ZN2bn14iunordered_mapItsNS_15identity_hasherENS_8equal_toItEEE21insert_or_assign_hashEjOSt4pairIKtsE.isra.0
                0x080080d0      0x108 bn_palettes_manager.o
 .text._ZN2bn13palettes_bank12create_bpp_4ERKNS_4spanIKNS_5colorEEEtb
                0x080081d8      0x164 bn_palettes_manager.o
                0x080081d8                _ZN2bn13palettes_bank12create_bpp_4ERKNS_4spanIKNS_5colorEEEtb
 .text._ZN2bn12_GLOBAL__N_1L12_create_implERKNS_19sprite_palette_itemEb
                0x0800833c       0x88 bn_palettes_manager.o
 .text._ZN2bn18sprite_palette_ptr6createERKNS_19sprite_palette_itemE
                0x080083c4       0x48 bn_palettes_manager.o
                0x080083c4                _ZN2bn18sprite_palette_ptr6createERKNS_19sprite_palette_itemE
 .text._ZN2bn13palettes_bank30_erase_bpp_4_indexes_map_indexEt
                0x0800840c      0x1c4 bn_palettes_manager.o
                0x0800840c                _ZN2bn13palettes_bank30_erase_bpp_4_indexes_map_indexEt
 .text._ZN2bn13palettes_bank15decrease_usagesEi
                0x080085d0       0x80 bn_palettes_manager.o
                0x080085d0                _ZN2bn13palettes_bank15decrease_usagesEi
 .text._ZN2bn18sprite_palette_ptrD2Ev
                0x08008650       0x20 bn_palettes_manager.o
                0x08008650                _ZN2bn18sprite_palette_ptrD1Ev
                0x08008650                _ZN2bn18sprite_palette_ptrD2Ev
 .text._ZN2bn26sprite_affine_mats_manager12_GLOBAL__N_1L19_sprite_double_sizeILi32ELi16EEEbiiiii
                0x08008670       0x80 bn_sprite_affine_mats_manager.o
 .text._ZN2bn26sprite_affine_mats_manager12_GLOBAL__N_1L19_sprite_double_sizeILi16ELi32EEEbiiiii
                0x080086f0       0x80 bn_sprite_affine_mats_manager.o
 .text._ZNK2bn26sprite_affine_mats_manager12_GLOBAL__N_19item_type18sprite_double_sizeEiRKNS_17sprite_shape_sizeE.isra.0
                0x08008770      0x1b4 bn_sprite_affine_mats_manager.o
 .text._ZNK2bn21sprite_affine_mat_ptr15horizontal_flipEv
                0x08008924       0x18 bn_sprite_affine_mats_manager.o
                0x08008924                _ZNK2bn21sprite_affine_mat_ptr15horizontal_flipEv
 .text._ZNK2bn21sprite_affine_mat_ptr13vertical_flipEv
                0x0800893c       0x18 bn_sprite_affine_mats_manager.o
                0x0800893c                _ZNK2bn21sprite_affine_mat_ptr13vertical_flipEv
 .text._ZNK2bn21sprite_affine_mat_ptr16flipped_identityEv
                0x08008954       0x14 bn_sprite_affine_mats_manager.o
                0x08008954                _ZNK2bn21sprite_affine_mat_ptr16flipped_identityEv
 .text._ZN2bn26sprite_affine_mats_manager13attach_spriteEiRNS_24intrusive_list_node_typeE
                0x08008968       0x2c bn_sprite_affine_mats_manager.o
                0x08008968                _ZN2bn26sprite_affine_mats_manager13attach_spriteEiRNS_24intrusive_list_node_typeE
 .text._ZN2bn26sprite_affine_mats_manager18sprite_double_sizeEiRKNS_17sprite_shape_sizeE
                0x08008994       0x54 bn_sprite_affine_mats_manager.o
                0x08008994                _ZN2bn26sprite_affine_mats_manager18sprite_double_sizeEiRKNS_17sprite_shape_sizeE
 .text._ZN2bn26sprite_affine_mats_manager20retrieve_commit_dataEv
                0x080089e8       0x3c bn_sprite_affine_mats_manager.o
                0x080089e8                _ZN2bn26sprite_affine_mats_manager20retrieve_commit_dataEv
 .text._ZN3_bn6assert9show_argsIA37_cEEvPKcS4_S4_iRKT_
                0x08008a24       0x48 bn_sprite_affine_mats_manager.o
                0x08008a24                _ZN3_bn6assert9show_argsIA37_cEEvPKcS4_S4_iRKT_
 .text._ZN3_bn6assert9show_argsIA16_cEEvPKcS4_S4_iRKT_
                0x08008a6c       0x48 bn_sprite_affine_mats_manager.o
                0x08008a6c                _ZN3_bn6assert9show_argsIA16_cEEvPKcS4_S4_iRKT_
 .text._ZN2bn26sprite_affine_mats_manager15decrease_usagesEi.part.0
                0x08008ab4       0x70 bn_sprite_affine_mats_manager.o
 .text._ZN2bn21sprite_affine_mat_ptrD2Ev
                0x08008b24       0x34 bn_sprite_affine_mats_manager.o
                0x08008b24                _ZN2bn21sprite_affine_mat_ptrD1Ev
                0x08008b24                _ZN2bn21sprite_affine_mat_ptrD2Ev
 .text._ZN2bn26sprite_affine_mats_manager6updateEv
                0x08008b58      0x2a4 bn_sprite_affine_mats_manager.o
                0x08008b58                _ZN2bn26sprite_affine_mats_manager6updateEv
 .text._ZN2bn26sprite_affine_mats_manager4initEPv
                0x08008dfc      0x100 bn_sprite_affine_mats_manager.o
                0x08008dfc                _ZN2bn26sprite_affine_mats_manager4initEPv
 .text._ZN2bn26sprite_affine_mats_manager14dettach_spriteEiRNS_24intrusive_list_node_typeE
                0x08008efc       0x4c bn_sprite_affine_mats_manager.o
                0x08008efc                _ZN2bn26sprite_affine_mats_manager14dettach_spriteEiRNS_24intrusive_list_node_typeE
 .text._ZN2bn12_GLOBAL__N_1L14_setup_builderERKNS_21sprite_text_generatorERNS_14sprite_builderE
                0x08008f48       0x68 bn_sprite_text_generator.o
 .text._ZN2bn21sprite_text_generator5_initEv
                0x08008fb0      0x1b4 bn_sprite_text_generator.o
                0x08008fb0                _ZN2bn21sprite_text_generator5_initEv
 .text._ZN2bn21sprite_text_generatorC2ERKNS_11sprite_fontE
                0x08009164       0x38 bn_sprite_text_generator.o
                0x08009164                _ZN2bn21sprite_text_generatorC2ERKNS_11sprite_fontE
                0x08009164                _ZN2bn21sprite_text_generatorC1ERKNS_11sprite_fontE
 .text._ZN3_bn6assert9show_argsIA54_cEEvPKcS4_S4_iRKT_
                0x0800919c       0x48 bn_sprite_text_generator.o
                0x0800919c                _ZN3_bn6assert9show_argsIA54_cEEvPKcS4_S4_iRKT_
 .text._ZN3_bn6assert9show_argsIJA25_ciA4_ctEEEvPKcS5_S5_iDpRKT_
                0x080091e4       0x64 bn_sprite_text_generator.o
                0x080091e4                _ZN3_bn6assert9show_argsIJA25_ciA4_ctEEEvPKcS5_S5_iDpRKT_
 .text._ZN2bn14utf8_characterC2ERKc
                0x08009248      0x140 bn_sprite_text_generator.o
                0x08009248                _ZN2bn14utf8_characterC2ERKc
                0x08009248                _ZN2bn14utf8_characterC1ERKc
 .text._ZN2bn12_GLOBAL__N_1L15_graphics_indexEcRKNS_23utf8_characters_map_refEPKcRi.part.0
                0x08009388       0x8c bn_sprite_text_generator.o
 .text._ZN3_bn6assert9show_argsIJA20_ccA9_cN2bn11string_viewEA2_cEEEvPKcS8_S8_iDpRKT_
                0x08009414       0x6c bn_sprite_text_generator.o
                0x08009414                _ZN3_bn6assert9show_argsIJA20_ccA9_cN2bn11string_viewEA2_cEEEvPKcS8_S8_iDpRKT_
 .text._ZNK2bn21sprite_text_generator5widthERKNS_11string_viewE
                0x08009480      0x238 bn_sprite_text_generator.o
                0x08009480                _ZNK2bn21sprite_text_generator5widthERKNS_11string_viewE
 .text._ZN3_bn6assert9show_argsIA55_cEEvPKcS4_S4_iRKT_
                0x080096b8       0x48 bn_sprite_text_generator.o
                0x080096b8                _ZN3_bn6assert9show_argsIA55_cEEvPKcS4_S4_iRKT_
 .text._ZN2bn12_GLOBAL__N_1L20_build_sprite_assertILNS_11sprite_sizeE2EEEPNS_4tileERKNS_21sprite_text_generatorERKNS_18sprite_palette_ptrERKNS_13fixed_point_tILi12EEERNS_7ivectorINS_10sprite_ptrEEE
                0x08009700      0x198 bn_sprite_text_generator.o
 .text._ZN2bn12_GLOBAL__N_1L20_build_sprite_assertILNS_11sprite_sizeE1EEEPNS_4tileERKNS_21sprite_text_generatorERKNS_18sprite_palette_ptrERKNS_13fixed_point_tILi12EEERNS_7ivectorINS_10sprite_ptrEEE
                0x08009898      0x198 bn_sprite_text_generator.o
 .text._ZN2bn12_GLOBAL__N_1L9_generateILb0EEEbRKNS_21sprite_text_generatorERKNS_13fixed_point_tILi12EEERKNS_11string_viewERKNS_23utf8_characters_map_refEiibRNS_7ivectorINS_10sprite_ptrEEE.isra.0
                0x08009a30     0x1164 bn_sprite_text_generator.o
 .text._ZNK2bn21sprite_text_generator8generateENS_7fixed_tILi12EEES2_RKNS_11string_viewERNS_7ivectorINS_10sprite_ptrEEE
                0x0800ab94       0x40 bn_sprite_text_generator.o
                0x0800ab94                _ZNK2bn21sprite_text_generator8generateENS_7fixed_tILi12EEES2_RKNS_11string_viewERNS_7ivectorINS_10sprite_ptrEEE
 .text._ZNK2bn16sprite_tiles_ptr2idEv
                0x0800abd4       0x18 bn_sprite_tiles_manager.o
                0x0800abd4                _ZNK2bn16sprite_tiles_ptr2idEv
 .text._ZNK2bn16sprite_tiles_ptr11tiles_countEv
                0x0800abec       0x18 bn_sprite_tiles_manager.o
                0x0800abec                _ZNK2bn16sprite_tiles_ptr11tiles_countEv
 .text._ZN2bn20sprite_tiles_manager10log_statusEv
                0x0800ac04      0x1ec bn_sprite_tiles_manager.o
                0x0800ac04                _ZN2bn20sprite_tiles_manager10log_statusEv
 .text._ZN2bn20sprite_tiles_manager19commit_uncompressedEb
                0x0800adf0       0xc4 bn_sprite_tiles_manager.o
                0x0800adf0                _ZN2bn20sprite_tiles_manager19commit_uncompressedEb
 .text._ZN3_bn6assert9show_argsIA27_chEEvPKcS4_S4_iRKT_RKT0_
                0x0800aeb4       0x54 bn_sprite_tiles_manager.o
                0x0800aeb4                _ZN3_bn6assert9show_argsIA27_chEEvPKcS4_S4_iRKT_RKT0_
 .text._ZN3_bn6assert9show_argsIJA44_cPKN2bn4tileEA4_cS6_EEEvPKcS9_S9_iDpRKT_
                0x0800af08       0x64 bn_sprite_tiles_manager.o
                0x0800af08                _ZN3_bn6assert9show_argsIJA44_cPKN2bn4tileEA4_cS6_EEEvPKcS9_S9_iDpRKT_
 .text._ZN3_bn6assert9show_argsIJA46_ciA4_cjEEEvPKcS5_S5_iDpRKT_
                0x0800af6c       0x64 bn_sprite_tiles_manager.o
                0x0800af6c                _ZN3_bn6assert9show_argsIJA46_ciA4_cjEEEvPKcS5_S5_iDpRKT_
 .text._ZN2bn20sprite_tiles_manager12_GLOBAL__N_1L10_hw_commitEPKNS_4tileENS_16compression_typeEii
                0x0800afd0       0x88 bn_sprite_tiles_manager.o
 .text._ZN2bn20sprite_tiles_manager17commit_compressedEv
                0x0800b058       0x5c bn_sprite_tiles_manager.o
                0x0800b058                _ZN2bn20sprite_tiles_manager17commit_compressedEv
 .text._ZN3_bn6assert9show_argsIJA28_cA15_cPKN2bn4tileEA16_ciA34_cNS4_11string_viewEEEEvPKcSC_SC_iDpRKT_
                0x0800b0b4       0x7c bn_sprite_tiles_manager.o
                0x0800b0b4                _ZN3_bn6assert9show_argsIJA28_cA15_cPKN2bn4tileEA16_ciA34_cNS4_11string_viewEEEEvPKcSC_SC_iDpRKT_
 .text._ZN3_bn6assert9show_argsIJA44_ciA34_cN2bn11string_viewEEEEvPKcS7_S7_iDpRKT_
                0x0800b130       0x64 bn_sprite_tiles_manager.o
                0x0800b130                _ZN3_bn6assert9show_argsIJA44_ciA34_cN2bn11string_viewEEEEvPKcS7_S7_iDpRKT_
 .text._ZN2bn20sprite_tiles_manager4initEv
                0x0800b194      0x188 bn_sprite_tiles_manager.o
                0x0800b194                _ZN2bn20sprite_tiles_manager4initEv
 .text._ZN2bn20sprite_tiles_manager12_GLOBAL__N_1L22_insert_to_commit_itemEiRNS1_9item_typeE.part.0
                0x0800b31c       0x64 bn_sprite_tiles_manager.o
 .text._ZN2bn20sprite_tiles_manager12_GLOBAL__N_1L17_insert_free_itemEi
                0x0800b380       0xe0 bn_sprite_tiles_manager.o
 .text._ZN2bn20sprite_tiles_manager12_GLOBAL__N_1L16_erase_free_itemEi
                0x0800b460       0xe8 bn_sprite_tiles_manager.o
 .text._ZN2bn20sprite_tiles_manager12_GLOBAL__N_1L21_erase_to_commit_itemEiRNS1_9item_typeE.part.0
                0x0800b548       0xac bn_sprite_tiles_manager.o
 .text._ZN2bn20sprite_tiles_manager15decrease_usagesEi
                0x0800b5f4      0x138 bn_sprite_tiles_manager.o
                0x0800b5f4                _ZN2bn20sprite_tiles_manager15decrease_usagesEi
 .text._ZN2bn16sprite_tiles_ptrD2Ev
                0x0800b72c       0x18 bn_sprite_tiles_manager.o
                0x0800b72c                _ZN2bn16sprite_tiles_ptrD2Ev
                0x0800b72c                _ZN2bn16sprite_tiles_ptrD1Ev
 .text._ZN2bn20sprite_tiles_manager12_GLOBAL__N_1L10_find_implEPKNS_4tileENS_16compression_typeEi
                0x0800b744      0x288 bn_sprite_tiles_manager.o
 .text._ZN2bn20sprite_tiles_manager4vramEi
                0x0800b9cc       0x3c bn_sprite_tiles_manager.o
                0x0800b9cc                _ZN2bn20sprite_tiles_manager4vramEi
 .text._ZN2bn16sprite_tiles_ptr4vramEv
                0x0800ba08       0x14 bn_sprite_tiles_manager.o
                0x0800ba08                _ZN2bn16sprite_tiles_ptr4vramEv
 .text._ZN2bn20sprite_tiles_manager12_GLOBAL__N_1L21_erase_items_map_itemEPKNS_4tileE
                0x0800ba1c      0x1fc bn_sprite_tiles_manager.o
 .text._ZN2bn20sprite_tiles_manager12_GLOBAL__N_1L12_create_itemEiPKNS_4tileENS_16compression_typeEib
                0x0800bc18      0x1e0 bn_sprite_tiles_manager.o
 .text._ZN2bn20sprite_tiles_manager12_GLOBAL__N_1L14_allocate_implEi
                0x0800bdf8      0x10c bn_sprite_tiles_manager.o
 .text._ZN2bn20sprite_tiles_manager8allocateEiNS_8bpp_modeE
                0x0800bf04       0xc0 bn_sprite_tiles_manager.o
                0x0800bf04                _ZN2bn20sprite_tiles_manager8allocateEiNS_8bpp_modeE
 .text._ZN2bn16sprite_tiles_ptr8allocateEiNS_8bpp_modeE
                0x0800bfc4       0x18 bn_sprite_tiles_manager.o
                0x0800bfc4                _ZN2bn16sprite_tiles_ptr8allocateEiNS_8bpp_modeE
 .text._ZN2bn20sprite_tiles_manager6updateEv
                0x0800bfdc      0x1a0 bn_sprite_tiles_manager.o
                0x0800bfdc                _ZN2bn20sprite_tiles_manager6updateEv
 .text._ZN2bn20sprite_tiles_manager12_GLOBAL__N_1L12_create_implEPKNS_4tileENS_16compression_typeEi
                0x0800c17c      0x1fc bn_sprite_tiles_manager.o
 .text._ZN2bn20sprite_tiles_manager12_GLOBAL__N_1L22_insert_items_map_itemEPKNS_4tileEi
                0x0800c378       0xc0 bn_sprite_tiles_manager.o
 .text._ZN2bn20sprite_tiles_manager6createERKNS_4spanIKNS_4tileEEENS_16compression_typeE
                0x0800c438       0x90 bn_sprite_tiles_manager.o
                0x0800c438                _ZN2bn20sprite_tiles_manager6createERKNS_4spanIKNS_4tileEEENS_16compression_typeE
 .text._ZN2bn16sprite_tiles_ptr6createERKNS_17sprite_tiles_itemE
                0x0800c4c8       0x84 bn_sprite_tiles_manager.o
                0x0800c4c8                _ZN2bn16sprite_tiles_ptr6createERKNS_17sprite_tiles_itemE
 .text._ZN2bn16sprite_tiles_ptr6createERKNS_17sprite_tiles_itemEi
                0x0800c54c       0xc0 bn_sprite_tiles_manager.o
                0x0800c54c                _ZN2bn16sprite_tiles_ptr6createERKNS_17sprite_tiles_itemEi
 .text._ZN2bn15sprites_manager12_GLOBAL__N_1L32_always_update_indexes_to_commitERKNS_20sprites_manager_itemE
                0x0800c60c       0x4c bn_sprites_manager.o
 .text._ZN2bn13ostringstream11append_argsIiJA4_ciEEEvRKT_DpRKT0_.isra.0
                0x0800c658       0x24 bn_sprites_manager.o
 .text._ZN2bn15sprites_manager12_GLOBAL__N_1L23_update_item_dimensionsERNS_20sprites_manager_itemE
                0x0800c67c       0xc0 bn_sprites_manager.o
 .text._ZN2bn10sprite_ptrC2ERKS0_
                0x0800c73c        0xc bn_sprites_manager.o
                0x0800c73c                _ZN2bn10sprite_ptrC1ERKS0_
                0x0800c73c                _ZN2bn10sprite_ptrC2ERKS0_
 .text._ZN2bn10sprite_ptr11set_visibleEb
                0x0800c748       0x6c bn_sprites_manager.o
                0x0800c748                _ZN2bn10sprite_ptr11set_visibleEb
 .text._ZN2bn15sprites_manager4initEv
                0x0800c7b4       0xd4 bn_sprites_manager.o
                0x0800c7b4                _ZN2bn15sprites_manager4initEv
 .text._ZN2bn15sprites_manager5hw_idEPv
                0x0800c888        0x8 bn_sprites_manager.o
                0x0800c888                _ZN2bn15sprites_manager5hw_idEPv
 .text._ZN2bn15sprites_manager5shapeEPv
                0x0800c890        0x8 bn_sprites_manager.o
                0x0800c890                _ZN2bn15sprites_manager5shapeEPv
 .text._ZN2bn15sprites_manager4sizeEPv
                0x0800c898        0x8 bn_sprites_manager.o
                0x0800c898                _ZN2bn15sprites_manager4sizeEPv
 .text._ZN2bn15sprites_manager10shape_sizeEPv
                0x0800c8a0       0x14 bn_sprites_manager.o
                0x0800c8a0                _ZN2bn15sprites_manager10shape_sizeEPv
 .text._ZN2bn15sprites_manager11hw_positionEPv
                0x0800c8b4        0x4 bn_sprites_manager.o
                0x0800c8b4                _ZN2bn15sprites_manager11hw_positionEPv
 .text._ZN2bn15sprites_manager9view_modeEPv
                0x0800c8b8        0xc bn_sprites_manager.o
                0x0800c8b8                _ZN2bn15sprites_manager9view_modeEPv
 .text._ZN2bn15sprites_manager10affine_matEPv
                0x0800c8c4        0x4 bn_sprites_manager.o
                0x0800c8c4                _ZN2bn15sprites_manager10affine_matEPv
 .text._ZN2bn15sprites_manager39fill_hblank_effect_horizontal_positionsEPviPKNS_7fixed_tILi12EEEPt
                0x0800c8c8       0x4c bn_sprites_manager.o
                0x0800c8c8                _ZN2bn15sprites_manager39fill_hblank_effect_horizontal_positionsEPviPKNS_7fixed_tILi12EEEPt
 .text._ZN2bn15sprites_manager37fill_hblank_effect_vertical_positionsEPviPKNS_7fixed_tILi12EEEPt
                0x0800c914       0x4c bn_sprites_manager.o
                0x0800c914                _ZN2bn15sprites_manager37fill_hblank_effect_vertical_positionsEPviPKNS_7fixed_tILi12EEEPt
 .text._ZN2bn15sprites_manager35fill_hblank_effect_first_attributesEiNS_12sprite_shapeENS_8bpp_modeEiPKNS_23sprite_first_attributesEPt
                0x0800c960       0xd4 bn_sprites_manager.o
                0x0800c960                _ZN2bn15sprites_manager35fill_hblank_effect_first_attributesEiNS_12sprite_shapeENS_8bpp_modeEiPKNS_23sprite_first_attributesEPt
 .text._ZN2bn15sprites_manager44fill_hblank_effect_regular_second_attributesEPviNS_11sprite_sizeEPKNS_32sprite_regular_second_attributesEPt
                0x0800ca34       0x60 bn_sprites_manager.o
                0x0800ca34                _ZN2bn15sprites_manager44fill_hblank_effect_regular_second_attributesEPviNS_11sprite_sizeEPKNS_32sprite_regular_second_attributesEPt
 .text._ZN2bn15sprites_manager43fill_hblank_effect_affine_second_attributesEPviNS_11sprite_sizeEPKNS_31sprite_affine_second_attributesEPt
                0x0800ca94       0x58 bn_sprites_manager.o
                0x0800ca94                _ZN2bn15sprites_manager43fill_hblank_effect_affine_second_attributesEPviNS_11sprite_sizeEPKNS_31sprite_affine_second_attributesEPt
 .text._ZN2bn15sprites_manager14update_camerasEv
                0x0800caec       0x20 bn_sprites_manager.o
                0x0800caec                _ZN2bn15sprites_manager14update_camerasEv
 .text._ZN2bn15sprites_manager23update_auto_double_sizeEPv
                0x0800cb0c       0x2c bn_sprites_manager.o
                0x0800cb0c                _ZN2bn15sprites_manager23update_auto_double_sizeEPv
 .text._ZN2bn15sprites_manager6commitEb
                0x0800cb38       0xa4 bn_sprites_manager.o
                0x0800cb38                _ZN2bn15sprites_manager6commitEb
 .text._ZN2bn14sprite_builder20set_blending_enabledEb
                0x0800cbdc       0x3c bn_sprites_manager.o
                0x0800cbdc                _ZN2bn14sprite_builder20set_blending_enabledEb
 .text._ZNK2bn17sprite_shape_size6heightEv.isra.0
                0x0800cc18       0xd0 bn_sprites_manager.o
 .text._ZNK2bn17sprite_shape_size5widthEv.isra.0
                0x0800cce8       0xcc bn_sprites_manager.o
 .text._ZN2bn15sprites_manager12_GLOBAL__N_1L18_remove_affine_matERNS_20sprites_manager_itemE
                0x0800cdb4       0xe4 bn_sprites_manager.o
 .text._ZN2bn15sprites_manager42remove_identity_affine_mat_when_not_neededEPv
                0x0800ce98        0xc bn_sprites_manager.o
                0x0800ce98                _ZN2bn15sprites_manager42remove_identity_affine_mat_when_not_neededEPv
 .text._ZN2bn14sprite_builder15release_paletteEv
                0x0800cea4       0x6c bn_sprites_manager.o
                0x0800cea4                _ZN2bn14sprite_builder15release_paletteEv
 .text._ZN2bn14sprite_builder13release_tilesEv
                0x0800cf10       0x6c bn_sprites_manager.o
                0x0800cf10                _ZN2bn14sprite_builder13release_tilesEv
 .text._ZN2bn15sprites_manager7paletteEPv
                0x0800cf7c       0x34 bn_sprites_manager.o
                0x0800cf7c                _ZN2bn15sprites_manager7paletteEPv
 .text._ZN2bn20sprites_manager_item13_builder_initERKNS_14sprite_builderE
                0x0800cfb0      0x34c bn_sprites_manager.o
                0x0800cfb0                _ZN2bn20sprites_manager_item13_builder_initERKNS_14sprite_builderE
 .text._ZN2bn14sprite_builder11set_z_orderEi
                0x0800d2fc       0x48 bn_sprites_manager.o
                0x0800d2fc                _ZN2bn14sprite_builder11set_z_orderEi
 .text._ZN2bn14sprite_builderC2ERKNS_17sprite_shape_sizeENS_16sprite_tiles_ptrENS_18sprite_palette_ptrE
                0x0800d344      0x288 bn_sprites_manager.o
                0x0800d344                _ZN2bn14sprite_builderC2ERKNS_17sprite_shape_sizeENS_16sprite_tiles_ptrENS_18sprite_palette_ptrE
                0x0800d344                _ZN2bn14sprite_builderC1ERKNS_17sprite_shape_sizeENS_16sprite_tiles_ptrENS_18sprite_palette_ptrE
 .text._ZN2bn14sprite_builder15set_bg_priorityEi
                0x0800d5cc       0x38 bn_sprites_manager.o
                0x0800d5cc                _ZN2bn14sprite_builder15set_bg_priorityEi
 .text._ZN2bn15sprites_manager6updateEv
                0x0800d604      0x13c bn_sprites_manager.o
                0x0800d604                _ZN2bn15sprites_manager6updateEv
 .text._ZN3_bn6assert9show_argsIJA27_ciA4_ciEEEvPKcS5_S5_iDpRKT_
                0x0800d740       0x58 bn_sprites_manager.o
                0x0800d740                _ZN3_bn6assert9show_argsIJA27_ciA4_ciEEEvPKcS5_S5_iDpRKT_
 .text._ZN2bn15sprites_manager35fill_hblank_effect_third_attributesENS_17sprite_shape_sizeEPKNS_23sprite_third_attributesEPt
                0x0800d798      0x2f0 bn_sprites_manager.o
                0x0800d798                _ZN2bn15sprites_manager35fill_hblank_effect_third_attributesENS_17sprite_shape_sizeEPKNS_23sprite_third_attributesEPt
 .text._ZN2bn14sorted_sprites6sorter6insertERNS_20sprites_manager_itemE
                0x0800da88      0x184 bn_sprites_manager.o
                0x0800da88                _ZN2bn14sorted_sprites6sorter6insertERNS_20sprites_manager_itemE
 .text._ZN2bn15sprites_manager6createERKNS_13fixed_point_tILi12EEERKNS_17sprite_shape_sizeEONS_16sprite_tiles_ptrEONS_18sprite_palette_ptrE
                0x0800dc0c      0x1d0 bn_sprites_manager.o
                0x0800dc0c                _ZN2bn15sprites_manager6createERKNS_13fixed_point_tILi12EEERKNS_17sprite_shape_sizeEONS_16sprite_tiles_ptrEONS_18sprite_palette_ptrE
 .text._ZNK2bn11sprite_item13create_spriteENS_7fixed_tILi12EEES2_
                0x0800dddc       0x44 bn_sprites_manager.o
                0x0800dddc                _ZNK2bn11sprite_item13create_spriteENS_7fixed_tILi12EEES2_
 .text._ZN2bn15sprites_manager6createEONS_14sprite_builderE
                0x0800de20      0x17c bn_sprites_manager.o
                0x0800de20                _ZN2bn15sprites_manager6createEONS_14sprite_builderE
 .text._ZN2bn10sprite_ptr6createEONS_14sprite_builderE
                0x0800df9c       0x14 bn_sprites_manager.o
                0x0800df9c                _ZN2bn10sprite_ptr6createEONS_14sprite_builderE
 .text._ZN2bn15sprites_manager15decrease_usagesEPv
                0x0800dfb0      0x17c bn_sprites_manager.o
                0x0800dfb0                _ZN2bn15sprites_manager15decrease_usagesEPv
 .text._ZN2bn10sprite_ptrD2Ev
                0x0800e12c       0x18 bn_sprites_manager.o
                0x0800e12c                _ZN2bn10sprite_ptrD2Ev
                0x0800e12c                _ZN2bn10sprite_ptrD1Ev
 .text._ZN2bn13ostringstreamC2ERNS_12istring_baseE
                0x0800e144        0x8 bn_sstream.o
                0x0800e144                _ZN2bn13ostringstreamC2ERNS_12istring_baseE
                0x0800e144                _ZN2bn13ostringstreamC1ERNS_12istring_baseE
 .text._ZN2bn13ostringstream6appendEPKc
                0x0800e14c       0xac bn_sstream.o
                0x0800e14c                _ZN2bn13ostringstream6appendEPKc
 .text._ZN2bn13ostringstream6appendEi
                0x0800e1f8       0xb0 bn_sstream.o
                0x0800e1f8                _ZN2bn13ostringstream6appendEi
 .text._ZN2bn13ostringstream6appendERKNS_11string_viewE
                0x0800e2a8       0xbc bn_sstream.o
                0x0800e2a8                _ZN2bn13ostringstream6appendERKNS_11string_viewE
 .text._ZN2bn13ostringstream6appendEj
                0x0800e364       0xb0 bn_sstream.o
                0x0800e364                _ZN2bn13ostringstream6appendEj
 .text._ZN2bn13ostringstream6appendEPKv
                0x0800e414       0xec bn_sstream.o
                0x0800e414                _ZN2bn13ostringstream6appendEPKv
 .text._ZN2bn13ostringstream6appendEc
                0x0800e500       0x48 bn_sstream.o
                0x0800e500                _ZN2bn13ostringstream6appendEc
 .text._ZN2bn18igeneric_pool_baseC2EPci
                0x0800e548       0x10 bn_translation_unit.o
                0x0800e548                _ZN2bn18igeneric_pool_baseC2EPci
                0x0800e548                _ZN2bn18igeneric_pool_baseC1EPci
 .text._ZN2bn18igeneric_pool_base5_freeEPc
                0x0800e558       0x10 bn_translation_unit.o
                0x0800e558                _ZN2bn18igeneric_pool_base5_freeEPc
 .text._ZN2bn5timerC2Ev
                0x0800e568       0x24 bn_translation_unit.o
                0x0800e568                _ZN2bn5timerC2Ev
                0x0800e568                _ZN2bn5timerC1Ev
 .text._ZNK2bn5timer13elapsed_ticksEv
                0x0800e58c       0x2c bn_translation_unit.o
                0x0800e58c                _ZNK2bn5timer13elapsed_ticksEv
 .text._ZN2bn5timer7restartEv
                0x0800e5b8       0x28 bn_translation_unit.o
                0x0800e5b8                _ZN2bn5timer7restartEv
 .text._ZN2bn3logERKNS_12istring_baseE
                0x0800e5e0       0x58 bn_translation_unit.o
                0x0800e5e0                _ZN2bn3logERKNS_12istring_baseE
 .text._ZN2bn18igeneric_pool_base9_allocateEv
                0x0800e638       0x48 bn_translation_unit.o
                0x0800e638                _ZN2bn18igeneric_pool_base9_allocateEv
 .text._ZN2bn2hw5audio12_GLOBAL__N_1L21_maxmod_event_handlerEjj
                0x0800e680       0x38 bn_hw_audio.o
 .text._ZN2bn2hw5audio4initEv
                0x0800e6b8       0x7c bn_hw_audio.o
                0x0800e6b8                _ZN2bn2hw5audio4initEv
 .text._ZN2bn2hw5audio7disableEv
                0x0800e734       0x18 bn_hw_audio.o
                0x0800e734                _ZN2bn2hw5audio7disableEv
 .text._ZN2bn2hw5audio13update_eventsEb
                0x0800e74c       0x6c bn_hw_audio.o
                0x0800e74c                _ZN2bn2hw5audio13update_eventsEb
 .text._ZN2bn2hw5audio13music_playingEv
                0x0800e7b8       0x20 bn_hw_audio.o
                0x0800e7b8                _ZN2bn2hw5audio13music_playingEv
 .text._ZN2bn2hw5audio10play_musicEib
                0x0800e7d8       0x1c bn_hw_audio.o
                0x0800e7d8                _ZN2bn2hw5audio10play_musicEib
 .text._ZN2bn2hw5audio10stop_musicEv
                0x0800e7f4       0x18 bn_hw_audio.o
                0x0800e7f4                _ZN2bn2hw5audio10stop_musicEv
 .text._ZN2bn2hw5audio11pause_musicEv
                0x0800e80c       0x18 bn_hw_audio.o
                0x0800e80c                _ZN2bn2hw5audio11pause_musicEv
 .text._ZN2bn2hw5audio12resume_musicEv
                0x0800e824       0x18 bn_hw_audio.o
                0x0800e824                _ZN2bn2hw5audio12resume_musicEv
 .text._ZN2bn2hw5audio14jingle_playingEv
                0x0800e83c       0x20 bn_hw_audio.o
                0x0800e83c                _ZN2bn2hw5audio14jingle_playingEv
 .text._ZN2bn2hw5audio11play_jingleEi
                0x0800e85c       0x1c bn_hw_audio.o
                0x0800e85c                _ZN2bn2hw5audio11play_jingleEi
 .text._ZN2bn2hw5audio11stop_jingleEv
                0x0800e878       0x18 bn_hw_audio.o
                0x0800e878                _ZN2bn2hw5audio11stop_jingleEv
 .text._ZN2bn2hw5audio12pause_jingleEv
                0x0800e890       0x18 bn_hw_audio.o
                0x0800e890                _ZN2bn2hw5audio12pause_jingleEv
 .text._ZN2bn2hw5audio13resume_jingleEv
                0x0800e8a8       0x18 bn_hw_audio.o
                0x0800e8a8                _ZN2bn2hw5audio13resume_jingleEv
 .text._ZN3_bn6assert9show_argsIA43_cEEvPKcS4_S4_iRKT_
                0x0800e8c0       0x48 bn_hw_audio.o
                0x0800e8c0                _ZN3_bn6assert9show_argsIA43_cEEvPKcS4_S4_iRKT_
 .text._ZN2bn2hw5audio15set_mixing_rateENS_17audio_mixing_rateE
                0x0800e908       0xc0 bn_hw_audio.o
                0x0800e908                _ZN2bn2hw5audio15set_mixing_rateENS_17audio_mixing_rateE
 .text._ZN2bn2hw5audio15set_sound_speedEtNS_7fixed_tILi12EEES3_
                0x0800e9c8       0x74 bn_hw_audio.o
                0x0800e9c8                _ZN2bn2hw5audio15set_sound_speedEtNS_7fixed_tILi12EEES3_
 .text._ZN2bn2hw5audio12_GLOBAL__N_1L19_add_sound_to_queueEit
                0x0800ea3c       0x98 bn_hw_audio.o
 .text._ZN2bn2hw5audio12_GLOBAL__N_1L19_check_sounds_queueEi
                0x0800ead4       0xb0 bn_hw_audio.o
 .text._ZN2bn2hw5audio10play_soundEii
                0x0800eb84       0x44 bn_hw_audio.o
                0x0800eb84                _ZN2bn2hw5audio10play_soundEii
 .text._ZN2bn2hw5audio10play_soundEiiNS_7fixed_tILi12EEES3_S3_
                0x0800ebc8       0xb8 bn_hw_audio.o
                0x0800ebc8                _ZN2bn2hw5audio10play_soundEiiNS_7fixed_tILi12EEES3_S3_
 .text._ZN2bn2hw5audio15stop_all_soundsEv
                0x0800ec80       0x60 bn_hw_audio.o
                0x0800ec80                _ZN2bn2hw5audio15stop_all_soundsEv
 .text._ZN2bn2hw5audio19update_sounds_queueEv
                0x0800ece0       0x94 bn_hw_audio.o
                0x0800ece0                _ZN2bn2hw5audio19update_sounds_queueEv
 .text._ZN2bn2hw5audio12_GLOBAL__N_1L23_erase_sound_from_queueEt
                0x0800ed74       0x98 bn_hw_audio.o
 .text._ZN2bn2hw5audio10stop_soundEt
                0x0800ee0c       0x20 bn_hw_audio.o
                0x0800ee0c                _ZN2bn2hw5audio10stop_soundEt
 .text._ZN2bn2hw5audio13release_soundEt
                0x0800ee2c       0x20 bn_hw_audio.o
                0x0800ee2c                _ZN2bn2hw5audio13release_soundEt
 .text.__libc_init_array
                0x0800ee4c       0x50 bn_hw_common.bn_noflto.o
                0x0800ee4c                __libc_init_array
 .text._ZN3_bn6assert9show_argsIA40_cEEvPKcS4_S4_iRKT_
                0x0800ee9c       0x48 bn_hw_common.bn_noflto.o
                0x0800ee9c                _ZN3_bn6assert9show_argsIA40_cEEvPKcS4_S4_iRKT_
 .text.__aeabi_idiv0
                0x0800eee4       0x24 bn_hw_common.bn_noflto.o
                0x0800eee4                __aeabi_idiv0
 .text.free     0x0800ef08        0xc bn_hw_cstdlib.o
                0x0800ef08                free
 .text._ZN2bn2hw9dmg_audio4initEv
                0x0800ef14       0x18 bn_hw_dmg_audio.o
                0x0800ef14                _ZN2bn2hw9dmg_audio4initEv
 .text._ZN2bn2hw9dmg_audio7disableEv
                0x0800ef2c       0x18 bn_hw_dmg_audio.o
                0x0800ef2c                _ZN2bn2hw9dmg_audio7disableEv
 .text._ZN2bn2hw9dmg_audio13music_playingEv
                0x0800ef44       0x28 bn_hw_dmg_audio.o
                0x0800ef44                _ZN2bn2hw9dmg_audio13music_playingEv
 .text._ZN2bn2hw9dmg_audio10stop_musicEv
                0x0800ef6c       0x24 bn_hw_dmg_audio.o
                0x0800ef6c                _ZN2bn2hw9dmg_audio10stop_musicEv
 .text._ZN2bn2hw9dmg_audio11pause_musicEv
                0x0800ef90       0x24 bn_hw_dmg_audio.o
                0x0800ef90                _ZN2bn2hw9dmg_audio11pause_musicEv
 .text._ZN2bn2hw9dmg_audio12resume_musicEv
                0x0800efb4       0x24 bn_hw_dmg_audio.o
                0x0800efb4                _ZN2bn2hw9dmg_audio12resume_musicEv
 .text._ZN2bn2hw9dmg_audio14music_positionERiS2_
                0x0800efd8       0x2c bn_hw_dmg_audio.o
                0x0800efd8                _ZN2bn2hw9dmg_audio14music_positionERiS2_
 .text._ZN2bn2hw9dmg_audio6commitEv
                0x0800f004       0x34 bn_hw_dmg_audio.o
                0x0800f004                _ZN2bn2hw9dmg_audio6commitEv
 .text._ZN3_bn6assert9show_argsIA38_ciEEvPKcS4_S4_iRKT_RKT0_
                0x0800f038       0x54 bn_hw_dmg_audio.o
                0x0800f038                _ZN3_bn6assert9show_argsIA38_ciEEvPKcS4_S4_iRKT_RKT0_
 .text._ZN2bn2hw9dmg_audio10play_musicEPKvNS_14dmg_music_typeEib
                0x0800f08c       0x84 bn_hw_dmg_audio.o
                0x0800f08c                _ZN2bn2hw9dmg_audio10play_musicEPKvNS_14dmg_music_typeEib
 .text._ZN2bn2hw9dmg_audio18set_music_positionEii
                0x0800f110       0x4c bn_hw_dmg_audio.o
                0x0800f110                _ZN2bn2hw9dmg_audio18set_music_positionEii
 .text._ZN2bn2hw9dmg_audio16set_music_volumeENS_7fixed_tILi12EEES3_
                0x0800f15c       0x50 bn_hw_dmg_audio.o
                0x0800f15c                _ZN2bn2hw9dmg_audio16set_music_volumeENS_7fixed_tILi12EEES3_
 .text._ZN3_bn6assert9show_argsIA22_cjEEvPKcS4_S4_iRKT_RKT0_
                0x0800f1ac       0x54 bn_hw_dmg_audio.o
                0x0800f1ac                _ZN3_bn6assert9show_argsIA22_cjEEvPKcS4_S4_iRKT_RKT0_
 .text._ZN2bn2hw9dmg_audio19check_commit_resultEv
                0x0800f200       0x38 bn_hw_dmg_audio.o
                0x0800f200                _ZN2bn2hw9dmg_audio19check_commit_resultEv
 .text._ZN2bn2hw4gpio4initEv
                0x0800f238        0x8 bn_hw_gpio.bn_noflto.o
                0x0800f238                _ZN2bn2hw4gpio4initEv
 .text._ZN2bn2hw4link12_GLOBAL__N_1L19_resetStateCallbackEv
                0x0800f240       0x4c bn_hw_link.o
 .text._ZN2bn2hw4link4initEv
                0x0800f28c      0x100 bn_hw_link.o
                0x0800f28c                _ZN2bn2hw4link4initEv
 .text._ZN2bn2hw4link6activeEv
                0x0800f38c       0x10 bn_hw_link.o
                0x0800f38c                _ZN2bn2hw4link6activeEv
 .text._ZN2bn2hw4link7disableEv
                0x0800f39c       0x6c bn_hw_link.o
                0x0800f39c                _ZN2bn2hw4link7disableEv
 .text._ZN2bn2hw4link6commitEv
                0x0800f408       0x28 bn_hw_link.o
                0x0800f408                _ZN2bn2hw4link6commitEv
 .text._ZN2bn2hw4link11_timer_intrEv
                0x0800f430       0xf8 bn_hw_link.o
                0x0800f430                _ZN2bn2hw4link11_timer_intrEv
 .text._ZN2bn2hw4link12_serial_intrEv
                0x0800f528      0x1d4 bn_hw_link.o
                0x0800f528                _ZN2bn2hw4link12_serial_intrEv
 .text._ZN2bn2hw4link12_GLOBAL__N_1L17_sendDataCallbackEv
                0x0800f6fc       0xd8 bn_hw_link.o
 .text._ZN2bn2hw4link12_GLOBAL__N_1L24_receiveResponseCallbackERKNS_2lc12LinkResponseE
                0x0800f7d4      0x148 bn_hw_link.o
 .text._ZN2bn2hw8palettes8contrastEPKNS_5colorEiiPS2_
                0x0800f91c       0x18 bn_hw_palettes.o
                0x0800f91c                _ZN2bn2hw8palettes8contrastEPKNS_5colorEiiPS2_
 .text._ZN2bn2hw8palettes9intensityEPKNS_5colorEiiPS2_
                0x0800f934       0x18 bn_hw_palettes.o
                0x0800f934                _ZN2bn2hw8palettes9intensityEPKNS_5colorEiiPS2_
 .text._ZN2bn2hw8palettes9hue_shiftEPKNS_5colorEiiPS2_
                0x0800f94c      0x14c bn_hw_palettes.o
                0x0800f94c                _ZN2bn2hw8palettes9hue_shiftEPKNS_5colorEiiPS2_
 .text._ZN2bn2hw8palettes6rotateEPKNS_5colorEiiPS2_
                0x0800fa98       0x30 bn_hw_palettes.o
                0x0800fa98                _ZN2bn2hw8palettes6rotateEPKNS_5colorEiiPS2_
 .text._ZN2bn7istring6appendEPKci.isra.0
                0x0800fac8       0xb4 bn_hw_show.o
 .text._ZN2bn2hw4show5errorERKNS_11system_fontERKNS_11string_viewES7_S7_iS7_S7_
                0x0800fb7c      0x284 bn_hw_show.o
                0x0800fb7c                _ZN2bn2hw4show5errorERKNS_11system_fontERKNS_11string_viewES7_S7_iS7_S7_
 .text._ZN2bn2hw4sram4initEv
                0x0800fe00       0x18 bn_hw_sram.bn_noflto.o
                0x0800fe00                _ZN2bn2hw4sram4initEv
 .text._ZN2bn11system_fontC2Ev
                0x0800fe18       0x18 bn_hw_system_font.o
                0x0800fe18                _ZN2bn11system_fontC2Ev
                0x0800fe18                _ZN2bn11system_fontC1Ev
 .text._ZNK2bn11system_font8tte_fontEv
                0x0800fe30        0x4 bn_hw_system_font.o
                0x0800fe30                _ZNK2bn11system_font8tte_fontEv
 .text._ZN2bn2hw4text5parseEjRNS_5arrayIcLi32EEE
                0x0800fe34       0xa0 bn_hw_text.o
                0x0800fe34                _ZN2bn2hw4text5parseEjRNS_5arrayIcLi32EEE
 .text._ZN2bn2hw4text5parseEPKvRNS_5arrayIcLi32EEE
                0x0800fed4       0x30 bn_hw_text.o
                0x0800fed4                _ZN2bn2hw4text5parseEPKvRNS_5arrayIcLi32EEE
 .text._ZN2bn2hw4text5parseEiRNS_5arrayIcLi32EEE
                0x0800ff04       0xbc bn_hw_text.o
                0x0800ff04                _ZN2bn2hw4text5parseEiRNS_5arrayIcLi32EEE
 .text.clr_grayscale
                0x0800ffc0       0x7c tonc_color.o
                0x0800ffc0                clr_grayscale
 .text.sbmp16_rect
                0x0801003c       0x6c tonc_sbmp16.o
                0x0801003c                sbmp16_rect
 .text.bmp16_drawg_b1cts
                0x080100a8       0xb4 bmp16_drawg_b1cs.o
                0x080100a8                bmp16_drawg_b1cts
 .text.bmp16_erase
                0x0801015c       0x24 tte_init_bmp.o
                0x0801015c                bmp16_erase
 .text.tte_init_bmp
                0x08010180       0x60 tte_init_bmp.o
                0x08010180                tte_init_bmp
 .text.dummy_drawg
                0x080101e0        0x4 tte_main.o
                0x080101e0                dummy_drawg
 .text.dummy_erase
                0x080101e4        0x4 tte_main.o
                0x080101e4                dummy_erase
 .text.tte_init_base
                0x080101e8       0x68 tte_main.o
                0x080101e8                tte_init_base
 .text.utf8_decode_char
                0x08010250       0xb8 tte_main.o
                0x08010250                utf8_decode_char
 .text.tte_write
                0x08010308       0xd4 tte_main.o
                0x08010308                tte_write
 .text.tte_get_text_size
                0x080103dc       0xa0 tte_main.o
                0x080103dc                tte_get_text_size
 .text.tte_set_margins
                0x0801047c       0x14 tte_main.o
                0x0801047c                tte_set_margins
 .text.IRQ_Init
                0x08010490       0x48 interrupts_gba.o
                0x08010490                IRQ_Init
 .text.IRQ_SetHandler
                0x080104d8        0xc interrupts_gba.o
                0x080104d8                IRQ_SetHandler
 .text.IRQ_Enable
                0x080104e4       0x64 interrupts_gba.o
                0x080104e4                IRQ_Enable
 .text.IRQ_Disable
                0x08010548       0x60 interrupts_gba.o
                0x08010548                IRQ_Disable
 .text.mmResetEffects
                0x080105a8       0x1c effect.o
                0x080105a8                mmResetEffects
 .text.mmEffectEx
                0x080105c4      0x118 effect.o
                0x080105c4                mmEffectEx
 .text.mmEffect
                0x080106dc       0x24 effect.o
                0x080106dc                mmEffect
 .text.mmSetEffectsVolume
                0x08010700       0x14 effect.o
                0x08010700                mmSetEffectsVolume
 .text.mmEffectPanning
                0x08010714       0x34 effect.o
                0x08010714                mmEffectPanning
 .text.mmEffectActive
                0x08010748       0x2c effect.o
                0x08010748                mmEffectActive
 .text.mmEffectScaleRate
                0x08010774       0x34 effect.o
                0x08010774                mmEffectScaleRate
 .text.mmEffectCancel
                0x080107a8       0x68 effect.o
                0x080107a8                mmEffectCancel
 .text.mmEffectRelease
                0x08010810       0x5c effect.o
                0x08010810                mmEffectRelease
 .text.mmEffectCancelAll
                0x0801086c       0x64 effect.o
                0x0801086c                mmEffectCancelAll
 .text.mmUpdateEffects
                0x080108d0       0x90 effect.o
                0x080108d0                mmUpdateEffects
 .text.mpp_resetchannels
                0x08010960       0x80 mas.o
 .text.mpph_VolumeSlide.isra.0
                0x080109e0       0x90 mas.o
 .text.mpph_PitchSlide_Up.isra.0
                0x08010a70       0x3c mas.o
 .text.mpp_setposition
                0x08010aac       0xb4 mas.o
 .text.mppe_DoVibrato
                0x08010b60       0x90 mas.o
 .text.mpph_FastForward
                0x08010bf0       0x80 mas.o
 .text.mppe_glis_backdoor
                0x08010c70       0xb4 mas.o
 .text.mmSetEventHandler
                0x08010d24        0xc mas.o
                0x08010d24                mmSetEventHandler
 .text.mmPause  0x08010d30       0x4c mas.o
                0x08010d30                mmPause
 .text.mmResume
                0x08010d7c       0x14 mas.o
                0x08010d7c                mmResume
 .text.mmJinglePause
                0x08010d90       0x54 mas.o
                0x08010d90                mmJinglePause
 .text.mmJingleResume
                0x08010de4       0x14 mas.o
                0x08010de4                mmJingleResume
 .text.mmActive
                0x08010df8        0xc mas.o
                0x08010df8                mmActive
 .text.mmJingleActive
                0x08010e04        0xc mas.o
                0x08010e04                mmJingleActive
 .text.mmSetModuleVolume
                0x08010e10       0x14 mas.o
                0x08010e10                mmSetModuleVolume
 .text.mmSetJingleVolume
                0x08010e24       0x14 mas.o
                0x08010e24                mmSetJingleVolume
 .text.mmStop   0x08010e38       0x34 mas.o
                0x08010e38                mmStop
 .text.mmJingleStop
                0x08010e6c       0x2c mas.o
                0x08010e6c                mmJingleStop
 .text.mmGetPosition
                0x08010e98        0xc mas.o
                0x08010e98                mmGetPosition
 .text.mmSetModuleTempo
                0x08010ea4       0x54 mas.o
                0x08010ea4                mmSetModuleTempo
 .text.mmPlayMAS
                0x08010ef8      0x104 mas.o
                0x08010ef8                mmPlayMAS
 .text.mmJingleStart
                0x08010ffc       0x30 mas.o
                0x08010ffc                mmJingleStart
 .text.mmStart  0x0801102c       0x30 mas.o
                0x0801102c                mmStart
 .text.mmSetModulePitch
                0x0801105c       0x20 mas.o
                0x0801105c                mmSetModulePitch
 .text.mpp_Process_VolumeCommand
                0x0801107c      0x378 mas.o
                0x0801107c                mpp_Process_VolumeCommand
 .text.mmSetPositionEx
                0x080113f4       0x24 mas.o
                0x080113f4                mmSetPositionEx
 .text.mpp_Process_Effect
                0x08011418      0x750 mas.o
                0x08011418                mpp_Process_Effect
 .text.mpp_Update_ACHN_notest
                0x08011b68      0x4cc mas.o
                0x08011b68                mpp_Update_ACHN_notest
 .text.mppUpdateSub
                0x08012034       0x64 mas.o
                0x08012034                mppUpdateSub
 .text.mmUpdateChannel_TN
                0x08012098       0xbc mas_arm.o
                0x08012098                mmUpdateChannel_TN
 .text.mmInit   0x08012154       0xa8 main_gba.o
                0x08012154                mmInit
 .text.mmEnd    0x080121fc       0x2c main_gba.o
                0x080121fc                mmEnd
 .text.mmFrame  0x08012228       0xa4 main_gba.o
                0x08012228                mmFrame
 .text.mmGetModuleCount
                0x080122cc        0xc main_gba.o
                0x080122cc                mmGetModuleCount
 .text.mmGetSampleCount
                0x080122d8        0xc main_gba.o
                0x080122d8                mmGetSampleCount
 .text.mmMixerSetPan
                0x080122e4       0x10 mixer.o
                0x080122e4                mmMixerSetPan
 .text.mmMixerMulFreq
                0x080122f4       0x18 mixer.o
                0x080122f4                mmMixerMulFreq
 .text.mmMixerStopChannel
                0x0801230c       0x14 mixer.o
                0x0801230c                mmMixerStopChannel
 .text.mmMixerInit
                0x08012320      0x130 mixer.o
                0x08012320                mmMixerInit
 .text.mmMixerEnd
                0x08012450       0x30 mixer.o
                0x08012450                mmMixerEnd
 .text.channel3_refresh_registers
                0x08012480       0xc8 gbt_player.o
 .text.gbt_refresh_pattern_ptr
                0x08012548       0x80 gbt_player.o
 .text.gbt_ch1234_nop
                0x080125c8        0x4 gbt_player.o
 .text.gbt_ch1234_speed
                0x080125cc       0x10 gbt_player.o
 .text.gbt_ch1234_jump_pattern
                0x080125dc       0x14 gbt_player.o
 .text.gbt_ch1234_jump_position
                0x080125f0       0x1c gbt_player.o
 .text.gbt_ch1234_event
                0x0801260c       0x24 gbt_player.o
 .text.gbt_ch1_pan
                0x08012630       0x10 gbt_player.o
 .text.gbt_ch1_cut_note
                0x08012640       0x10 gbt_player.o
 .text.gbt_ch1_arpeggio
                0x08012650       0x38 gbt_player.o
 .text.gbt_ch1_vibrato
                0x08012688       0x20 gbt_player.o
 .text.gbt_ch1_volslide
                0x080126a8       0x10 gbt_player.o
 .text.gbt_ch2_pan
                0x080126b8       0x10 gbt_player.o
 .text.gbt_ch2_cut_note
                0x080126c8       0x10 gbt_player.o
 .text.gbt_ch2_arpeggio
                0x080126d8       0x38 gbt_player.o
 .text.gbt_ch2_vibrato
                0x08012710       0x20 gbt_player.o
 .text.gbt_ch2_volslide
                0x08012730       0x10 gbt_player.o
 .text.gbt_ch3_pan
                0x08012740       0x10 gbt_player.o
 .text.gbt_ch3_cut_note
                0x08012750       0x10 gbt_player.o
 .text.gbt_ch3_arpeggio
                0x08012760       0x38 gbt_player.o
 .text.gbt_ch3_vibrato
                0x08012798       0x20 gbt_player.o
 .text.gbt_ch4_pan
                0x080127b8       0x14 gbt_player.o
 .text.gbt_ch4_cut_note
                0x080127cc       0x10 gbt_player.o
 .text.gbt_ch4_volslide
                0x080127dc       0x10 gbt_player.o
 .text.gbt_update_refresh_panning
                0x080127ec       0x54 gbt_player.o
 .text.gbt_run_startup_commands.part.0
                0x08012840       0xc8 gbt_player.o
 .text.gbt_update_effects_internal
                0x08012908      0x2cc gbt_player.o
 .text.gbt_play
                0x08012bd4      0x1dc gbt_player.o
                0x08012bd4                gbt_play
 .text.gbt_volume
                0x08012db0       0x68 gbt_player.o
                0x08012db0                gbt_volume
 .text.gbt_is_playing
                0x08012e18        0xc gbt_player.o
                0x08012e18                gbt_is_playing
 .text.gbt_pause
                0x08012e24       0x48 gbt_player.o
                0x08012e24                gbt_pause
 .text.gbt_loop
                0x08012e6c        0xc gbt_player.o
                0x08012e6c                gbt_loop
 .text.gbt_stop
                0x08012e78       0x24 gbt_player.o
                0x08012e78                gbt_stop
 .text.gbt_update
                0x08012e9c      0x65c gbt_player.o
                0x08012e9c                gbt_update
 .text.gbt_get_position_unsafe
                0x080134f8       0x24 gbt_player.o
                0x080134f8                gbt_get_position_unsafe
 .text.gbt_set_position
                0x0801351c       0xf0 gbt_player.o
                0x0801351c                gbt_set_position
 .text.advgm_play
                0x0801360c       0xb8 advgm.o
                0x0801360c                advgm_play
 .text.advgm_stop
                0x080136c4       0x9c advgm.o
                0x080136c4                advgm_stop
 .text.advgm_update
                0x08013760       0xb0 advgm.o
                0x08013760                advgm_update
 .text.advgm_pause
                0x08013810       0x2c advgm.o
                0x08013810                advgm_pause
 .text.advgm_resume
                0x0801383c       0x1c advgm.o
                0x0801383c                advgm_resume
 .text.advgm_playing
                0x08013858        0xc advgm.o
                0x08013858                advgm_playing
 .text.advgm_get_music_offset
                0x08013864       0x18 advgm.o
                0x08013864                advgm_get_music_offset
 .text.advgm_set_music_offset
                0x0801387c       0x14 advgm.o
                0x0801387c                advgm_set_music_offset
 .text          0x08013890       0x8c tonc_bios.o
                0x08013890                SoftReset
                0x08013894                RegisterRamReset
                0x08013898                Halt
                0x0801389c                Stop
                0x080138a0                IntrWait
                0x080138a4                VBlankIntrWait
                0x080138a8                Div
                0x080138ac                DivArm
                0x080138b0                Sqrt
                0x080138b4                ArcTan
                0x080138b8                ArcTan2
                0x080138bc                CpuSet
                0x080138c0                CpuFastSet
                0x080138c4                BiosCheckSum
                0x080138c8                BgAffineSet
                0x080138cc                ObjAffineSet
                0x080138d0                BitUnPack
                0x080138d4                LZ77UnCompWram
                0x080138d8                LZ77UnCompVram
                0x080138dc                HuffUnComp
                0x080138e0                RLUnCompWram
                0x080138e4                RLUnCompVram
                0x080138e8                Diff8bitUnFilterWram
                0x080138ec                Diff8bitUnFilterVram
                0x080138f0                Diff16bitUnFilter
                0x080138f4                SoundBias
                0x080138f8                SoundDriverInit
                0x080138fc                SoundDriverMode
                0x08013900                SoundDriverMain
                0x08013904                SoundDriverVSync
                0x08013908                SoundChannelClear
                0x0801390c                MidiKey2Freq
                0x08013910                MultiBoot
                0x08013914                SoundDriverVSyncOff
                0x08013918                SoundDriverVSyncOn
 .text          0x0801391c       0x3c tonc_memset.o
                0x0801391c                memset16
 .text          0x08013958      0x26c posprintf.o
                0x0801395c                posprintf
 .text          0x08013bc4       0x6c memset.o
                0x08013bc4                __agbabi_wordset4
                0x08013bc8                __agbabi_lwordset4
 .text.__stub   0x08013c30      0x154 linker stubs
 *(.gnu.linkonce.t.*)
 *(.text.*personality*)
 *(.gnu.warning)
 *(.glue_7t)
 .glue_7t       0x08013d84        0x0 linker stubs
 *(.glue_7)
 .glue_7        0x08013d84        0x0 linker stubs
 *(.vfp11_veneer)
 .vfp11_veneer  0x08013d84        0x0 linker stubs
                0x08013d84                        . = ALIGN (0x4)
                0x08013de8                        __text_end = .

.v4_bx          0x08013de8        0x0
 .v4_bx         0x08013de8        0x0 linker stubs

.iplt           0x08013de8        0x0
 .iplt          0x08013de8        0x0 C:/devkitPro/devkitARM/bin/../lib/gcc/arm-none-eabi/15.2.0/../../../../arm-none-eabi/lib/thumb/gba_crt0.o

.fini           0x08013de8        0xc
 *(.fini)
 .fini          0x08013de8        0x4 C:/devkitPro/devkitARM/bin/../lib/gcc/arm-none-eabi/15.2.0/thumb/crti.o
                0x08013de8                _fini
 .fini          0x08013dec        0x8 C:/devkitPro/devkitARM/bin/../lib/gcc/arm-none-eabi/15.2.0/thumb/crtn.o
                0x08013df4                        . = ALIGN (0x4)

.rodata         0x08013df4     0x69bc
 *(.rodata)
 .rodata        0x08013df4      0x220 ima_bn_gfx.o
                0x08013df4                ima_bn_gfxTiles
                0x08013ff4                ima_bn_gfxPal
 .rodata        0x08014014      0x220 ima2_bn_gfx.o
                0x08014014                ima2_bn_gfxTiles
                0x08014214                ima2_bn_gfxPal
 .rodata        0x08014234      0x220 ima3_bn_gfx.o
                0x08014234                ima3_bn_gfxTiles
                0x08014434                ima3_bn_gfxPal
 .rodata        0x08014454      0x220 imaback_bn_gfx.o
                0x08014454                imaback_bn_gfxTiles
                0x08014654                imaback_bn_gfxPal
 .rodata        0x08014674     0x1ba0 common_variable_8x16_font_bn_gfx.o
                0x08014674                common_variable_8x16_font_bn_gfxTiles
                0x080161f4                common_variable_8x16_font_bn_gfxPal
 .rodata        0x08016214       0x9c main.o
 .rodata        0x080162b0        0x8 bn_core.o
 .rodata        0x080162b8        0x6 bn_sprite_text_generator.o
 *fill*         0x080162be        0x2 ff
 .rodata        0x080162c0       0x10 bn_sprite_tiles_manager.o
 .rodata        0x080162d0        0xa mas.o
 *fill*         0x080162da        0x2 ff
 .rodata        0x080162dc       0x90 gbt_player.o
 .rodata        0x0801636c      0xef8 verdana9.o
                0x0801636c                verdana9Font
                0x08016384                verdana9Glyphs
                0x08017184                verdana9Widths
 *all.rodata*(*)
 *(.roda)
 *(.rodata.*)
 .rodata.bn_audio_soundbank_bin
                0x08017264        0xc bn_audio_soundbank.bin.o
                0x08017264                bn_audio_soundbank_bin
                0x08017270                bn_audio_soundbank_bin_end
 .rodata._ZZ4mainENKUlvE_clEv.str1.4
                0x08017270     0x1995 main.o
                                 0x29 (size before relaxing)
 *fill*         0x08018c05        0x3 ff
 .rodata._Z18mostrar_cara_cartaR5Carta
                0x08018c08       0x1c main.o
 .rodata._ZN2bn7ivectorI5CartaEixEi.str1.4
                0x08018c24        0x0 main.o
                                 0x3c (size before relaxing)
 .rodata.main.str1.4
                0x08018c24        0x0 main.o
                                 0x65 (size before relaxing)
 .rodata._ZN2bn12sprite_items4ima3E
                0x08018c24       0x1c main.o
                0x08018c24                _ZN2bn12sprite_items4ima3E
 .rodata._ZN2bn12sprite_items4ima2E
                0x08018c40       0x1c main.o
                0x08018c40                _ZN2bn12sprite_items4ima2E